STM32F103C6_EXTI_Driver.c:30:6:Enable_NVIC	16	static
STM32F103C6_EXTI_Driver.c:67:6:Disable_NVIC	16	static
STM32F103C6_EXTI_Driver.c:105:6:Update_EXTI	24	static
STM32F103C6_EXTI_Driver.c:174:6:MCAL_EXTI_GPIO_Init	16	static
STM32F103C6_EXTI_Driver.c:186:6:MCAL_EXTI_GPIO_DeInit	4	static
STM32F103C6_EXTI_Driver.c:222:6:MCAL_EXTI_GPIO_Update	16	static
STM32F103C6_EXTI_Driver.c:231:6:EXTI0_IRQHandler	8	static
STM32F103C6_EXTI_Driver.c:239:6:EXTI1_IRQHandler	8	static
STM32F103C6_EXTI_Driver.c:246:6:EXTI2_IRQHandler	8	static
STM32F103C6_EXTI_Driver.c:253:6:EXTI3_IRQHandler	8	static
STM32F103C6_EXTI_Driver.c:260:6:EXTI4_IRQHandler	8	static
STM32F103C6_EXTI_Driver.c:267:6:EXTI9_5_IRQHandler	8	static
STM32F103C6_EXTI_Driver.c:275:6:EXTI15_10_IRQHandler	8	static
