Archive member included to satisfy reference by file (symbol)

d:/programs/stm32cubeide_1.4.0/stm32cubeide/plugins/com.st.stm32cube.ide.mcu.externaltools.gnu-tools-for-stm32.7-2018-q2-update.win32_1.4.0.202007081208/tools/bin/../lib/gcc/arm-none-eabi/7.3.1/../../../../arm-none-eabi/lib/thumb/v7-m\libc_nano.a(lib_a-errno.o)
                              Core/Src/syscalls.o (__errno)
d:/programs/stm32cubeide_1.4.0/stm32cubeide/plugins/com.st.stm32cube.ide.mcu.externaltools.gnu-tools-for-stm32.7-2018-q2-update.win32_1.4.0.202007081208/tools/bin/../lib/gcc/arm-none-eabi/7.3.1/../../../../arm-none-eabi/lib/thumb/v7-m\libc_nano.a(lib_a-exit.o)
                              d:/programs/stm32cubeide_1.4.0/stm32cubeide/plugins/com.st.stm32cube.ide.mcu.externaltools.gnu-tools-for-stm32.7-2018-q2-update.win32_1.4.0.202007081208/tools/bin/../lib/gcc/arm-none-eabi/7.3.1/../../../../arm-none-eabi/lib/thumb/v7-m/crt0.o (exit)
d:/programs/stm32cubeide_1.4.0/stm32cubeide/plugins/com.st.stm32cube.ide.mcu.externaltools.gnu-tools-for-stm32.7-2018-q2-update.win32_1.4.0.202007081208/tools/bin/../lib/gcc/arm-none-eabi/7.3.1/../../../../arm-none-eabi/lib/thumb/v7-m\libc_nano.a(lib_a-impure.o)
                              d:/programs/stm32cubeide_1.4.0/stm32cubeide/plugins/com.st.stm32cube.ide.mcu.externaltools.gnu-tools-for-stm32.7-2018-q2-update.win32_1.4.0.202007081208/tools/bin/../lib/gcc/arm-none-eabi/7.3.1/../../../../arm-none-eabi/lib/thumb/v7-m\libc_nano.a(lib_a-exit.o) (_global_impure_ptr)
d:/programs/stm32cubeide_1.4.0/stm32cubeide/plugins/com.st.stm32cube.ide.mcu.externaltools.gnu-tools-for-stm32.7-2018-q2-update.win32_1.4.0.202007081208/tools/bin/../lib/gcc/arm-none-eabi/7.3.1/../../../../arm-none-eabi/lib/thumb/v7-m\libc_nano.a(lib_a-init.o)
                              d:/programs/stm32cubeide_1.4.0/stm32cubeide/plugins/com.st.stm32cube.ide.mcu.externaltools.gnu-tools-for-stm32.7-2018-q2-update.win32_1.4.0.202007081208/tools/bin/../lib/gcc/arm-none-eabi/7.3.1/../../../../arm-none-eabi/lib/thumb/v7-m/crt0.o (__libc_init_array)
d:/programs/stm32cubeide_1.4.0/stm32cubeide/plugins/com.st.stm32cube.ide.mcu.externaltools.gnu-tools-for-stm32.7-2018-q2-update.win32_1.4.0.202007081208/tools/bin/../lib/gcc/arm-none-eabi/7.3.1/../../../../arm-none-eabi/lib/thumb/v7-m\libc_nano.a(lib_a-memset.o)
                              d:/programs/stm32cubeide_1.4.0/stm32cubeide/plugins/com.st.stm32cube.ide.mcu.externaltools.gnu-tools-for-stm32.7-2018-q2-update.win32_1.4.0.202007081208/tools/bin/../lib/gcc/arm-none-eabi/7.3.1/../../../../arm-none-eabi/lib/thumb/v7-m/crt0.o (memset)

Allocating common symbols
Common symbol       size              file

hcan                0x28              Core/Src/main.o
uwTick              0x4               Drivers/STM32F1xx_HAL_Driver/Src/stm32f1xx_hal.o
pFlash              0x20              Drivers/STM32F1xx_HAL_Driver/Src/stm32f1xx_hal_flash.o

Discarded input sections

 .text          0x0000000000000000        0x0 d:/programs/stm32cubeide_1.4.0/stm32cubeide/plugins/com.st.stm32cube.ide.mcu.externaltools.gnu-tools-for-stm32.7-2018-q2-update.win32_1.4.0.202007081208/tools/bin/../lib/gcc/arm-none-eabi/7.3.1/thumb/v7-m/crti.o
 .data          0x0000000000000000        0x0 d:/programs/stm32cubeide_1.4.0/stm32cubeide/plugins/com.st.stm32cube.ide.mcu.externaltools.gnu-tools-for-stm32.7-2018-q2-update.win32_1.4.0.202007081208/tools/bin/../lib/gcc/arm-none-eabi/7.3.1/thumb/v7-m/crti.o
 .bss           0x0000000000000000        0x0 d:/programs/stm32cubeide_1.4.0/stm32cubeide/plugins/com.st.stm32cube.ide.mcu.externaltools.gnu-tools-for-stm32.7-2018-q2-update.win32_1.4.0.202007081208/tools/bin/../lib/gcc/arm-none-eabi/7.3.1/thumb/v7-m/crti.o
 .data          0x0000000000000000        0x4 d:/programs/stm32cubeide_1.4.0/stm32cubeide/plugins/com.st.stm32cube.ide.mcu.externaltools.gnu-tools-for-stm32.7-2018-q2-update.win32_1.4.0.202007081208/tools/bin/../lib/gcc/arm-none-eabi/7.3.1/thumb/v7-m/crtbegin.o
 .text          0x0000000000000000       0x74 d:/programs/stm32cubeide_1.4.0/stm32cubeide/plugins/com.st.stm32cube.ide.mcu.externaltools.gnu-tools-for-stm32.7-2018-q2-update.win32_1.4.0.202007081208/tools/bin/../lib/gcc/arm-none-eabi/7.3.1/../../../../arm-none-eabi/lib/thumb/v7-m/crt0.o
 .data          0x0000000000000000        0x0 d:/programs/stm32cubeide_1.4.0/stm32cubeide/plugins/com.st.stm32cube.ide.mcu.externaltools.gnu-tools-for-stm32.7-2018-q2-update.win32_1.4.0.202007081208/tools/bin/../lib/gcc/arm-none-eabi/7.3.1/../../../../arm-none-eabi/lib/thumb/v7-m/crt0.o
 .bss           0x0000000000000000        0x0 d:/programs/stm32cubeide_1.4.0/stm32cubeide/plugins/com.st.stm32cube.ide.mcu.externaltools.gnu-tools-for-stm32.7-2018-q2-update.win32_1.4.0.202007081208/tools/bin/../lib/gcc/arm-none-eabi/7.3.1/../../../../arm-none-eabi/lib/thumb/v7-m/crt0.o
[...]
Memory Configuration

Name             Origin             Length             Attributes
RAM              0x0000000020000000 0x0000000000005000 xrw
FLASH            0x0000000008000000 0x0000000000010000 xr
*default*        0x0000000000000000 0xffffffffffffffff

Linker script and memory map

LOAD d:/programs/stm32cubeide_1.4.0/stm32cubeide/plugins/com.st.stm32cube.ide.mcu.externaltools.gnu-tools-for-stm32.7-2018-q2-update.win32_1.4.0.202007081208/tools/bin/../lib/gcc/arm-none-eabi/7.3.1/thumb/v7-m/crti.o
LOAD d:/programs/stm32cubeide_1.4.0/stm32cubeide/plugins/com.st.stm32cube.ide.mcu.externaltools.gnu-tools-for-stm32.7-2018-q2-update.win32_1.4.0.202007081208/tools/bin/../lib/gcc/arm-none-eabi/7.3.1/thumb/v7-m/crtbegin.o
LOAD d:/programs/stm32cubeide_1.4.0/stm32cubeide/plugins/com.st.stm32cube.ide.mcu.externaltools.gnu-tools-for-stm32.7-2018-q2-update.win32_1.4.0.202007081208/tools/bin/../lib/gcc/arm-none-eabi/7.3.1/../../../../arm-none-eabi/lib/thumb/v7-m/crt0.o
LOAD Core/Src/main.o
LOAD Core/Src/stm32f1xx_hal_msp.o
LOAD Core/Src/stm32f1xx_it.o
LOAD Core/Src/syscalls.o
LOAD Core/Src/sysmem.o
LOAD Core/Src/system_stm32f1xx.o
LOAD Core/Startup/startup_stm32f103c8tx.o
LOAD Drivers/STM32F1xx_HAL_Driver/Src/stm32f1xx_hal.o
LOAD Drivers/STM32F1xx_HAL_Driver/Src/stm32f1xx_hal_can.o
LOAD Drivers/STM32F1xx_HAL_Driver/Src/stm32f1xx_hal_cortex.o
LOAD Drivers/STM32F1xx_HAL_Driver/Src/stm32f1xx_hal_dma.o
LOAD Drivers/STM32F1xx_HAL_Driver/Src/stm32f1xx_hal_exti.o
LOAD Drivers/STM32F1xx_HAL_Driver/Src/stm32f1xx_hal_flash.o
LOAD Drivers/STM32F1xx_HAL_Driver/Src/stm32f1xx_hal_flash_ex.o
LOAD Drivers/STM32F1xx_HAL_Driver/Src/stm32f1xx_hal_gpio.o
LOAD Drivers/STM32F1xx_HAL_Driver/Src/stm32f1xx_hal_gpio_ex.o
LOAD Drivers/STM32F1xx_HAL_Driver/Src/stm32f1xx_hal_pwr.o
LOAD Drivers/STM32F1xx_HAL_Driver/Src/stm32f1xx_hal_rcc.o
LOAD Drivers/STM32F1xx_HAL_Driver/Src/stm32f1xx_hal_rcc_ex.o
LOAD Drivers/STM32F1xx_HAL_Driver/Src/stm32f1xx_hal_tim.o
LOAD Drivers/STM32F1xx_HAL_Driver/Src/stm32f1xx_hal_tim_ex.o
START GROUP
LOAD d:/programs/stm32cubeide_1.4.0/stm32cubeide/plugins/com.st.stm32cube.ide.mcu.externaltools.gnu-tools-for-stm32.7-2018-q2-update.win32_1.4.0.202007081208/tools/bin/../lib/gcc/arm-none-eabi/7.3.1/../../../../arm-none-eabi/lib/thumb/v7-m\libc_nano.a
LOAD d:/programs/stm32cubeide_1.4.0/stm32cubeide/plugins/com.st.stm32cube.ide.mcu.externaltools.gnu-tools-for-stm32.7-2018-q2-update.win32_1.4.0.202007081208/tools/bin/../lib/gcc/arm-none-eabi/7.3.1/../../../../arm-none-eabi/lib/thumb/v7-m\libm.a
END GROUP
START GROUP
LOAD d:/programs/stm32cubeide_1.4.0/stm32cubeide/plugins/com.st.stm32cube.ide.mcu.externaltools.gnu-tools-for-stm32.7-2018-q2-update.win32_1.4.0.202007081208/tools/bin/../lib/gcc/arm-none-eabi/7.3.1/thumb/v7-m\libgcc.a
LOAD d:/programs/stm32cubeide_1.4.0/stm32cubeide/plugins/com.st.stm32cube.ide.mcu.externaltools.gnu-tools-for-stm32.7-2018-q2-update.win32_1.4.0.202007081208/tools/bin/../lib/gcc/arm-none-eabi/7.3.1/../../../../arm-none-eabi/lib/thumb/v7-m\libc_nano.a
END GROUP
START GROUP
LOAD d:/programs/stm32cubeide_1.4.0/stm32cubeide/plugins/com.st.stm32cube.ide.mcu.externaltools.gnu-tools-for-stm32.7-2018-q2-update.win32_1.4.0.202007081208/tools/bin/../lib/gcc/arm-none-eabi/7.3.1/thumb/v7-m\libgcc.a
LOAD d:/programs/stm32cubeide_1.4.0/stm32cubeide/plugins/com.st.stm32cube.ide.mcu.externaltools.gnu-tools-for-stm32.7-2018-q2-update.win32_1.4.0.202007081208/tools/bin/../lib/gcc/arm-none-eabi/7.3.1/../../../../arm-none-eabi/lib/thumb/v7-m\libc_nano.a
LOAD d:/programs/stm32cubeide_1.4.0/stm32cubeide/plugins/com.st.stm32cube.ide.mcu.externaltools.gnu-tools-for-stm32.7-2018-q2-update.win32_1.4.0.202007081208/tools/bin/../lib/gcc/arm-none-eabi/7.3.1/../../../../arm-none-eabi/lib/thumb/v7-m\libnosys.a
END GROUP
START GROUP
LOAD d:/programs/stm32cubeide_1.4.0/stm32cubeide/plugins/com.st.stm32cube.ide.mcu.externaltools.gnu-tools-for-stm32.7-2018-q2-update.win32_1.4.0.202007081208/tools/bin/../lib/gcc/arm-none-eabi/7.3.1/thumb/v7-m\libgcc.a
LOAD d:/programs/stm32cubeide_1.4.0/stm32cubeide/plugins/com.st.stm32cube.ide.mcu.externaltools.gnu-tools-for-stm32.7-2018-q2-update.win32_1.4.0.202007081208/tools/bin/../lib/gcc/arm-none-eabi/7.3.1/../../../../arm-none-eabi/lib/thumb/v7-m\libc_nano.a
LOAD d:/programs/stm32cubeide_1.4.0/stm32cubeide/plugins/com.st.stm32cube.ide.mcu.externaltools.gnu-tools-for-stm32.7-2018-q2-update.win32_1.4.0.202007081208/tools/bin/../lib/gcc/arm-none-eabi/7.3.1/../../../../arm-none-eabi/lib/thumb/v7-m\libnosys.a
END GROUP
LOAD d:/programs/stm32cubeide_1.4.0/stm32cubeide/plugins/com.st.stm32cube.ide.mcu.externaltools.gnu-tools-for-stm32.7-2018-q2-update.win32_1.4.0.202007081208/tools/bin/../lib/gcc/arm-none-eabi/7.3.1/thumb/v7-m/crtend.o
LOAD d:/programs/stm32cubeide_1.4.0/stm32cubeide/plugins/com.st.stm32cube.ide.mcu.externaltools.gnu-tools-for-stm32.7-2018-q2-update.win32_1.4.0.202007081208/tools/bin/../lib/gcc/arm-none-eabi/7.3.1/thumb/v7-m/crtn.o
                0x0000000020005000                _estack = (ORIGIN (RAM) + LENGTH (RAM))
                0x0000000000000200                _Min_Heap_Size = 0x200
                0x0000000000000400                _Min_Stack_Size = 0x400

.isr_vector     0x0000000008000000      0x10c
                0x0000000008000000                . = ALIGN (0x4)
 *(.isr_vector)
 .isr_vector    0x0000000008000000      0x10c Core/Startup/startup_stm32f103c8tx.o
                0x0000000008000000                g_pfnVectors
                0x000000000800010c                . = ALIGN (0x4)

.text           0x000000000800010c     0x162c
                0x000000000800010c                . = ALIGN (0x4)
 *(.text)
 .text          0x000000000800010c       0x40 d:/programs/stm32cubeide_1.4.0/stm32cubeide/plugins/com.st.stm32cube.ide.mcu.externaltools.gnu-tools-for-stm32.7-2018-q2-update.win32_1.4.0.202007081208/tools/bin/../lib/gcc/arm-none-eabi/7.3.1/thumb/v7-m/crtbegin.o
 *(.text*)
 .text.CAN_TX   0x000000000800014c       0x74 Core/Src/main.o
                0x000000000800014c                CAN_TX
 .text.main     0x00000000080001c0       0x50 Core/Src/main.o
                0x00000000080001c0                main
 .text.SystemClock_Config
                0x0000000008000210       0x76 Core/Src/main.o
                0x0000000008000210                SystemClock_Config
 *fill*         0x0000000008000286        0x2 
 .text.MX_CAN_Init
                0x0000000008000288       0x6c Core/Src/main.o
 .text.MX_GPIO_Init
                0x00000000080002f4       0x2c Core/Src/main.o
 .text.Error_Handler
                0x0000000008000320        0xc Core/Src/main.o
                0x0000000008000320                Error_Handler
 .text.HAL_MspInit
                0x000000000800032c       0x64 Core/Src/stm32f1xx_hal_msp.o
                0x000000000800032c                HAL_MspInit
 .text.HAL_CAN_MspInit
                0x0000000008000390       0x98 Core/Src/stm32f1xx_hal_msp.o
                0x0000000008000390                HAL_CAN_MspInit
 .text.NMI_Handler
                0x0000000008000428        0xc Core/Src/stm32f1xx_it.o
                0x0000000008000428                NMI_Handler
 .text.HardFault_Handler
                0x0000000008000434        0x6 Core/Src/stm32f1xx_it.o
                0x0000000008000434                HardFault_Handler
 .text.MemManage_Handler
                0x000000000800043a        0x6 Core/Src/stm32f1xx_it.o
                0x000000000800043a                MemManage_Handler
 .text.BusFault_Handler
                0x0000000008000440        0x6 Core/Src/stm32f1xx_it.o
                0x0000000008000440                BusFault_Handler
 .text.UsageFault_Handler
                0x0000000008000446        0x6 Core/Src/stm32f1xx_it.o
                0x0000000008000446                UsageFault_Handler
 .text.SVC_Handler
                0x000000000800044c        0xc Core/Src/stm32f1xx_it.o
                0x000000000800044c                SVC_Handler
 .text.DebugMon_Handler
                0x0000000008000458        0xc Core/Src/stm32f1xx_it.o
                0x0000000008000458                DebugMon_Handler
 .text.PendSV_Handler
                0x0000000008000464        0xc Core/Src/stm32f1xx_it.o
                0x0000000008000464                PendSV_Handler
 .text.SysTick_Handler
                0x0000000008000470        0xc Core/Src/stm32f1xx_it.o
                0x0000000008000470                SysTick_Handler
 .text.SystemInit
                0x000000000800047c        0xc Core/Src/system_stm32f1xx.o
                0x000000000800047c                SystemInit
 .text.Reset_Handler
                0x0000000008000488       0x48 Core/Startup/startup_stm32f103c8tx.o
                0x0000000008000488                Reset_Handler
 .text.Default_Handler
                0x00000000080004d0        0x2 Core/Startup/startup_stm32f103c8tx.o
                0x00000000080004d0                RTC_Alarm_IRQHandler
                0x00000000080004d0                EXTI2_IRQHandler
                0x00000000080004d0                TIM1_CC_IRQHandler
                0x00000000080004d0                PVD_IRQHandler
                0x00000000080004d0                EXTI3_IRQHandler
                0x00000000080004d0                EXTI0_IRQHandler
                0x00000000080004d0                I2C2_EV_IRQHandler
                0x00000000080004d0                ADC1_2_IRQHandler
                0x00000000080004d0                SPI1_IRQHandler
                0x00000000080004d0                TAMPER_IRQHandler
                0x00000000080004d0                DMA1_Channel4_IRQHandler
                0x00000000080004d0                USART3_IRQHandler
                0x00000000080004d0                RTC_IRQHandler
                0x00000000080004d0                DMA1_Channel7_IRQHandler
                0x00000000080004d0                CAN1_RX1_IRQHandler
                0x00000000080004d0                TIM4_IRQHandler
                0x00000000080004d0                I2C1_EV_IRQHandler
                0x00000000080004d0                DMA1_Channel6_IRQHandler
                0x00000000080004d0                TIM3_IRQHandler
                0x00000000080004d0                RCC_IRQHandler
                0x00000000080004d0                TIM1_TRG_COM_IRQHandler
                0x00000000080004d0                DMA1_Channel1_IRQHandler
                0x00000000080004d0                Default_Handler
                0x00000000080004d0                EXTI15_10_IRQHandler
                0x00000000080004d0                EXTI9_5_IRQHandler
                0x00000000080004d0                SPI2_IRQHandler
                0x00000000080004d0                DMA1_Channel5_IRQHandler
                0x00000000080004d0                EXTI4_IRQHandler
                0x00000000080004d0                USB_LP_CAN1_RX0_IRQHandler
                0x00000000080004d0                USB_HP_CAN1_TX_IRQHandler
                0x00000000080004d0                DMA1_Channel3_IRQHandler
                0x00000000080004d0                TIM1_UP_IRQHandler
                0x00000000080004d0                WWDG_IRQHandler
                0x00000000080004d0                TIM2_IRQHandler
                0x00000000080004d0                TIM1_BRK_IRQHandler
                0x00000000080004d0                EXTI1_IRQHandler
                0x00000000080004d0                USART2_IRQHandler
                0x00000000080004d0                I2C2_ER_IRQHandler
                0x00000000080004d0                DMA1_Channel2_IRQHandler
                0x00000000080004d0                CAN1_SCE_IRQHandler
                0x00000000080004d0                FLASH_IRQHandler
                0x00000000080004d0                USART1_IRQHandler
                0x00000000080004d0                I2C1_ER_IRQHandler
                0x00000000080004d0                USBWakeUp_IRQHandler
 *fill*         0x00000000080004d2        0x2 
 .text.HAL_Init
                0x00000000080004d4       0x2c Drivers/STM32F1xx_HAL_Driver/Src/stm32f1xx_hal.o
                0x00000000080004d4                HAL_Init
 .text.HAL_InitTick
                0x0000000008000500       0x60 Drivers/STM32F1xx_HAL_Driver/Src/stm32f1xx_hal.o
                0x0000000008000500                HAL_InitTick
 .text.HAL_IncTick
                0x0000000008000560       0x24 Drivers/STM32F1xx_HAL_Driver/Src/stm32f1xx_hal.o
                0x0000000008000560                HAL_IncTick
 .text.HAL_GetTick
                0x0000000008000584       0x14 Drivers/STM32F1xx_HAL_Driver/Src/stm32f1xx_hal.o
                0x0000000008000584                HAL_GetTick
 .text.HAL_CAN_Init
                0x0000000008000598      0x1f6 Drivers/STM32F1xx_HAL_Driver/Src/stm32f1xx_hal_can.o
                0x0000000008000598                HAL_CAN_Init
 .text.HAL_CAN_Start
                0x000000000800078e       0x88 Drivers/STM32F1xx_HAL_Driver/Src/stm32f1xx_hal_can.o
                0x000000000800078e                HAL_CAN_Start
 .text.HAL_CAN_AddTxMessage
                0x0000000008000816      0x1b4 Drivers/STM32F1xx_HAL_Driver/Src/stm32f1xx_hal_can.o
                0x0000000008000816                HAL_CAN_AddTxMessage
 .text.HAL_CAN_GetTxMailboxesFreeLevel
                0x00000000080009ca       0x68 Drivers/STM32F1xx_HAL_Driver/Src/stm32f1xx_hal_can.o
                0x00000000080009ca                HAL_CAN_GetTxMailboxesFreeLevel
 .text.HAL_CAN_IsTxMessagePending
                0x0000000008000a32       0x46 Drivers/STM32F1xx_HAL_Driver/Src/stm32f1xx_hal_can.o
                0x0000000008000a32                HAL_CAN_IsTxMessagePending
 .text.__NVIC_SetPriorityGrouping
                0x0000000008000a78       0x48 Drivers/STM32F1xx_HAL_Driver/Src/stm32f1xx_hal_cortex.o
 .text.__NVIC_GetPriorityGrouping
                0x0000000008000ac0       0x1c Drivers/STM32F1xx_HAL_Driver/Src/stm32f1xx_hal_cortex.o
 .text.__NVIC_SetPriority
                0x0000000008000adc       0x54 Drivers/STM32F1xx_HAL_Driver/Src/stm32f1xx_hal_cortex.o
 .text.NVIC_EncodePriority
                0x0000000008000b30       0x64 Drivers/STM32F1xx_HAL_Driver/Src/stm32f1xx_hal_cortex.o
 .text.SysTick_Config
                0x0000000008000b94       0x44 Drivers/STM32F1xx_HAL_Driver/Src/stm32f1xx_hal_cortex.o
 .text.HAL_NVIC_SetPriorityGrouping
                0x0000000008000bd8       0x16 Drivers/STM32F1xx_HAL_Driver/Src/stm32f1xx_hal_cortex.o
                0x0000000008000bd8                HAL_NVIC_SetPriorityGrouping
 .text.HAL_NVIC_SetPriority
                0x0000000008000bee       0x38 Drivers/STM32F1xx_HAL_Driver/Src/stm32f1xx_hal_cortex.o
                0x0000000008000bee                HAL_NVIC_SetPriority
 .text.HAL_SYSTICK_Config
                0x0000000008000c26       0x18 Drivers/STM32F1xx_HAL_Driver/Src/stm32f1xx_hal_cortex.o
                0x0000000008000c26                HAL_SYSTICK_Config
 *fill*         0x0000000008000c3e        0x2 
 .text.HAL_GPIO_Init
                0x0000000008000c40      0x2b4 Drivers/STM32F1xx_HAL_Driver/Src/stm32f1xx_hal_gpio.o
                0x0000000008000c40                HAL_GPIO_Init
 .text.HAL_RCC_OscConfig
                0x0000000008000ef4      0x500 Drivers/STM32F1xx_HAL_Driver/Src/stm32f1xx_hal_rcc.o
                0x0000000008000ef4                HAL_RCC_OscConfig
 .text.HAL_RCC_ClockConfig
                0x00000000080013f4      0x1d4 Drivers/STM32F1xx_HAL_Driver/Src/stm32f1xx_hal_rcc.o
                0x00000000080013f4                HAL_RCC_ClockConfig
 .text.HAL_RCC_GetSysClockFreq
                0x00000000080015c8       0xc4 Drivers/STM32F1xx_HAL_Driver/Src/stm32f1xx_hal_rcc.o
                0x00000000080015c8                HAL_RCC_GetSysClockFreq
 .text.RCC_Delay
                0x000000000800168c       0x3c Drivers/STM32F1xx_HAL_Driver/Src/stm32f1xx_hal_rcc.o
 .text.__libc_init_array
                0x00000000080016c8       0x48 d:/programs/stm32cubeide_1.4.0/stm32cubeide/plugins/com.st.stm32cube.ide.mcu.externaltools.gnu-tools-for-stm32.7-2018-q2-update.win32_1.4.0.202007081208/tools/bin/../lib/gcc/arm-none-eabi/7.3.1/../../../../arm-none-eabi/lib/thumb/v7-m\libc_nano.a(lib_a-init.o)
                0x00000000080016c8                __libc_init_array
 .text.memset   0x0000000008001710       0x10 d:/programs/stm32cubeide_1.4.0/stm32cubeide/plugins/com.st.stm32cube.ide.mcu.externaltools.gnu-tools-for-stm32.7-2018-q2-update.win32_1.4.0.202007081208/tools/bin/../lib/gcc/arm-none-eabi/7.3.1/../../../../arm-none-eabi/lib/thumb/v7-m\libc_nano.a(lib_a-memset.o)
                0x0000000008001710                memset
 *(.glue_7)
 .glue_7        0x0000000008001720        0x0 linker stubs
 *(.glue_7t)
 .glue_7t       0x0000000008001720        0x0 linker stubs
 *(.eh_frame)
 .eh_frame      0x0000000008001720        0x0 d:/programs/stm32cubeide_1.4.0/stm32cubeide/plugins/com.st.stm32cube.ide.mcu.externaltools.gnu-tools-for-stm32.7-2018-q2-update.win32_1.4.0.202007081208/tools/bin/../lib/gcc/arm-none-eabi/7.3.1/thumb/v7-m/crtbegin.o
 *(.init)
 .init          0x0000000008001720        0x4 d:/programs/stm32cubeide_1.4.0/stm32cubeide/plugins/com.st.stm32cube.ide.mcu.externaltools.gnu-tools-for-stm32.7-2018-q2-update.win32_1.4.0.202007081208/tools/bin/../lib/gcc/arm-none-eabi/7.3.1/thumb/v7-m/crti.o
                0x0000000008001720                _init
 .init          0x0000000008001724        0x8 d:/programs/stm32cubeide_1.4.0/stm32cubeide/plugins/com.st.stm32cube.ide.mcu.externaltools.gnu-tools-for-stm32.7-2018-q2-update.win32_1.4.0.202007081208/tools/bin/../lib/gcc/arm-none-eabi/7.3.1/thumb/v7-m/crtn.o
 *(.fini)
 .fini          0x000000000800172c        0x4 d:/programs/stm32cubeide_1.4.0/stm32cubeide/plugins/com.st.stm32cube.ide.mcu.externaltools.gnu-tools-for-stm32.7-2018-q2-update.win32_1.4.0.202007081208/tools/bin/../lib/gcc/arm-none-eabi/7.3.1/thumb/v7-m/crti.o
                0x000000000800172c                _fini
 .fini          0x0000000008001730        0x8 d:/programs/stm32cubeide_1.4.0/stm32cubeide/plugins/com.st.stm32cube.ide.mcu.externaltools.gnu-tools-for-stm32.7-2018-q2-update.win32_1.4.0.202007081208/tools/bin/../lib/gcc/arm-none-eabi/7.3.1/thumb/v7-m/crtn.o
                0x0000000008001738                . = ALIGN (0x4)
                0x0000000008001738                _etext = .

.vfp11_veneer   0x0000000008001738        0x0
 .vfp11_veneer  0x0000000008001738        0x0 linker stubs

.v4_bx          0x0000000008001738        0x0
 .v4_bx         0x0000000008001738        0x0 linker stubs

.iplt           0x0000000008001738        0x0
 .iplt          0x0000000008001738        0x0 d:/programs/stm32cubeide_1.4.0/stm32cubeide/plugins/com.st.stm32cube.ide.mcu.externaltools.gnu-tools-for-stm32.7-2018-q2-update.win32_1.4.0.202007081208/tools/bin/../lib/gcc/arm-none-eabi/7.3.1/thumb/v7-m/crtbegin.o

.rodata         0x0000000008001738       0x2c
                0x0000000008001738                . = ALIGN (0x4)
 *(.rodata)
 .rodata        0x0000000008001738        0x8 Core/Src/main.o
 .rodata        0x0000000008001740       0x12 Drivers/STM32F1xx_HAL_Driver/Src/stm32f1xx_hal_rcc.o
 *(.rodata*)
 *fill*         0x0000000008001752        0x2 
 .rodata.AHBPrescTable
                0x0000000008001754       0x10 Core/Src/system_stm32f1xx.o
                0x0000000008001754                AHBPrescTable
                0x0000000008001764                . = ALIGN (0x4)

.rel.dyn        0x0000000008001764        0x0
 .rel.iplt      0x0000000008001764        0x0 d:/programs/stm32cubeide_1.4.0/stm32cubeide/plugins/com.st.stm32cube.ide.mcu.externaltools.gnu-tools-for-stm32.7-2018-q2-update.win32_1.4.0.202007081208/tools/bin/../lib/gcc/arm-none-eabi/7.3.1/thumb/v7-m/crtbegin.o

.ARM.extab      0x0000000008001764        0x0
                0x0000000008001764                . = ALIGN (0x4)
 *(.ARM.extab* .gnu.linkonce.armextab.*)
                0x0000000008001764                . = ALIGN (0x4)

.ARM            0x0000000008001764        0x0
                0x0000000008001764                . = ALIGN (0x4)
                0x0000000008001764                __exidx_start = .
 *(.ARM.exidx*)
                0x0000000008001764                __exidx_end = .
                0x0000000008001764                . = ALIGN (0x4)

.preinit_array  0x0000000008001764        0x0
                0x0000000008001764                . = ALIGN (0x4)
                0x0000000008001764                PROVIDE (__preinit_array_start = .)
 *(.preinit_array*)
                0x0000000008001764                PROVIDE (__preinit_array_end = .)
                0x0000000008001764                . = ALIGN (0x4)

.init_array     0x0000000008001764        0x4
                0x0000000008001764                . = ALIGN (0x4)
                0x0000000008001764                PROVIDE (__init_array_start = .)
 *(SORT_BY_NAME(.init_array.*))
 *(.init_array*)
 .init_array    0x0000000008001764        0x4 d:/programs/stm32cubeide_1.4.0/stm32cubeide/plugins/com.st.stm32cube.ide.mcu.externaltools.gnu-tools-for-stm32.7-2018-q2-update.win32_1.4.0.202007081208/tools/bin/../lib/gcc/arm-none-eabi/7.3.1/thumb/v7-m/crtbegin.o
                0x0000000008001768                PROVIDE (__init_array_end = .)
                0x0000000008001768                . = ALIGN (0x4)

.fini_array     0x0000000008001768        0x4
                0x0000000008001768                . = ALIGN (0x4)
                [!provide]                        PROVIDE (__fini_array_start = .)
 *(SORT_BY_NAME(.fini_array.*))
 *(.fini_array*)
 .fini_array    0x0000000008001768        0x4 d:/programs/stm32cubeide_1.4.0/stm32cubeide/plugins/com.st.stm32cube.ide.mcu.externaltools.gnu-tools-for-stm32.7-2018-q2-update.win32_1.4.0.202007081208/tools/bin/../lib/gcc/arm-none-eabi/7.3.1/thumb/v7-m/crtbegin.o
                [!provide]                        PROVIDE (__fini_array_end = .)
                0x000000000800176c                . = ALIGN (0x4)
                0x000000000800176c                _sidata = LOADADDR (.data)

.data           0x0000000020000000        0xc load address 0x000000000800176c
                0x0000000020000000                . = ALIGN (0x4)
                0x0000000020000000                _sdata = .
 *(.data)
 *(.data*)
 .data.SystemCoreClock
                0x0000000020000000        0x4 Core/Src/system_stm32f1xx.o
                0x0000000020000000                SystemCoreClock
 .data.uwTickPrio
                0x0000000020000004        0x4 Drivers/STM32F1xx_HAL_Driver/Src/stm32f1xx_hal.o
                0x0000000020000004                uwTickPrio
 .data.uwTickFreq
                0x0000000020000008        0x1 Drivers/STM32F1xx_HAL_Driver/Src/stm32f1xx_hal.o
                0x0000000020000008                uwTickFreq
                0x000000002000000c                . = ALIGN (0x4)
 *fill*         0x0000000020000009        0x3 
                0x000000002000000c                _edata = .

.igot.plt       0x000000002000000c        0x0 load address 0x0000000008001778
 .igot.plt      0x000000002000000c        0x0 d:/programs/stm32cubeide_1.4.0/stm32cubeide/plugins/com.st.stm32cube.ide.mcu.externaltools.gnu-tools-for-stm32.7-2018-q2-update.win32_1.4.0.202007081208/tools/bin/../lib/gcc/arm-none-eabi/7.3.1/thumb/v7-m/crtbegin.o
                0x000000002000000c                . = ALIGN (0x4)

.bss            0x000000002000000c       0x48 load address 0x0000000008001778
                0x000000002000000c                _sbss = .
                0x000000002000000c                __bss_start__ = _sbss
 *(.bss)
 .bss           0x000000002000000c       0x1c d:/programs/stm32cubeide_1.4.0/stm32cubeide/plugins/com.st.stm32cube.ide.mcu.externaltools.gnu-tools-for-stm32.7-2018-q2-update.win32_1.4.0.202007081208/tools/bin/../lib/gcc/arm-none-eabi/7.3.1/thumb/v7-m/crtbegin.o
 *(.bss*)
 *(COMMON)
 COMMON         0x0000000020000028       0x28 Core/Src/main.o
                0x0000000020000028                hcan
 COMMON         0x0000000020000050        0x4 Drivers/STM32F1xx_HAL_Driver/Src/stm32f1xx_hal.o
                0x0000000020000050                uwTick
                0x0000000020000054                . = ALIGN (0x4)
                0x0000000020000054                _ebss = .
                0x0000000020000054                __bss_end__ = _ebss

._user_heap_stack
                0x0000000020000054      0x604 load address 0x0000000008001778
                0x0000000020000058                . = ALIGN (0x8)
 *fill*         0x0000000020000054        0x4 
                [!provide]                        PROVIDE (end = .)
                0x0000000020000058                PROVIDE (_end = .)
                0x0000000020000258                . = (. + _Min_Heap_Size)
 *fill*         0x0000000020000058      0x200 
                0x0000000020000658                . = (. + _Min_Stack_Size)
 *fill*         0x0000000020000258      0x400 
                0x0000000020000658                . = ALIGN (0x8)

/DISCARD/
 libc.a(*)
 libm.a(*)
 libgcc.a(*)

.ARM.attributes
                0x0000000000000000       0x29
 *(.ARM.attributes)
 .ARM.attributes
                0x0000000000000000       0x1d d:/programs/stm32cubeide_1.4.0/stm32cubeide/plugins/com.st.stm32cube.ide.mcu.externaltools.gnu-tools-for-stm32.7-2018-q2-update.win32_1.4.0.202007081208/tools/bin/../lib/gcc/arm-none-eabi/7.3.1/thumb/v7-m/crti.o
 .ARM.attributes
                0x000000000000001d       0x2d d:/programs/stm32cubeide_1.4.0/stm32cubeide/plugins/com.st.stm32cube.ide.mcu.externaltools.gnu-tools-for-stm32.7-2018-q2-update.win32_1.4.0.202007081208/tools/bin/../lib/gcc/arm-none-eabi/7.3.1/thumb/v7-m/crtbegin.o
 .ARM.attributes
                0x000000000000004a       0x33 Core/Src/main.o
 .ARM.attributes
                0x000000000000007d       0x33 Core/Src/stm32f1xx_hal_msp.o
 .ARM.attributes
                0x00000000000000b0       0x33 Core/Src/stm32f1xx_it.o
 .ARM.attributes
                0x00000000000000e3       0x33 Core/Src/system_stm32f1xx.o
 .ARM.attributes
                0x0000000000000116       0x21 Core/Startup/startup_stm32f103c8tx.o
 .ARM.attributes
                0x0000000000000137       0x33 Drivers/STM32F1xx_HAL_Driver/Src/stm32f1xx_hal.o
 .ARM.attributes
                0x000000000000016a       0x33 Drivers/STM32F1xx_HAL_Driver/Src/stm32f1xx_hal_can.o
 .ARM.attributes
                0x000000000000019d       0x33 Drivers/STM32F1xx_HAL_Driver/Src/stm32f1xx_hal_cortex.o
 .ARM.attributes
                0x00000000000001d0       0x33 Drivers/STM32F1xx_HAL_Driver/Src/stm32f1xx_hal_gpio.o
 .ARM.attributes
                0x0000000000000203       0x33 Drivers/STM32F1xx_HAL_Driver/Src/stm32f1xx_hal_rcc.o
 .ARM.attributes
                0x0000000000000236       0x2d d:/programs/stm32cubeide_1.4.0/stm32cubeide/plugins/com.st.stm32cube.ide.mcu.externaltools.gnu-tools-for-stm32.7-2018-q2-update.win32_1.4.0.202007081208/tools/bin/../lib/gcc/arm-none-eabi/7.3.1/../../../../arm-none-eabi/lib/thumb/v7-m\libc_nano.a(lib_a-init.o)
 .ARM.attributes
                0x0000000000000263       0x2d d:/programs/stm32cubeide_1.4.0/stm32cubeide/plugins/com.st.stm32cube.ide.mcu.externaltools.gnu-tools-for-stm32.7-2018-q2-update.win32_1.4.0.202007081208/tools/bin/../lib/gcc/arm-none-eabi/7.3.1/../../../../arm-none-eabi/lib/thumb/v7-m\libc_nano.a(lib_a-memset.o)
 .ARM.attributes
                0x0000000000000290       0x1d d:/programs/stm32cubeide_1.4.0/stm32cubeide/plugins/com.st.stm32cube.ide.mcu.externaltools.gnu-tools-for-stm32.7-2018-q2-update.win32_1.4.0.202007081208/tools/bin/../lib/gcc/arm-none-eabi/7.3.1/thumb/v7-m/crtn.o
OUTPUT(CAN_CASE_STUDY_1.elf elf32-littlearm)

.debug_info     0x0000000000000000     0x4bb8
 .debug_info    0x0000000000000000      0x931 Core/Src/main.o
 .debug_info    0x0000000000000931      0x875 Core/Src/stm32f1xx_hal_msp.o
 .debug_info    0x00000000000011a6      0x249 Core/Src/stm32f1xx_it.o
 .debug_info    0x00000000000013ef      0x2ca Core/Src/system_stm32f1xx.o
 .debug_info    0x00000000000016b9       0x22 Core/Startup/startup_stm32f103c8tx.o
 .debug_info    0x00000000000016db      0x7d5 Drivers/STM32F1xx_HAL_Driver/Src/stm32f1xx_hal.o
 .debug_info    0x0000000000001eb0     0x10f0 Drivers/STM32F1xx_HAL_Driver/Src/stm32f1xx_hal_can.o
 .debug_info    0x0000000000002fa0      0xc38 Drivers/STM32F1xx_HAL_Driver/Src/stm32f1xx_hal_cortex.o
 .debug_info    0x0000000000003bd8      0x715 Drivers/STM32F1xx_HAL_Driver/Src/stm32f1xx_hal_gpio.o
 .debug_info    0x00000000000042ed      0x8cb Drivers/STM32F1xx_HAL_Driver/Src/stm32f1xx_hal_rcc.o

.debug_abbrev   0x0000000000000000     0x1001
 .debug_abbrev  0x0000000000000000      0x1f2 Core/Src/main.o
 .debug_abbrev  0x00000000000001f2      0x184 Core/Src/stm32f1xx_hal_msp.o
 .debug_abbrev  0x0000000000000376       0xc8 Core/Src/stm32f1xx_it.o
 .debug_abbrev  0x000000000000043e      0x136 Core/Src/system_stm32f1xx.o
 .debug_abbrev  0x0000000000000574       0x12 Core/Startup/startup_stm32f103c8tx.o
 .debug_abbrev  0x0000000000000586      0x1c9 Drivers/STM32F1xx_HAL_Driver/Src/stm32f1xx_hal.o
 .debug_abbrev  0x000000000000074f      0x1f2 Drivers/STM32F1xx_HAL_Driver/Src/stm32f1xx_hal_can.o
 .debug_abbrev  0x0000000000000941      0x2b9 Drivers/STM32F1xx_HAL_Driver/Src/stm32f1xx_hal_cortex.o
 .debug_abbrev  0x0000000000000bfa      0x1c2 Drivers/STM32F1xx_HAL_Driver/Src/stm32f1xx_hal_gpio.o
 .debug_abbrev  0x0000000000000dbc      0x245 Drivers/STM32F1xx_HAL_Driver/Src/stm32f1xx_hal_rcc.o

.debug_loc      0x0000000000000000     0x288a
 .debug_loc     0x0000000000000000      0x1a6 Core/Src/main.o
 .debug_loc     0x00000000000001a6       0xfc Core/Src/stm32f1xx_hal_msp.o
 .debug_loc     0x00000000000002a2      0x1ec Core/Src/stm32f1xx_it.o
 .debug_loc     0x000000000000048e       0xa0 Core/Src/system_stm32f1xx.o
 .debug_loc     0x000000000000052e      0x698 Drivers/STM32F1xx_HAL_Driver/Src/stm32f1xx_hal.o
 .debug_loc     0x0000000000000bc6      0xcb4 Drivers/STM32F1xx_HAL_Driver/Src/stm32f1xx_hal_can.o
 .debug_loc     0x000000000000187a      0x8f8 Drivers/STM32F1xx_HAL_Driver/Src/stm32f1xx_hal_cortex.o
 .debug_loc     0x0000000000002172      0x2d4 Drivers/STM32F1xx_HAL_Driver/Src/stm32f1xx_hal_gpio.o
 .debug_loc     0x0000000000002446      0x444 Drivers/STM32F1xx_HAL_Driver/Src/stm32f1xx_hal_rcc.o

.debug_aranges  0x0000000000000000      0x528
 .debug_aranges
                0x0000000000000000       0x48 Core/Src/main.o
 .debug_aranges
                0x0000000000000048       0x30 Core/Src/stm32f1xx_hal_msp.o
 .debug_aranges
                0x0000000000000078       0x60 Core/Src/stm32f1xx_it.o
 .debug_aranges
                0x00000000000000d8       0x28 Core/Src/system_stm32f1xx.o
 .debug_aranges
                0x0000000000000100       0x28 Core/Startup/startup_stm32f103c8tx.o
 .debug_aranges
                0x0000000000000128       0xe0 Drivers/STM32F1xx_HAL_Driver/Src/stm32f1xx_hal.o
 .debug_aranges
                0x0000000000000208      0x138 Drivers/STM32F1xx_HAL_Driver/Src/stm32f1xx_hal_can.o
 .debug_aranges
                0x0000000000000340      0x100 Drivers/STM32F1xx_HAL_Driver/Src/stm32f1xx_hal_cortex.o
 .debug_aranges
                0x0000000000000440       0x58 Drivers/STM32F1xx_HAL_Driver/Src/stm32f1xx_hal_gpio.o
 .debug_aranges
                0x0000000000000498       0x90 Drivers/STM32F1xx_HAL_Driver/Src/stm32f1xx_hal_rcc.o

.debug_ranges   0x0000000000000000      0x490
 .debug_ranges  0x0000000000000000       0x38 Core/Src/main.o
 .debug_ranges  0x0000000000000038       0x20 Core/Src/stm32f1xx_hal_msp.o
 .debug_ranges  0x0000000000000058       0x50 Core/Src/stm32f1xx_it.o
 .debug_ranges  0x00000000000000a8       0x18 Core/Src/system_stm32f1xx.o
 .debug_ranges  0x00000000000000c0       0x20 Core/Startup/startup_stm32f103c8tx.o
 .debug_ranges  0x00000000000000e0       0xd0 Drivers/STM32F1xx_HAL_Driver/Src/stm32f1xx_hal.o
 .debug_ranges  0x00000000000001b0      0x128 Drivers/STM32F1xx_HAL_Driver/Src/stm32f1xx_hal_can.o
 .debug_ranges  0x00000000000002d8       0xf0 Drivers/STM32F1xx_HAL_Driver/Src/stm32f1xx_hal_cortex.o
 .debug_ranges  0x00000000000003c8       0x48 Drivers/STM32F1xx_HAL_Driver/Src/stm32f1xx_hal_gpio.o
 .debug_ranges  0x0000000000000410       0x80 Drivers/STM32F1xx_HAL_Driver/Src/stm32f1xx_hal_rcc.o

.debug_macro    0x0000000000000000    0x15e7b
 .debug_macro   0x0000000000000000      0x198 Core/Src/main.o
 .debug_macro   0x0000000000000198      0xa5a Core/Src/main.o
 .debug_macro   0x0000000000000bf2      0x215 Core/Src/main.o
 .debug_macro   0x0000000000000e07       0x2e Core/Src/main.o
 .debug_macro   0x0000000000000e35       0x22 Core/Src/main.o
 .debug_macro   0x0000000000000e57       0x22 Core/Src/main.o
 .debug_macro   0x0000000000000e79       0x8e Core/Src/main.o
 .debug_macro   0x0000000000000f07       0x51 Core/Src/main.o
 .debug_macro   0x0000000000000f58       0xef Core/Src/main.o
 .debug_macro   0x0000000000001047       0x6a Core/Src/main.o
 .debug_macro   0x00000000000010b1      0x1df Core/Src/main.o
 .debug_macro   0x0000000000001290       0x1c Core/Src/main.o
 .debug_macro   0x00000000000012ac       0x22 Core/Src/main.o
 .debug_macro   0x00000000000012ce       0xc3 Core/Src/main.o
 .debug_macro   0x0000000000001391      0xd23 Core/Src/main.o
 .debug_macro   0x00000000000020b4     0xe09e Core/Src/main.o
 .debug_macro   0x0000000000010152       0x6d Core/Src/main.o
 .debug_macro   0x00000000000101bf     0x3468 Core/Src/main.o
 .debug_macro   0x0000000000013627      0x174 Core/Src/main.o
 .debug_macro   0x000000000001379b       0x5c Core/Src/main.o
 .debug_macro   0x00000000000137f7      0x5be Core/Src/main.o
 .debug_macro   0x0000000000013db5      0x289 Core/Src/main.o
 .debug_macro   0x000000000001403e      0x1cb Core/Src/main.o
 .debug_macro   0x0000000000014209      0x114 Core/Src/main.o
 .debug_macro   0x000000000001431d      0x1b2 Core/Src/main.o
 .debug_macro   0x00000000000144cf       0x27 Core/Src/main.o
 .debug_macro   0x00000000000144f6      0x136 Core/Src/main.o
 .debug_macro   0x000000000001462c      0x1bc Core/Src/main.o
 .debug_macro   0x00000000000147e8       0x34 Core/Src/main.o
 .debug_macro   0x000000000001481c       0x3c Core/Src/main.o
 .debug_macro   0x0000000000014858      0x408 Core/Src/main.o
 .debug_macro   0x0000000000014c60       0x57 Core/Src/main.o
 .debug_macro   0x0000000000014cb7       0x88 Core/Src/main.o
 .debug_macro   0x0000000000014d3f      0x241 Core/Src/main.o
 .debug_macro   0x0000000000014f80      0x141 Core/Src/main.o
 .debug_macro   0x00000000000150c1       0x83 Core/Src/main.o
 .debug_macro   0x0000000000015144      0x198 Core/Src/stm32f1xx_hal_msp.o
 .debug_macro   0x00000000000152dc      0x1a2 Core/Src/stm32f1xx_it.o
 .debug_macro   0x000000000001547e      0x18e Core/Src/system_stm32f1xx.o
 .debug_macro   0x000000000001560c      0x1b2 Drivers/STM32F1xx_HAL_Driver/Src/stm32f1xx_hal.o
 .debug_macro   0x00000000000157be      0x196 Drivers/STM32F1xx_HAL_Driver/Src/stm32f1xx_hal_can.o
 .debug_macro   0x0000000000015954      0x18e Drivers/STM32F1xx_HAL_Driver/Src/stm32f1xx_hal_cortex.o
 .debug_macro   0x0000000000015ae2      0x1f9 Drivers/STM32F1xx_HAL_Driver/Src/stm32f1xx_hal_gpio.o
 .debug_macro   0x0000000000015cdb      0x1a0 Drivers/STM32F1xx_HAL_Driver/Src/stm32f1xx_hal_rcc.o

.debug_line     0x0000000000000000     0x4900
 .debug_line    0x0000000000000000      0x6eb Core/Src/main.o
 .debug_line    0x00000000000006eb      0x68f Core/Src/stm32f1xx_hal_msp.o
 .debug_line    0x0000000000000d7a      0x701 Core/Src/stm32f1xx_it.o
 .debug_line    0x000000000000147b      0x685 Core/Src/system_stm32f1xx.o
 .debug_line    0x0000000000001b00       0x87 Core/Startup/startup_stm32f103c8tx.o
 .debug_line    0x0000000000001b87      0x838 Drivers/STM32F1xx_HAL_Driver/Src/stm32f1xx_hal.o
 .debug_line    0x00000000000023bf      0xb06 Drivers/STM32F1xx_HAL_Driver/Src/stm32f1xx_hal_can.o
 .debug_line    0x0000000000002ec5      0x90f Drivers/STM32F1xx_HAL_Driver/Src/stm32f1xx_hal_cortex.o
 .debug_line    0x00000000000037d4      0x834 Drivers/STM32F1xx_HAL_Driver/Src/stm32f1xx_hal_gpio.o
 .debug_line    0x0000000000004008      0x8f8 Drivers/STM32F1xx_HAL_Driver/Src/stm32f1xx_hal_rcc.o

.debug_str      0x0000000000000000    0x7e328
 .debug_str     0x0000000000000000    0x7ce19 Core/Src/main.o
                                      0x7d17d (size before relaxing)
 .debug_str     0x000000000007ce19       0xc0 Core/Src/stm32f1xx_hal_msp.o
                                      0x7d044 (size before relaxing)
 .debug_str     0x000000000007ced9       0xbd Core/Src/stm32f1xx_it.o
                                      0x7cd53 (size before relaxing)
 .debug_str     0x000000000007cf96       0x52 Core/Src/system_stm32f1xx.o
                                      0x7cd23 (size before relaxing)
 .debug_str     0x000000000007cfe8       0x36 Core/Startup/startup_stm32f103c8tx.o
                                         0x6a (size before relaxing)
 .debug_str     0x000000000007d01e      0x568 Drivers/STM32F1xx_HAL_Driver/Src/stm32f1xx_hal.o
                                      0x7d3b4 (size before relaxing)
 .debug_str     0x000000000007d586      0x53b Drivers/STM32F1xx_HAL_Driver/Src/stm32f1xx_hal_can.o
                                      0x7d543 (size before relaxing)
 .debug_str     0x000000000007dac1      0x2d8 Drivers/STM32F1xx_HAL_Driver/Src/stm32f1xx_hal_cortex.o
                                      0x7d3bc (size before relaxing)
 .debug_str     0x000000000007dd99      0x340 Drivers/STM32F1xx_HAL_Driver/Src/stm32f1xx_hal_gpio.o
                                      0x7d0e7 (size before relaxing)
 .debug_str     0x000000000007e0d9      0x24f Drivers/STM32F1xx_HAL_Driver/Src/stm32f1xx_hal_rcc.o
                                      0x7d120 (size before relaxing)

.comment        0x0000000000000000       0x7b
 .comment       0x0000000000000000       0x7b Core/Src/main.o
                                         0x7c (size before relaxing)
 .comment       0x000000000000007b       0x7c Core/Src/stm32f1xx_hal_msp.o
 .comment       0x000000000000007b       0x7c Core/Src/stm32f1xx_it.o
 .comment       0x000000000000007b       0x7c Core/Src/system_stm32f1xx.o
 .comment       0x000000000000007b       0x7c Drivers/STM32F1xx_HAL_Driver/Src/stm32f1xx_hal.o
 .comment       0x000000000000007b       0x7c Drivers/STM32F1xx_HAL_Driver/Src/stm32f1xx_hal_can.o
 .comment       0x000000000000007b       0x7c Drivers/STM32F1xx_HAL_Driver/Src/stm32f1xx_hal_cortex.o
 .comment       0x000000000000007b       0x7c Drivers/STM32F1xx_HAL_Driver/Src/stm32f1xx_hal_gpio.o
 .comment       0x000000000000007b       0x7c Drivers/STM32F1xx_HAL_Driver/Src/stm32f1xx_hal_rcc.o

.debug_frame    0x0000000000000000     0x1370
 .debug_frame   0x0000000000000000       0xdc Core/Src/main.o
 .debug_frame   0x00000000000000dc       0x80 Core/Src/stm32f1xx_hal_msp.o
 .debug_frame   0x000000000000015c      0x10c Core/Src/stm32f1xx_it.o
 .debug_frame   0x0000000000000268       0x58 Core/Src/system_stm32f1xx.o
 .debug_frame   0x00000000000002c0      0x334 Drivers/STM32F1xx_HAL_Driver/Src/stm32f1xx_hal.o
 .debug_frame   0x00000000000005f4      0x5a0 Drivers/STM32F1xx_HAL_Driver/Src/stm32f1xx_hal_can.o
 .debug_frame   0x0000000000000b94      0x428 Drivers/STM32F1xx_HAL_Driver/Src/stm32f1xx_hal_cortex.o
 .debug_frame   0x0000000000000fbc      0x14c Drivers/STM32F1xx_HAL_Driver/Src/stm32f1xx_hal_gpio.o
 .debug_frame   0x0000000000001108      0x21c Drivers/STM32F1xx_HAL_Driver/Src/stm32f1xx_hal_rcc.o
 .debug_frame   0x0000000000001324       0x2c d:/programs/stm32cubeide_1.4.0/stm32cubeide/plugins/com.st.stm32cube.ide.mcu.externaltools.gnu-tools-for-stm32.7-2018-q2-update.win32_1.4.0.202007081208/tools/bin/../lib/gcc/arm-none-eabi/7.3.1/../../../../arm-none-eabi/lib/thumb/v7-m\libc_nano.a(lib_a-init.o)
 .debug_frame   0x0000000000001350       0x20 d:/programs/stm32cubeide_1.4.0/stm32cubeide/plugins/com.st.stm32cube.ide.mcu.externaltools.gnu-tools-for-stm32.7-2018-q2-update.win32_1.4.0.202007081208/tools/bin/../lib/gcc/arm-none-eabi/7.3.1/../../../../arm-none-eabi/lib/thumb/v7-m\libc_nano.a(lib_a-memset.o)
