
Memory Configuration

Name             Origin             Length             Attributes
flash            0x08000000         0x00020000         xr
sram             0x20000000         0x00005000         xrw
*default*        0x00000000         0xffffffff

Linker script and memory map


.text           0x08000000      0x1bc
 *(.vectors*)
 .vectors       0x08000000       0x1c startup.o
                0x08000000                vectors
 *(.text)
 .text          0x0800001c       0xdc main.o
                0x0800001c                NMI_Handler
                0x08000028                Bus_fault_Handler
                0x08000034                main
 .text          0x080000f8       0xc0 startup.o
                0x080000f8                Usage_fault_Handler
                0x080000f8                H_fault_Handler
                0x080000f8                Default_Handler
                0x080000f8                MM_fault_Handler
                0x08000104                Reset_Handler
 *(.rodata)
 .rodata        0x080001b8        0x4 main.o
                0x080001b8                C_global_Var
                0x080001bc                _E_text = .

.glue_7         0x080001bc        0x0
 .glue_7        0x00000000        0x0 linker stubs

.glue_7t        0x080001bc        0x0
 .glue_7t       0x00000000        0x0 linker stubs

.vfp11_veneer   0x080001bc        0x0
 .vfp11_veneer  0x00000000        0x0 linker stubs

.v4_bx          0x080001bc        0x0
 .v4_bx         0x00000000        0x0 linker stubs

.iplt           0x080001bc        0x0
 .iplt          0x00000000        0x0 main.o

.rel.dyn        0x080001bc        0x0
 .rel.iplt      0x00000000        0x0 main.o

.data           0x20000000        0xc load address 0x080001bc
                0x20000000                _S_DATA = .
 *(.data)
 .data          0x20000000        0xc main.o
                0x20000000                R_ODR
                0x20000004                R_CRH
                0x20000008                global_Var
 .data          0x2000000c        0x0 startup.o
                0x2000000c                _E_DATA = .

.igot.plt       0x2000000c        0x0 load address 0x080001c8
 .igot.plt      0x00000000        0x0 main.o

.bss            0x2000000c     0x1000 load address 0x080001c8
                0x2000000c                _S_bss = .
 *(.bss)
 .bss           0x2000000c        0x0 main.o
 .bss           0x2000000c        0x0 startup.o
                0x2000000c                . = ALIGN (0x4)
                0x2000000c                _E_bss = .
                0x2000100c                . = (. + 0x1000)
 *fill*         0x2000000c     0x1000 
                0x2000100c                _stack_top = .
LOAD main.o
LOAD startup.o
OUTPUT(LED_TOGGLE.elf elf32-littlearm)

.debug_info     0x00000000      0x366
 .debug_info    0x00000000      0x1fa main.o
 .debug_info    0x000001fa      0x16c startup.o

.debug_abbrev   0x00000000      0x1c2
 .debug_abbrev  0x00000000       0xfb main.o
 .debug_abbrev  0x000000fb       0xc7 startup.o

.debug_loc      0x00000000       0xf4
 .debug_loc     0x00000000       0x90 main.o
 .debug_loc     0x00000090       0x64 startup.o

.debug_aranges  0x00000000       0x40
 .debug_aranges
                0x00000000       0x20 main.o
 .debug_aranges
                0x00000020       0x20 startup.o

.debug_line     0x00000000      0x10c
 .debug_line    0x00000000       0x5d main.o
 .debug_line    0x0000005d       0xaf startup.o

.debug_str      0x00000000      0x1b5
 .debug_str     0x00000000      0x135 main.o
                                0x174 (size before relaxing)
 .debug_str     0x00000135       0x80 startup.o
                                0x17c (size before relaxing)

.comment        0x00000000       0x11
 .comment       0x00000000       0x11 main.o
                                 0x12 (size before relaxing)
 .comment       0x00000000       0x12 startup.o

.ARM.attributes
                0x00000000       0x33
 .ARM.attributes
                0x00000000       0x33 main.o
 .ARM.attributes
                0x00000033       0x33 startup.o

.debug_frame    0x00000000       0xa8
 .debug_frame   0x00000000       0x5c main.o
 .debug_frame   0x0000005c       0x4c startup.o
