STM32_F103C6_EXTI_Driver.c:46:6:ENABLE_NVIC	16	static
STM32_F103C6_EXTI_Driver.c:85:6:DISABLE_NVIC	16	static
STM32_F103C6_EXTI_Driver.c:135:6:Update_EXTI	24	static
STM32_F103C6_EXTI_Driver.c:220:6:MCAL_EXTI_GPIO_Init	16	static
STM32_F103C6_EXTI_Driver.c:236:6:MCAL_EXTI_GPIO_Reset	4	static
STM32_F103C6_EXTI_Driver.c:268:6:MCAL_EXTI_GPIO_Update	16	static
STM32_F103C6_EXTI_Driver.c:295:6:EXTI0_IRQHandler	8	static
STM32_F103C6_EXTI_Driver.c:303:6:EXTI1_IRQHandler	8	static
STM32_F103C6_EXTI_Driver.c:311:6:EXTI2_IRQHandler	8	static
STM32_F103C6_EXTI_Driver.c:319:6:EXTI3_IRQHandler	8	static
STM32_F103C6_EXTI_Driver.c:327:6:EXTI4_IRQHandler	8	static
STM32_F103C6_EXTI_Driver.c:335:6:EXTI9_5_IRQHandler	8	static
STM32_F103C6_EXTI_Driver.c:365:6:EXTI15_10_IRQHandler	8	static
