18:49:54 **** Incremental Build of configuration Debug for project IDK ****
make -j4 all 
arm-none-eabi-gcc -gdwarf-2 "../Src/main.c" -mcpu=cortex-m3 -std=gnu11 -g3 -DSTM32 -DSTM32F1 -DSTM32F103C6Tx -DDEBUG -c -I../Inc -I"E:/EmbeddedSystemKS/Unit_7_MCU_Essential_Peripherals/Drivers/IDK/STM32F103C6_Drivers/Inc" -O0 -ffunction-sections -fdata-sections -Wall -fstack-usage -MMD -MP -MF"Src/main.d" -MT"Src/main.o" --specs=nano.specs -mfloat-abi=soft -mthumb -o "Src/main.o"
arm-none-eabi-gcc -gdwarf-2 "../STM32F103C6_Drivers/EXTI/STM32F103C6_EXTI_Driver.c" -mcpu=cortex-m3 -std=gnu11 -g3 -DSTM32 -DSTM32F1 -DSTM32F103C6Tx -DDEBUG -c -I../Inc -I"E:/EmbeddedSystemKS/Unit_7_MCU_Essential_Peripherals/Drivers/IDK/STM32F103C6_Drivers/Inc" -O0 -ffunction-sections -fdata-sections -Wall -fstack-usage -MMD -MP -MF"STM32F103C6_Drivers/EXTI/STM32F103C6_EXTI_Driver.d" -MT"STM32F103C6_Drivers/EXTI/STM32F103C6_EXTI_Driver.o" --specs=nano.specs -mfloat-abi=soft -mthumb -o "STM32F103C6_Drivers/EXTI/STM32F103C6_EXTI_Driver.o"
../Src/main.c: In function 'EXTI9_Callback':
../Src/main.c:45:2: warning: implicit declaration of function 'LCD_LINE'; did you mean 'LCD_INIT'? [-Wimplicit-function-declaration]
  LCD_LINE(2, 0);
  ^~~~~~~~
  LCD_INIT
../Src/main.c:47:2: warning: implicit declaration of function 'wait_ms'; did you mean 'wcstombs'? [-Wimplicit-function-declaration]
  wait_ms(100);
  ^~~~~~~
  wcstombs
arm-none-eabi-gcc -gdwarf-2 -o "IDK.elf" @"objects.list"   -mcpu=cortex-m3 -T"E:\EmbeddedSystemKS\Unit_7_MCU_Essential_Peripherals\Drivers\IDK\STM32F103C6TX_FLASH.ld" --specs=nosys.specs -Wl,-Map="IDK.map" -Wl,--gc-sections -static --specs=nano.specs -mfloat-abi=soft -mthumb -Wl,--start-group -lc -lm -Wl,--end-group
Finished building target: IDK.elf
 
arm-none-eabi-objdump -h -S  IDK.elf  > "IDK.list"
arm-none-eabi-objcopy  -O binary  IDK.elf  "IDK.bin"
arm-none-eabi-size   IDK.elf 
   text	   data	    bss	    dec	    hex	filename
   4056	      8	   1632	   5696	   1640	IDK.elf
Finished building: default.size.stdout
 
Finished building: IDK.list
Finished building: IDK.bin
 
 

18:49:55 Build Finished. 0 errors, 2 warnings. (took 1s.26ms)

