Archive member included to satisfy reference by file (symbol)

d:/programs/stm32cubeide_1.4.0/stm32cubeide/plugins/com.st.stm32cube.ide.mcu.externaltools.gnu-tools-for-stm32.7-2018-q2-update.win32_1.4.0.202007081208/tools/bin/../lib/gcc/arm-none-eabi/7.3.1/../../../../arm-none-eabi/lib/thumb/v7-m\libc_nano.a(lib_a-errno.o)
                              Src/syscalls.o (__errno)
d:/programs/stm32cubeide_1.4.0/stm32cubeide/plugins/com.st.stm32cube.ide.mcu.externaltools.gnu-tools-for-stm32.7-2018-q2-update.win32_1.4.0.202007081208/tools/bin/../lib/gcc/arm-none-eabi/7.3.1/../../../../arm-none-eabi/lib/thumb/v7-m\libc_nano.a(lib_a-exit.o)
                              d:/programs/stm32cubeide_1.4.0/stm32cubeide/plugins/com.st.stm32cube.ide.mcu.externaltools.gnu-tools-for-stm32.7-2018-q2-update.win32_1.4.0.202007081208/tools/bin/../lib/gcc/arm-none-eabi/7.3.1/../../../../arm-none-eabi/lib/thumb/v7-m/crt0.o (exit)
d:/programs/stm32cubeide_1.4.0/stm32cubeide/plugins/com.st.stm32cube.ide.mcu.externaltools.gnu-tools-for-stm32.7-2018-q2-update.win32_1.4.0.202007081208/tools/bin/../lib/gcc/arm-none-eabi/7.3.1/../../../../arm-none-eabi/lib/thumb/v7-m\libc_nano.a(lib_a-impure.o)
                              d:/programs/stm32cubeide_1.4.0/stm32cubeide/plugins/com.st.stm32cube.ide.mcu.externaltools.gnu-tools-for-stm32.7-2018-q2-update.win32_1.4.0.202007081208/tools/bin/../lib/gcc/arm-none-eabi/7.3.1/../../../../arm-none-eabi/lib/thumb/v7-m\libc_nano.a(lib_a-exit.o) (_global_impure_ptr)
d:/programs/stm32cubeide_1.4.0/stm32cubeide/plugins/com.st.stm32cube.ide.mcu.externaltools.gnu-tools-for-stm32.7-2018-q2-update.win32_1.4.0.202007081208/tools/bin/../lib/gcc/arm-none-eabi/7.3.1/../../../../arm-none-eabi/lib/thumb/v7-m\libc_nano.a(lib_a-init.o)
                              d:/programs/stm32cubeide_1.4.0/stm32cubeide/plugins/com.st.stm32cube.ide.mcu.externaltools.gnu-tools-for-stm32.7-2018-q2-update.win32_1.4.0.202007081208/tools/bin/../lib/gcc/arm-none-eabi/7.3.1/../../../../arm-none-eabi/lib/thumb/v7-m/crt0.o (__libc_init_array)
d:/programs/stm32cubeide_1.4.0/stm32cubeide/plugins/com.st.stm32cube.ide.mcu.externaltools.gnu-tools-for-stm32.7-2018-q2-update.win32_1.4.0.202007081208/tools/bin/../lib/gcc/arm-none-eabi/7.3.1/../../../../arm-none-eabi/lib/thumb/v7-m\libc_nano.a(lib_a-memset.o)
                              d:/programs/stm32cubeide_1.4.0/stm32cubeide/plugins/com.st.stm32cube.ide.mcu.externaltools.gnu-tools-for-stm32.7-2018-q2-update.win32_1.4.0.202007081208/tools/bin/../lib/gcc/arm-none-eabi/7.3.1/../../../../arm-none-eabi/lib/thumb/v7-m/crt0.o (memset)

Allocating common symbols
Common symbol       size              file

GP_IRQ_CALLBACK     0x3c              STM32_F103C6_Drivers/EXTI/STM32_F103C6_EXTI_Driver.o
GL_UART_Config      0xc               STM32_F103C6_Drivers/USART/STM32_F103C6_USART_Driver.o
IRQ_flag            0x1               Src/main.o
ch                  0x1               Src/main.o

Discarded input sections

 .text          0x0000000000000000        0x0 d:/programs/stm32cubeide_1.4.0/stm32cubeide/plugins/com.st.stm32cube.ide.mcu.externaltools.gnu-tools-for-stm32.7-2018-q2-update.win32_1.4.0.202007081208/tools/bin/../lib/gcc/arm-none-eabi/7.3.1/thumb/v7-m/crti.o
 .data          0x0000000000000000        0x0 d:/programs/stm32cubeide_1.4.0/stm32cubeide/plugins/com.st.stm32cube.ide.mcu.externaltools.gnu-tools-for-stm32.7-2018-q2-update.win32_1.4.0.202007081208/tools/bin/../lib/gcc/arm-none-eabi/7.3.1/thumb/v7-m/crti.o
 .bss           0x0000000000000000        0x0 d:/programs/stm32cubeide_1.4.0/stm32cubeide/plugins/com.st.stm32cube.ide.mcu.externaltools.gnu-tools-for-stm32.7-2018-q2-update.win32_1.4.0.202007081208/tools/bin/../lib/gcc/arm-none-eabi/7.3.1/thumb/v7-m/crti.o
 .data          0x0000000000000000        0x4 d:/programs/stm32cubeide_1.4.0/stm32cubeide/plugins/com.st.stm32cube.ide.mcu.externaltools.gnu-tools-for-stm32.7-2018-q2-update.win32_1.4.0.202007081208/tools/bin/../lib/gcc/arm-none-eabi/7.3.1/thumb/v7-m/crtbegin.o
 .text          0x0000000000000000       0x74 d:/programs/stm32cubeide_1.4.0/stm32cubeide/plugins/com.st.stm32cube.ide.mcu.externaltools.gnu-tools-for-stm32.7-2018-q2-update.win32_1.4.0.202007081208/tools/bin/../lib/gcc/arm-none-eabi/7.3.1/../../../../arm-none-eabi/lib/thumb/v7-m/crt0.o
 .data          0x0000000000000000        0x0 d:/programs/stm32cubeide_1.4.0/stm32cubeide/plugins/com.st.stm32cube.ide.mcu.externaltools.gnu-tools-for-stm32.7-2018-q2-update.win32_1.4.0.202007081208/tools/bin/../lib/gcc/arm-none-eabi/7.3.1/../../../../arm-none-eabi/lib/thumb/v7-m/crt0.o
 .bss           0x0000000000000000        0x0 d:/programs/stm32cubeide_1.4.0/stm32cubeide/plugins/com.st.stm32cube.ide.mcu.externaltools.gnu-tools-for-stm32.7-2018-q2-update.win32_1.4.0.202007081208/tools/bin/../lib/gcc/arm-none-eabi/7.3.1/../../../../arm-none-eabi/lib/thumb/v7-m/crt0.o
 .ARM.extab     0x0000000000000000        0x0 d:/programs/stm32cubeide_1.4.0/stm32cubeide/plugins/com.st.stm32cube.ide.mcu.externaltools.gnu-tools-for-stm32.7-2018-q2-update.win32_1.4.0.202007081208/tools/bin/../lib/gcc/arm-none-eabi/7.3.1/../../../../arm-none-eabi/lib/thumb/v7-m/crt0.o
 .ARM.exidx     0x0000000000000000        0x8 d:/programs/stm32cubeide_1.4.0/stm32cubeide/plugins/com.st.stm32cube.ide.mcu.externaltools.gnu-tools-for-stm32.7-2018-q2-update.win32_1.4.0.202007081208/tools/bin/../lib/gcc/arm-none-eabi/7.3.1/../../../../arm-none-eabi/lib/thumb/v7-m/crt0.o
 .ARM.attributes
                0x0000000000000000       0x1b d:/programs/stm32cubeide_1.4.0/stm32cubeide/plugins/com.st.stm32cube.ide.mcu.externaltools.gnu-tools-for-stm32.7-2018-q2-update.win32_1.4.0.202007081208/tools/bin/../lib/gcc/arm-none-eabi/7.3.1/../../../../arm-none-eabi/lib/thumb/v7-m/crt0.o
 .group         0x0000000000000000        0xc HAL/KEYPAD/keypad.o
 .group         0x0000000000000000        0xc HAL/KEYPAD/keypad.o
 .group         0x0000000000000000        0xc HAL/KEYPAD/keypad.o
 .group         0x0000000000000000        0xc HAL/KEYPAD/keypad.o
 .group         0x0000000000000000        0xc HAL/KEYPAD/keypad.o
 .group         0x0000000000000000        0xc HAL/KEYPAD/keypad.o
 .group         0x0000000000000000        0xc HAL/KEYPAD/keypad.o
 .group         0x0000000000000000        0xc HAL/KEYPAD/keypad.o
 .group         0x0000000000000000        0xc HAL/KEYPAD/keypad.o
 .group         0x0000000000000000        0xc HAL/KEYPAD/keypad.o
 .group         0x0000000000000000        0xc HAL/KEYPAD/keypad.o
 .group         0x0000000000000000        0xc HAL/KEYPAD/keypad.o
 .group         0x0000000000000000        0xc HAL/KEYPAD/keypad.o
 .group         0x0000000000000000        0xc HAL/KEYPAD/keypad.o
 .group         0x0000000000000000        0xc HAL/KEYPAD/keypad.o
 .group         0x0000000000000000        0xc HAL/KEYPAD/keypad.o
 .group         0x0000000000000000        0xc HAL/KEYPAD/keypad.o
 .group         0x0000000000000000        0xc HAL/KEYPAD/keypad.o
 .group         0x0000000000000000        0xc HAL/KEYPAD/keypad.o
 .group         0x0000000000000000        0xc HAL/KEYPAD/keypad.o
 .group         0x0000000000000000        0xc HAL/KEYPAD/keypad.o
 .group         0x0000000000000000        0xc HAL/KEYPAD/keypad.o
 .group         0x0000000000000000        0xc HAL/KEYPAD/keypad.o
 .group         0x0000000000000000        0xc HAL/KEYPAD/keypad.o
 .group         0x0000000000000000        0xc HAL/KEYPAD/keypad.o
 .text          0x0000000000000000        0x0 HAL/KEYPAD/keypad.o
 .data          0x0000000000000000        0x0 HAL/KEYPAD/keypad.o
 .bss           0x0000000000000000        0x0 HAL/KEYPAD/keypad.o
 .data.KEYPAD_Rows
                0x0000000000000000       0x10 HAL/KEYPAD/keypad.o
 .data.KEYPAD_Cols
                0x0000000000000000       0x10 HAL/KEYPAD/keypad.o
 .text.HAL_KEYPAD_Init
                0x0000000000000000       0xbc HAL/KEYPAD/keypad.o
 .text.HAL_KEYPAD_GetChar
                0x0000000000000000      0x17c HAL/KEYPAD/keypad.o
 .debug_info    0x0000000000000000      0xb0e HAL/KEYPAD/keypad.o
 .debug_abbrev  0x0000000000000000      0x1b9 HAL/KEYPAD/keypad.o
 .debug_loc     0x0000000000000000       0xa0 HAL/KEYPAD/keypad.o
 .debug_aranges
                0x0000000000000000       0x28 HAL/KEYPAD/keypad.o
 .debug_ranges  0x0000000000000000       0x18 HAL/KEYPAD/keypad.o
 .debug_macro   0x0000000000000000      0x14e HAL/KEYPAD/keypad.o
 .debug_macro   0x0000000000000000      0xa60 HAL/KEYPAD/keypad.o
 .debug_macro   0x0000000000000000       0x18 HAL/KEYPAD/keypad.o
 .debug_macro   0x0000000000000000       0x22 HAL/KEYPAD/keypad.o
 .debug_macro   0x0000000000000000       0x40 HAL/KEYPAD/keypad.o
 .debug_macro   0x0000000000000000       0x94 HAL/KEYPAD/keypad.o
 .debug_macro   0x0000000000000000       0x3c HAL/KEYPAD/keypad.o
 .debug_macro   0x0000000000000000       0x34 HAL/KEYPAD/keypad.o
 .debug_macro   0x0000000000000000       0x16 HAL/KEYPAD/keypad.o
 .debug_macro   0x0000000000000000      0x10e HAL/KEYPAD/keypad.o
 .debug_macro   0x0000000000000000       0x8d HAL/KEYPAD/keypad.o
 .debug_macro   0x0000000000000000       0x57 HAL/KEYPAD/keypad.o
 .debug_macro   0x0000000000000000       0x52 HAL/KEYPAD/keypad.o
 .debug_macro   0x0000000000000000       0x1f HAL/KEYPAD/keypad.o
 .debug_macro   0x0000000000000000       0x43 HAL/KEYPAD/keypad.o
 .debug_macro   0x0000000000000000       0x20 HAL/KEYPAD/keypad.o
 .debug_macro   0x0000000000000000      0x1a3 HAL/KEYPAD/keypad.o
 .debug_macro   0x0000000000000000      0x330 HAL/KEYPAD/keypad.o
 .debug_macro   0x0000000000000000       0x16 HAL/KEYPAD/keypad.o
 .debug_macro   0x0000000000000000       0x29 HAL/KEYPAD/keypad.o
 .debug_macro   0x0000000000000000       0xef HAL/KEYPAD/keypad.o
 .debug_macro   0x0000000000000000       0x6a HAL/KEYPAD/keypad.o
 .debug_macro   0x0000000000000000      0x1df HAL/KEYPAD/keypad.o
 .debug_macro   0x0000000000000000      0x240 HAL/KEYPAD/keypad.o
 .debug_macro   0x0000000000000000       0xca HAL/KEYPAD/keypad.o
 .debug_macro   0x0000000000000000       0x3a HAL/KEYPAD/keypad.o
 .debug_line    0x0000000000000000      0x67f HAL/KEYPAD/keypad.o
 .debug_str     0x0000000000000000     0x8040 HAL/KEYPAD/keypad.o
 .comment       0x0000000000000000       0x7c HAL/KEYPAD/keypad.o
 .debug_frame   0x0000000000000000       0x58 HAL/KEYPAD/keypad.o
 .ARM.attributes
                0x0000000000000000       0x33 HAL/KEYPAD/keypad.o
 .group         0x0000000000000000        0xc HAL/LCD/LCD.o
 .group         0x0000000000000000        0xc HAL/LCD/LCD.o
 .group         0x0000000000000000        0xc HAL/LCD/LCD.o
 .group         0x0000000000000000        0xc HAL/LCD/LCD.o
 .group         0x0000000000000000        0xc HAL/LCD/LCD.o
 .group         0x0000000000000000        0xc HAL/LCD/LCD.o
 .group         0x0000000000000000        0xc HAL/LCD/LCD.o
 .group         0x0000000000000000        0xc HAL/LCD/LCD.o
 .group         0x0000000000000000        0xc HAL/LCD/LCD.o
 .group         0x0000000000000000        0xc HAL/LCD/LCD.o
 .group         0x0000000000000000        0xc HAL/LCD/LCD.o
 .group         0x0000000000000000        0xc HAL/LCD/LCD.o
 .group         0x0000000000000000        0xc HAL/LCD/LCD.o
 .group         0x0000000000000000        0xc HAL/LCD/LCD.o
 .group         0x0000000000000000        0xc HAL/LCD/LCD.o
 .group         0x0000000000000000        0xc HAL/LCD/LCD.o
 .group         0x0000000000000000        0xc HAL/LCD/LCD.o
 .group         0x0000000000000000        0xc HAL/LCD/LCD.o
 .group         0x0000000000000000        0xc HAL/LCD/LCD.o
 .group         0x0000000000000000        0xc HAL/LCD/LCD.o
 .group         0x0000000000000000        0xc HAL/LCD/LCD.o
 .group         0x0000000000000000        0xc HAL/LCD/LCD.o
 .group         0x0000000000000000        0xc HAL/LCD/LCD.o
 .group         0x0000000000000000        0xc HAL/LCD/LCD.o
 .group         0x0000000000000000        0xc HAL/LCD/LCD.o
 .text          0x0000000000000000        0x0 HAL/LCD/LCD.o
 .data          0x0000000000000000        0x0 HAL/LCD/LCD.o
 .bss           0x0000000000000000        0x0 HAL/LCD/LCD.o
 .text.LCD_kick
                0x0000000000000000       0x2c HAL/LCD/LCD.o
 .text.wait_ms  0x0000000000000000       0x3a HAL/LCD/LCD.o
 .text.LCD_GPIO_Init
                0x0000000000000000      0x130 HAL/LCD/LCD.o
 .text.HAL_LCD_Init
                0x0000000000000000       0x34 HAL/LCD/LCD.o
 .text.HAL_LCD_WRITE_COMMAND
                0x0000000000000000       0x40 HAL/LCD/LCD.o
 .text.HAL_LCD_WRITE_CHAR
                0x0000000000000000       0x40 HAL/LCD/LCD.o
 .text.HAL_LCD_WRITE_STR
                0x0000000000000000       0x58 HAL/LCD/LCD.o
 .text.HAL_LCD_isbusy
                0x0000000000000000       0xcc HAL/LCD/LCD.o
 .text.HAL_LCD_CLEAR
                0x0000000000000000        0xe HAL/LCD/LCD.o
 .text.HAL_LCD_GOTO_XY
                0x0000000000000000       0x54 HAL/LCD/LCD.o
 .debug_info    0x0000000000000000      0xc23 HAL/LCD/LCD.o
 .debug_abbrev  0x0000000000000000      0x25c HAL/LCD/LCD.o
 .debug_loc     0x0000000000000000      0x2c0 HAL/LCD/LCD.o
 .debug_aranges
                0x0000000000000000       0x68 HAL/LCD/LCD.o
 .debug_ranges  0x0000000000000000       0x58 HAL/LCD/LCD.o
 .debug_macro   0x0000000000000000      0x14e HAL/LCD/LCD.o
 .debug_macro   0x0000000000000000      0xa60 HAL/LCD/LCD.o
 .debug_macro   0x0000000000000000       0x18 HAL/LCD/LCD.o
 .debug_macro   0x0000000000000000       0x22 HAL/LCD/LCD.o
 .debug_macro   0x0000000000000000       0x40 HAL/LCD/LCD.o
 .debug_macro   0x0000000000000000       0x94 HAL/LCD/LCD.o
 .debug_macro   0x0000000000000000       0x3c HAL/LCD/LCD.o
 .debug_macro   0x0000000000000000       0x34 HAL/LCD/LCD.o
 .debug_macro   0x0000000000000000       0x16 HAL/LCD/LCD.o
 .debug_macro   0x0000000000000000      0x10e HAL/LCD/LCD.o
 .debug_macro   0x0000000000000000       0x8d HAL/LCD/LCD.o
 .debug_macro   0x0000000000000000       0x57 HAL/LCD/LCD.o
 .debug_macro   0x0000000000000000       0x52 HAL/LCD/LCD.o
 .debug_macro   0x0000000000000000       0x1f HAL/LCD/LCD.o
 .debug_macro   0x0000000000000000       0x43 HAL/LCD/LCD.o
 .debug_macro   0x0000000000000000       0x20 HAL/LCD/LCD.o
 .debug_macro   0x0000000000000000      0x1a3 HAL/LCD/LCD.o
 .debug_macro   0x0000000000000000      0x330 HAL/LCD/LCD.o
 .debug_macro   0x0000000000000000       0x16 HAL/LCD/LCD.o
 .debug_macro   0x0000000000000000       0x29 HAL/LCD/LCD.o
 .debug_macro   0x0000000000000000       0xef HAL/LCD/LCD.o
 .debug_macro   0x0000000000000000       0x6a HAL/LCD/LCD.o
 .debug_macro   0x0000000000000000      0x1df HAL/LCD/LCD.o
 .debug_macro   0x0000000000000000      0x240 HAL/LCD/LCD.o
 .debug_macro   0x0000000000000000       0xca HAL/LCD/LCD.o
 .debug_macro   0x0000000000000000       0xa6 HAL/LCD/LCD.o
 .debug_line    0x0000000000000000      0x6cf HAL/LCD/LCD.o
 .debug_str     0x0000000000000000     0x82a9 HAL/LCD/LCD.o
 .comment       0x0000000000000000       0x7c HAL/LCD/LCD.o
 .debug_frame   0x0000000000000000      0x164 HAL/LCD/LCD.o
 .ARM.attributes
                0x0000000000000000       0x33 HAL/LCD/LCD.o
 .group         0x0000000000000000        0xc STM32_F103C6_Drivers/EXTI/STM32_F103C6_EXTI_Driver.o
 .group         0x0000000000000000        0xc STM32_F103C6_Drivers/EXTI/STM32_F103C6_EXTI_Driver.o
 .group         0x0000000000000000        0xc STM32_F103C6_Drivers/EXTI/STM32_F103C6_EXTI_Driver.o
 .group         0x0000000000000000        0xc STM32_F103C6_Drivers/EXTI/STM32_F103C6_EXTI_Driver.o
 .group         0x0000000000000000        0xc STM32_F103C6_Drivers/EXTI/STM32_F103C6_EXTI_Driver.o
 .group         0x0000000000000000        0xc STM32_F103C6_Drivers/EXTI/STM32_F103C6_EXTI_Driver.o
 .group         0x0000000000000000        0xc STM32_F103C6_Drivers/EXTI/STM32_F103C6_EXTI_Driver.o
 .group         0x0000000000000000        0xc STM32_F103C6_Drivers/EXTI/STM32_F103C6_EXTI_Driver.o
 .group         0x0000000000000000        0xc STM32_F103C6_Drivers/EXTI/STM32_F103C6_EXTI_Driver.o
 .group         0x0000000000000000        0xc STM32_F103C6_Drivers/EXTI/STM32_F103C6_EXTI_Driver.o
 .group         0x0000000000000000        0xc STM32_F103C6_Drivers/EXTI/STM32_F103C6_EXTI_Driver.o
 .group         0x0000000000000000        0xc STM32_F103C6_Drivers/EXTI/STM32_F103C6_EXTI_Driver.o
 .group         0x0000000000000000        0xc STM32_F103C6_Drivers/EXTI/STM32_F103C6_EXTI_Driver.o
 .group         0x0000000000000000        0xc STM32_F103C6_Drivers/EXTI/STM32_F103C6_EXTI_Driver.o
 .group         0x0000000000000000        0xc STM32_F103C6_Drivers/EXTI/STM32_F103C6_EXTI_Driver.o
 .group         0x0000000000000000        0xc STM32_F103C6_Drivers/EXTI/STM32_F103C6_EXTI_Driver.o
 .group         0x0000000000000000        0xc STM32_F103C6_Drivers/EXTI/STM32_F103C6_EXTI_Driver.o
 .group         0x0000000000000000        0xc STM32_F103C6_Drivers/EXTI/STM32_F103C6_EXTI_Driver.o
 .group         0x0000000000000000        0xc STM32_F103C6_Drivers/EXTI/STM32_F103C6_EXTI_Driver.o
 .group         0x0000000000000000        0xc STM32_F103C6_Drivers/EXTI/STM32_F103C6_EXTI_Driver.o
 .group         0x0000000000000000        0xc STM32_F103C6_Drivers/EXTI/STM32_F103C6_EXTI_Driver.o
 .group         0x0000000000000000        0xc STM32_F103C6_Drivers/EXTI/STM32_F103C6_EXTI_Driver.o
 .group         0x0000000000000000        0xc STM32_F103C6_Drivers/EXTI/STM32_F103C6_EXTI_Driver.o
 .group         0x0000000000000000        0xc STM32_F103C6_Drivers/EXTI/STM32_F103C6_EXTI_Driver.o
 .group         0x0000000000000000        0xc STM32_F103C6_Drivers/EXTI/STM32_F103C6_EXTI_Driver.o
 .text          0x0000000000000000        0x0 STM32_F103C6_Drivers/EXTI/STM32_F103C6_EXTI_Driver.o
 .data          0x0000000000000000        0x0 STM32_F103C6_Drivers/EXTI/STM32_F103C6_EXTI_Driver.o
 .bss           0x0000000000000000        0x0 STM32_F103C6_Drivers/EXTI/STM32_F103C6_EXTI_Driver.o
 .text.ENABLE_NVIC
                0x0000000000000000       0xcc STM32_F103C6_Drivers/EXTI/STM32_F103C6_EXTI_Driver.o
 .text.DISABLE_NVIC
                0x0000000000000000       0xcc STM32_F103C6_Drivers/EXTI/STM32_F103C6_EXTI_Driver.o
 .text.Update_EXTI
                0x0000000000000000      0x1d8 STM32_F103C6_Drivers/EXTI/STM32_F103C6_EXTI_Driver.o
 .text.MCAL_EXTI_GPIO_Init
                0x0000000000000000       0x16 STM32_F103C6_Drivers/EXTI/STM32_F103C6_EXTI_Driver.o
 .text.MCAL_EXTI_GPIO_Reset
                0x0000000000000000       0x94 STM32_F103C6_Drivers/EXTI/STM32_F103C6_EXTI_Driver.o
 .text.MCAL_EXTI_GPIO_Update
                0x0000000000000000       0x16 STM32_F103C6_Drivers/EXTI/STM32_F103C6_EXTI_Driver.o
 .debug_macro   0x0000000000000000      0xa60 STM32_F103C6_Drivers/EXTI/STM32_F103C6_EXTI_Driver.o
 .debug_macro   0x0000000000000000       0x18 STM32_F103C6_Drivers/EXTI/STM32_F103C6_EXTI_Driver.o
 .debug_macro   0x0000000000000000       0x22 STM32_F103C6_Drivers/EXTI/STM32_F103C6_EXTI_Driver.o
 .debug_macro   0x0000000000000000       0x40 STM32_F103C6_Drivers/EXTI/STM32_F103C6_EXTI_Driver.o
 .debug_macro   0x0000000000000000       0x94 STM32_F103C6_Drivers/EXTI/STM32_F103C6_EXTI_Driver.o
 .debug_macro   0x0000000000000000       0x3c STM32_F103C6_Drivers/EXTI/STM32_F103C6_EXTI_Driver.o
 .debug_macro   0x0000000000000000       0x34 STM32_F103C6_Drivers/EXTI/STM32_F103C6_EXTI_Driver.o
 .debug_macro   0x0000000000000000       0x16 STM32_F103C6_Drivers/EXTI/STM32_F103C6_EXTI_Driver.o
 .debug_macro   0x0000000000000000      0x10e STM32_F103C6_Drivers/EXTI/STM32_F103C6_EXTI_Driver.o
 .debug_macro   0x0000000000000000       0x8d STM32_F103C6_Drivers/EXTI/STM32_F103C6_EXTI_Driver.o
 .debug_macro   0x0000000000000000       0x57 STM32_F103C6_Drivers/EXTI/STM32_F103C6_EXTI_Driver.o
 .debug_macro   0x0000000000000000       0x52 STM32_F103C6_Drivers/EXTI/STM32_F103C6_EXTI_Driver.o
 .debug_macro   0x0000000000000000       0x1f STM32_F103C6_Drivers/EXTI/STM32_F103C6_EXTI_Driver.o
 .debug_macro   0x0000000000000000       0x43 STM32_F103C6_Drivers/EXTI/STM32_F103C6_EXTI_Driver.o
 .debug_macro   0x0000000000000000       0x20 STM32_F103C6_Drivers/EXTI/STM32_F103C6_EXTI_Driver.o
 .debug_macro   0x0000000000000000      0x1a3 STM32_F103C6_Drivers/EXTI/STM32_F103C6_EXTI_Driver.o
 .debug_macro   0x0000000000000000      0x330 STM32_F103C6_Drivers/EXTI/STM32_F103C6_EXTI_Driver.o
 .debug_macro   0x0000000000000000       0x16 STM32_F103C6_Drivers/EXTI/STM32_F103C6_EXTI_Driver.o
 .debug_macro   0x0000000000000000       0x29 STM32_F103C6_Drivers/EXTI/STM32_F103C6_EXTI_Driver.o
 .debug_macro   0x0000000000000000       0xef STM32_F103C6_Drivers/EXTI/STM32_F103C6_EXTI_Driver.o
 .debug_macro   0x0000000000000000       0x6a STM32_F103C6_Drivers/EXTI/STM32_F103C6_EXTI_Driver.o
 .debug_macro   0x0000000000000000      0x1df STM32_F103C6_Drivers/EXTI/STM32_F103C6_EXTI_Driver.o
 .debug_macro   0x0000000000000000      0x240 STM32_F103C6_Drivers/EXTI/STM32_F103C6_EXTI_Driver.o
 .group         0x0000000000000000        0xc STM32_F103C6_Drivers/GPIO/STM32_F103C6_GPIO_Driver.o
 .group         0x0000000000000000        0xc STM32_F103C6_Drivers/GPIO/STM32_F103C6_GPIO_Driver.o
 .group         0x0000000000000000        0xc STM32_F103C6_Drivers/GPIO/STM32_F103C6_GPIO_Driver.o
 .group         0x0000000000000000        0xc STM32_F103C6_Drivers/GPIO/STM32_F103C6_GPIO_Driver.o
 .group         0x0000000000000000        0xc STM32_F103C6_Drivers/GPIO/STM32_F103C6_GPIO_Driver.o
 .group         0x0000000000000000        0xc STM32_F103C6_Drivers/GPIO/STM32_F103C6_GPIO_Driver.o
 .group         0x0000000000000000        0xc STM32_F103C6_Drivers/GPIO/STM32_F103C6_GPIO_Driver.o
 .group         0x0000000000000000        0xc STM32_F103C6_Drivers/GPIO/STM32_F103C6_GPIO_Driver.o
 .group         0x0000000000000000        0xc STM32_F103C6_Drivers/GPIO/STM32_F103C6_GPIO_Driver.o
 .group         0x0000000000000000        0xc STM32_F103C6_Drivers/GPIO/STM32_F103C6_GPIO_Driver.o
 .group         0x0000000000000000        0xc STM32_F103C6_Drivers/GPIO/STM32_F103C6_GPIO_Driver.o
 .group         0x0000000000000000        0xc STM32_F103C6_Drivers/GPIO/STM32_F103C6_GPIO_Driver.o
 .group         0x0000000000000000        0xc STM32_F103C6_Drivers/GPIO/STM32_F103C6_GPIO_Driver.o
 .group         0x0000000000000000        0xc STM32_F103C6_Drivers/GPIO/STM32_F103C6_GPIO_Driver.o
 .group         0x0000000000000000        0xc STM32_F103C6_Drivers/GPIO/STM32_F103C6_GPIO_Driver.o
 .group         0x0000000000000000        0xc STM32_F103C6_Drivers/GPIO/STM32_F103C6_GPIO_Driver.o
 .group         0x0000000000000000        0xc STM32_F103C6_Drivers/GPIO/STM32_F103C6_GPIO_Driver.o
 .group         0x0000000000000000        0xc STM32_F103C6_Drivers/GPIO/STM32_F103C6_GPIO_Driver.o
 .group         0x0000000000000000        0xc STM32_F103C6_Drivers/GPIO/STM32_F103C6_GPIO_Driver.o
 .group         0x0000000000000000        0xc STM32_F103C6_Drivers/GPIO/STM32_F103C6_GPIO_Driver.o
 .group         0x0000000000000000        0xc STM32_F103C6_Drivers/GPIO/STM32_F103C6_GPIO_Driver.o
 .group         0x0000000000000000        0xc STM32_F103C6_Drivers/GPIO/STM32_F103C6_GPIO_Driver.o
 .group         0x0000000000000000        0xc STM32_F103C6_Drivers/GPIO/STM32_F103C6_GPIO_Driver.o
 .group         0x0000000000000000        0xc STM32_F103C6_Drivers/GPIO/STM32_F103C6_GPIO_Driver.o
 .text          0x0000000000000000        0x0 STM32_F103C6_Drivers/GPIO/STM32_F103C6_GPIO_Driver.o
 .data          0x0000000000000000        0x0 STM32_F103C6_Drivers/GPIO/STM32_F103C6_GPIO_Driver.o
 .bss           0x0000000000000000        0x0 STM32_F103C6_Drivers/GPIO/STM32_F103C6_GPIO_Driver.o
 .text.MCAL_GPIO_Reset
                0x0000000000000000       0xd4 STM32_F103C6_Drivers/GPIO/STM32_F103C6_GPIO_Driver.o
 .text.MCAL_GPIO_ReadPin
                0x0000000000000000       0x2e STM32_F103C6_Drivers/GPIO/STM32_F103C6_GPIO_Driver.o
 .text.MCAL_GPIO_ReadPort
                0x0000000000000000       0x1a STM32_F103C6_Drivers/GPIO/STM32_F103C6_GPIO_Driver.o
 .text.MCAL_GPIO_WritePin
                0x0000000000000000       0x2e STM32_F103C6_Drivers/GPIO/STM32_F103C6_GPIO_Driver.o
 .text.MCAL_GPIO_WritePort
                0x0000000000000000       0x1c STM32_F103C6_Drivers/GPIO/STM32_F103C6_GPIO_Driver.o
 .text.MCAL_GPIO_TogglePin
                0x0000000000000000       0x22 STM32_F103C6_Drivers/GPIO/STM32_F103C6_GPIO_Driver.o
 .text.MCAL_GPIO_LockPin
                0x0000000000000000       0x4e STM32_F103C6_Drivers/GPIO/STM32_F103C6_GPIO_Driver.o
 .debug_macro   0x0000000000000000      0xa60 STM32_F103C6_Drivers/GPIO/STM32_F103C6_GPIO_Driver.o
 .debug_macro   0x0000000000000000       0x18 STM32_F103C6_Drivers/GPIO/STM32_F103C6_GPIO_Driver.o
 .debug_macro   0x0000000000000000       0x22 STM32_F103C6_Drivers/GPIO/STM32_F103C6_GPIO_Driver.o
 .debug_macro   0x0000000000000000       0x40 STM32_F103C6_Drivers/GPIO/STM32_F103C6_GPIO_Driver.o
 .debug_macro   0x0000000000000000       0x94 STM32_F103C6_Drivers/GPIO/STM32_F103C6_GPIO_Driver.o
 .debug_macro   0x0000000000000000       0x3c STM32_F103C6_Drivers/GPIO/STM32_F103C6_GPIO_Driver.o
 .debug_macro   0x0000000000000000       0x34 STM32_F103C6_Drivers/GPIO/STM32_F103C6_GPIO_Driver.o
 .debug_macro   0x0000000000000000       0x16 STM32_F103C6_Drivers/GPIO/STM32_F103C6_GPIO_Driver.o
 .debug_macro   0x0000000000000000      0x10e STM32_F103C6_Drivers/GPIO/STM32_F103C6_GPIO_Driver.o
 .debug_macro   0x0000000000000000       0x8d STM32_F103C6_Drivers/GPIO/STM32_F103C6_GPIO_Driver.o
 .debug_macro   0x0000000000000000       0x57 STM32_F103C6_Drivers/GPIO/STM32_F103C6_GPIO_Driver.o
 .debug_macro   0x0000000000000000       0x52 STM32_F103C6_Drivers/GPIO/STM32_F103C6_GPIO_Driver.o
 .debug_macro   0x0000000000000000       0x1f STM32_F103C6_Drivers/GPIO/STM32_F103C6_GPIO_Driver.o
 .debug_macro   0x0000000000000000       0x43 STM32_F103C6_Drivers/GPIO/STM32_F103C6_GPIO_Driver.o
 .debug_macro   0x0000000000000000       0x20 STM32_F103C6_Drivers/GPIO/STM32_F103C6_GPIO_Driver.o
 .debug_macro   0x0000000000000000      0x1a3 STM32_F103C6_Drivers/GPIO/STM32_F103C6_GPIO_Driver.o
 .debug_macro   0x0000000000000000      0x330 STM32_F103C6_Drivers/GPIO/STM32_F103C6_GPIO_Driver.o
 .debug_macro   0x0000000000000000       0x16 STM32_F103C6_Drivers/GPIO/STM32_F103C6_GPIO_Driver.o
 .debug_macro   0x0000000000000000       0x29 STM32_F103C6_Drivers/GPIO/STM32_F103C6_GPIO_Driver.o
 .debug_macro   0x0000000000000000       0xef STM32_F103C6_Drivers/GPIO/STM32_F103C6_GPIO_Driver.o
 .debug_macro   0x0000000000000000       0x6a STM32_F103C6_Drivers/GPIO/STM32_F103C6_GPIO_Driver.o
 .debug_macro   0x0000000000000000      0x1df STM32_F103C6_Drivers/GPIO/STM32_F103C6_GPIO_Driver.o
 .debug_macro   0x0000000000000000      0x240 STM32_F103C6_Drivers/GPIO/STM32_F103C6_GPIO_Driver.o
 .debug_macro   0x0000000000000000       0xca STM32_F103C6_Drivers/GPIO/STM32_F103C6_GPIO_Driver.o
 .group         0x0000000000000000        0xc STM32_F103C6_Drivers/RCC/STM32_F103C6_RCC_Driver.o
 .group         0x0000000000000000        0xc STM32_F103C6_Drivers/RCC/STM32_F103C6_RCC_Driver.o
 .group         0x0000000000000000        0xc STM32_F103C6_Drivers/RCC/STM32_F103C6_RCC_Driver.o
 .group         0x0000000000000000        0xc STM32_F103C6_Drivers/RCC/STM32_F103C6_RCC_Driver.o
 .group         0x0000000000000000        0xc STM32_F103C6_Drivers/RCC/STM32_F103C6_RCC_Driver.o
 .group         0x0000000000000000        0xc STM32_F103C6_Drivers/RCC/STM32_F103C6_RCC_Driver.o
 .group         0x0000000000000000        0xc STM32_F103C6_Drivers/RCC/STM32_F103C6_RCC_Driver.o
 .group         0x0000000000000000        0xc STM32_F103C6_Drivers/RCC/STM32_F103C6_RCC_Driver.o
 .group         0x0000000000000000        0xc STM32_F103C6_Drivers/RCC/STM32_F103C6_RCC_Driver.o
 .group         0x0000000000000000        0xc STM32_F103C6_Drivers/RCC/STM32_F103C6_RCC_Driver.o
 .group         0x0000000000000000        0xc STM32_F103C6_Drivers/RCC/STM32_F103C6_RCC_Driver.o
 .group         0x0000000000000000        0xc STM32_F103C6_Drivers/RCC/STM32_F103C6_RCC_Driver.o
 .group         0x0000000000000000        0xc STM32_F103C6_Drivers/RCC/STM32_F103C6_RCC_Driver.o
 .group         0x0000000000000000        0xc STM32_F103C6_Drivers/RCC/STM32_F103C6_RCC_Driver.o
 .group         0x0000000000000000        0xc STM32_F103C6_Drivers/RCC/STM32_F103C6_RCC_Driver.o
 .group         0x0000000000000000        0xc STM32_F103C6_Drivers/RCC/STM32_F103C6_RCC_Driver.o
 .group         0x0000000000000000        0xc STM32_F103C6_Drivers/RCC/STM32_F103C6_RCC_Driver.o
 .group         0x0000000000000000        0xc STM32_F103C6_Drivers/RCC/STM32_F103C6_RCC_Driver.o
 .group         0x0000000000000000        0xc STM32_F103C6_Drivers/RCC/STM32_F103C6_RCC_Driver.o
 .group         0x0000000000000000        0xc STM32_F103C6_Drivers/RCC/STM32_F103C6_RCC_Driver.o
 .group         0x0000000000000000        0xc STM32_F103C6_Drivers/RCC/STM32_F103C6_RCC_Driver.o
 .group         0x0000000000000000        0xc STM32_F103C6_Drivers/RCC/STM32_F103C6_RCC_Driver.o
 .group         0x0000000000000000        0xc STM32_F103C6_Drivers/RCC/STM32_F103C6_RCC_Driver.o
 .group         0x0000000000000000        0xc STM32_F103C6_Drivers/RCC/STM32_F103C6_RCC_Driver.o
 .text          0x0000000000000000        0x0 STM32_F103C6_Drivers/RCC/STM32_F103C6_RCC_Driver.o
 .data          0x0000000000000000        0x0 STM32_F103C6_Drivers/RCC/STM32_F103C6_RCC_Driver.o
 .bss           0x0000000000000000        0x0 STM32_F103C6_Drivers/RCC/STM32_F103C6_RCC_Driver.o
 .debug_macro   0x0000000000000000      0xa60 STM32_F103C6_Drivers/RCC/STM32_F103C6_RCC_Driver.o
 .debug_macro   0x0000000000000000       0x18 STM32_F103C6_Drivers/RCC/STM32_F103C6_RCC_Driver.o
 .debug_macro   0x0000000000000000       0x22 STM32_F103C6_Drivers/RCC/STM32_F103C6_RCC_Driver.o
 .debug_macro   0x0000000000000000       0x40 STM32_F103C6_Drivers/RCC/STM32_F103C6_RCC_Driver.o
 .debug_macro   0x0000000000000000       0x94 STM32_F103C6_Drivers/RCC/STM32_F103C6_RCC_Driver.o
 .debug_macro   0x0000000000000000       0x3c STM32_F103C6_Drivers/RCC/STM32_F103C6_RCC_Driver.o
 .debug_macro   0x0000000000000000       0x34 STM32_F103C6_Drivers/RCC/STM32_F103C6_RCC_Driver.o
 .debug_macro   0x0000000000000000       0x16 STM32_F103C6_Drivers/RCC/STM32_F103C6_RCC_Driver.o
 .debug_macro   0x0000000000000000      0x10e STM32_F103C6_Drivers/RCC/STM32_F103C6_RCC_Driver.o
 .debug_macro   0x0000000000000000       0x8d STM32_F103C6_Drivers/RCC/STM32_F103C6_RCC_Driver.o
 .debug_macro   0x0000000000000000       0x57 STM32_F103C6_Drivers/RCC/STM32_F103C6_RCC_Driver.o
 .debug_macro   0x0000000000000000       0x52 STM32_F103C6_Drivers/RCC/STM32_F103C6_RCC_Driver.o
 .debug_macro   0x0000000000000000       0x1f STM32_F103C6_Drivers/RCC/STM32_F103C6_RCC_Driver.o
 .debug_macro   0x0000000000000000       0x43 STM32_F103C6_Drivers/RCC/STM32_F103C6_RCC_Driver.o
 .debug_macro   0x0000000000000000       0x20 STM32_F103C6_Drivers/RCC/STM32_F103C6_RCC_Driver.o
 .debug_macro   0x0000000000000000      0x1a3 STM32_F103C6_Drivers/RCC/STM32_F103C6_RCC_Driver.o
 .debug_macro   0x0000000000000000      0x330 STM32_F103C6_Drivers/RCC/STM32_F103C6_RCC_Driver.o
 .debug_macro   0x0000000000000000       0x16 STM32_F103C6_Drivers/RCC/STM32_F103C6_RCC_Driver.o
 .debug_macro   0x0000000000000000       0x29 STM32_F103C6_Drivers/RCC/STM32_F103C6_RCC_Driver.o
 .debug_macro   0x0000000000000000       0xef STM32_F103C6_Drivers/RCC/STM32_F103C6_RCC_Driver.o
 .debug_macro   0x0000000000000000       0x6a STM32_F103C6_Drivers/RCC/STM32_F103C6_RCC_Driver.o
 .debug_macro   0x0000000000000000      0x1df STM32_F103C6_Drivers/RCC/STM32_F103C6_RCC_Driver.o
 .debug_macro   0x0000000000000000      0x240 STM32_F103C6_Drivers/RCC/STM32_F103C6_RCC_Driver.o
 .group         0x0000000000000000        0xc STM32_F103C6_Drivers/USART/STM32_F103C6_USART_Driver.o
 .group         0x0000000000000000        0xc STM32_F103C6_Drivers/USART/STM32_F103C6_USART_Driver.o
 .group         0x0000000000000000        0xc STM32_F103C6_Drivers/USART/STM32_F103C6_USART_Driver.o
 .group         0x0000000000000000        0xc STM32_F103C6_Drivers/USART/STM32_F103C6_USART_Driver.o
 .group         0x0000000000000000        0xc STM32_F103C6_Drivers/USART/STM32_F103C6_USART_Driver.o
 .group         0x0000000000000000        0xc STM32_F103C6_Drivers/USART/STM32_F103C6_USART_Driver.o
 .group         0x0000000000000000        0xc STM32_F103C6_Drivers/USART/STM32_F103C6_USART_Driver.o
 .group         0x0000000000000000        0xc STM32_F103C6_Drivers/USART/STM32_F103C6_USART_Driver.o
 .group         0x0000000000000000        0xc STM32_F103C6_Drivers/USART/STM32_F103C6_USART_Driver.o
 .group         0x0000000000000000        0xc STM32_F103C6_Drivers/USART/STM32_F103C6_USART_Driver.o
 .group         0x0000000000000000        0xc STM32_F103C6_Drivers/USART/STM32_F103C6_USART_Driver.o
 .group         0x0000000000000000        0xc STM32_F103C6_Drivers/USART/STM32_F103C6_USART_Driver.o
 .group         0x0000000000000000        0xc STM32_F103C6_Drivers/USART/STM32_F103C6_USART_Driver.o
 .group         0x0000000000000000        0xc STM32_F103C6_Drivers/USART/STM32_F103C6_USART_Driver.o
 .group         0x0000000000000000        0xc STM32_F103C6_Drivers/USART/STM32_F103C6_USART_Driver.o
 .group         0x0000000000000000        0xc STM32_F103C6_Drivers/USART/STM32_F103C6_USART_Driver.o
 .group         0x0000000000000000        0xc STM32_F103C6_Drivers/USART/STM32_F103C6_USART_Driver.o
 .group         0x0000000000000000        0xc STM32_F103C6_Drivers/USART/STM32_F103C6_USART_Driver.o
 .group         0x0000000000000000        0xc STM32_F103C6_Drivers/USART/STM32_F103C6_USART_Driver.o
 .group         0x0000000000000000        0xc STM32_F103C6_Drivers/USART/STM32_F103C6_USART_Driver.o
 .group         0x0000000000000000        0xc STM32_F103C6_Drivers/USART/STM32_F103C6_USART_Driver.o
 .group         0x0000000000000000        0xc STM32_F103C6_Drivers/USART/STM32_F103C6_USART_Driver.o
 .group         0x0000000000000000        0xc STM32_F103C6_Drivers/USART/STM32_F103C6_USART_Driver.o
 .group         0x0000000000000000        0xc STM32_F103C6_Drivers/USART/STM32_F103C6_USART_Driver.o
 .group         0x0000000000000000        0xc STM32_F103C6_Drivers/USART/STM32_F103C6_USART_Driver.o
 .group         0x0000000000000000        0xc STM32_F103C6_Drivers/USART/STM32_F103C6_USART_Driver.o
 .text          0x0000000000000000        0x0 STM32_F103C6_Drivers/USART/STM32_F103C6_USART_Driver.o
 .data          0x0000000000000000        0x0 STM32_F103C6_Drivers/USART/STM32_F103C6_USART_Driver.o
 .bss           0x0000000000000000        0x0 STM32_F103C6_Drivers/USART/STM32_F103C6_USART_Driver.o
 .text.MCAL_UART_Reset
                0x0000000000000000       0x8c STM32_F103C6_Drivers/USART/STM32_F103C6_USART_Driver.o
 .text.MCAL_UART_WAIT_TC
                0x0000000000000000       0x20 STM32_F103C6_Drivers/USART/STM32_F103C6_USART_Driver.o
 .debug_macro   0x0000000000000000      0xa60 STM32_F103C6_Drivers/USART/STM32_F103C6_USART_Driver.o
 .debug_macro   0x0000000000000000       0x18 STM32_F103C6_Drivers/USART/STM32_F103C6_USART_Driver.o
 .debug_macro   0x0000000000000000       0x22 STM32_F103C6_Drivers/USART/STM32_F103C6_USART_Driver.o
 .debug_macro   0x0000000000000000       0x40 STM32_F103C6_Drivers/USART/STM32_F103C6_USART_Driver.o
 .debug_macro   0x0000000000000000       0x94 STM32_F103C6_Drivers/USART/STM32_F103C6_USART_Driver.o
 .debug_macro   0x0000000000000000       0x3c STM32_F103C6_Drivers/USART/STM32_F103C6_USART_Driver.o
 .debug_macro   0x0000000000000000       0x34 STM32_F103C6_Drivers/USART/STM32_F103C6_USART_Driver.o
 .debug_macro   0x0000000000000000       0x16 STM32_F103C6_Drivers/USART/STM32_F103C6_USART_Driver.o
 .debug_macro   0x0000000000000000      0x10e STM32_F103C6_Drivers/USART/STM32_F103C6_USART_Driver.o
 .debug_macro   0x0000000000000000       0x8d STM32_F103C6_Drivers/USART/STM32_F103C6_USART_Driver.o
 .debug_macro   0x0000000000000000       0x57 STM32_F103C6_Drivers/USART/STM32_F103C6_USART_Driver.o
 .debug_macro   0x0000000000000000       0x52 STM32_F103C6_Drivers/USART/STM32_F103C6_USART_Driver.o
 .debug_macro   0x0000000000000000       0x1f STM32_F103C6_Drivers/USART/STM32_F103C6_USART_Driver.o
 .debug_macro   0x0000000000000000       0x43 STM32_F103C6_Drivers/USART/STM32_F103C6_USART_Driver.o
 .debug_macro   0x0000000000000000       0x20 STM32_F103C6_Drivers/USART/STM32_F103C6_USART_Driver.o
 .debug_macro   0x0000000000000000      0x1a3 STM32_F103C6_Drivers/USART/STM32_F103C6_USART_Driver.o
 .debug_macro   0x0000000000000000      0x330 STM32_F103C6_Drivers/USART/STM32_F103C6_USART_Driver.o
 .debug_macro   0x0000000000000000       0x16 STM32_F103C6_Drivers/USART/STM32_F103C6_USART_Driver.o
 .debug_macro   0x0000000000000000       0x29 STM32_F103C6_Drivers/USART/STM32_F103C6_USART_Driver.o
 .debug_macro   0x0000000000000000       0xef STM32_F103C6_Drivers/USART/STM32_F103C6_USART_Driver.o
 .debug_macro   0x0000000000000000       0x6a STM32_F103C6_Drivers/USART/STM32_F103C6_USART_Driver.o
 .debug_macro   0x0000000000000000      0x1df STM32_F103C6_Drivers/USART/STM32_F103C6_USART_Driver.o
 .debug_macro   0x0000000000000000      0x240 STM32_F103C6_Drivers/USART/STM32_F103C6_USART_Driver.o
 .debug_macro   0x0000000000000000       0xd0 STM32_F103C6_Drivers/USART/STM32_F103C6_USART_Driver.o
 .group         0x0000000000000000        0xc Src/main.o
 .group         0x0000000000000000        0xc Src/main.o
 .group         0x0000000000000000        0xc Src/main.o
 .group         0x0000000000000000        0xc Src/main.o
 .group         0x0000000000000000        0xc Src/main.o
 .group         0x0000000000000000        0xc Src/main.o
 .group         0x0000000000000000        0xc Src/main.o
 .group         0x0000000000000000        0xc Src/main.o
 .group         0x0000000000000000        0xc Src/main.o
 .group         0x0000000000000000        0xc Src/main.o
 .group         0x0000000000000000        0xc Src/main.o
 .group         0x0000000000000000        0xc Src/main.o
 .group         0x0000000000000000        0xc Src/main.o
 .group         0x0000000000000000        0xc Src/main.o
 .group         0x0000000000000000        0xc Src/main.o
 .group         0x0000000000000000        0xc Src/main.o
 .group         0x0000000000000000        0xc Src/main.o
 .group         0x0000000000000000        0xc Src/main.o
 .group         0x0000000000000000        0xc Src/main.o
 .group         0x0000000000000000        0xc Src/main.o
 .group         0x0000000000000000        0xc Src/main.o
 .group         0x0000000000000000        0xc Src/main.o
 .group         0x0000000000000000        0xc Src/main.o
 .group         0x0000000000000000        0xc Src/main.o
 .group         0x0000000000000000        0xc Src/main.o
 .group         0x0000000000000000        0xc Src/main.o
 .group         0x0000000000000000        0xc Src/main.o
 .text          0x0000000000000000        0x0 Src/main.o
 .data          0x0000000000000000        0x0 Src/main.o
 .bss           0x0000000000000000        0x0 Src/main.o
 .text.wait     0x0000000000000000       0x3a Src/main.o
 .debug_macro   0x0000000000000000      0xa60 Src/main.o
 .debug_macro   0x0000000000000000       0x18 Src/main.o
 .debug_macro   0x0000000000000000       0x22 Src/main.o
 .debug_macro   0x0000000000000000       0x40 Src/main.o
 .debug_macro   0x0000000000000000       0x94 Src/main.o
 .debug_macro   0x0000000000000000       0x3c Src/main.o
 .debug_macro   0x0000000000000000       0x34 Src/main.o
 .debug_macro   0x0000000000000000       0x16 Src/main.o
 .debug_macro   0x0000000000000000      0x10e Src/main.o
 .debug_macro   0x0000000000000000       0x8d Src/main.o
 .debug_macro   0x0000000000000000       0x57 Src/main.o
 .debug_macro   0x0000000000000000       0x52 Src/main.o
 .debug_macro   0x0000000000000000       0x1f Src/main.o
 .debug_macro   0x0000000000000000       0x43 Src/main.o
 .debug_macro   0x0000000000000000       0x20 Src/main.o
 .debug_macro   0x0000000000000000      0x1a3 Src/main.o
 .debug_macro   0x0000000000000000      0x330 Src/main.o
 .debug_macro   0x0000000000000000       0x16 Src/main.o
 .debug_macro   0x0000000000000000       0x29 Src/main.o
 .debug_macro   0x0000000000000000       0xef Src/main.o
 .debug_macro   0x0000000000000000       0x6a Src/main.o
 .debug_macro   0x0000000000000000      0x1df Src/main.o
 .debug_macro   0x0000000000000000      0x240 Src/main.o
 .debug_macro   0x0000000000000000       0xca Src/main.o
 .debug_macro   0x0000000000000000      0x233 Src/main.o
 .debug_macro   0x0000000000000000       0x16 Src/main.o
 .debug_macro   0x0000000000000000       0xee Src/main.o
 .group         0x0000000000000000        0xc Src/syscalls.o
 .group         0x0000000000000000        0xc Src/syscalls.o
 .group         0x0000000000000000        0xc Src/syscalls.o
 .group         0x0000000000000000        0xc Src/syscalls.o
 .group         0x0000000000000000        0xc Src/syscalls.o
 .group         0x0000000000000000        0xc Src/syscalls.o
 .group         0x0000000000000000        0xc Src/syscalls.o
 .group         0x0000000000000000        0xc Src/syscalls.o
 .group         0x0000000000000000        0xc Src/syscalls.o
 .group         0x0000000000000000        0xc Src/syscalls.o
 .group         0x0000000000000000        0xc Src/syscalls.o
 .group         0x0000000000000000        0xc Src/syscalls.o
 .group         0x0000000000000000        0xc Src/syscalls.o
 .group         0x0000000000000000        0xc Src/syscalls.o
 .group         0x0000000000000000        0xc Src/syscalls.o
 .group         0x0000000000000000        0xc Src/syscalls.o
 .group         0x0000000000000000        0xc Src/syscalls.o
 .group         0x0000000000000000        0xc Src/syscalls.o
 .group         0x0000000000000000        0xc Src/syscalls.o
 .group         0x0000000000000000        0xc Src/syscalls.o
 .group         0x0000000000000000        0xc Src/syscalls.o
 .group         0x0000000000000000        0xc Src/syscalls.o
 .group         0x0000000000000000        0xc Src/syscalls.o
 .group         0x0000000000000000        0xc Src/syscalls.o
 .group         0x0000000000000000        0xc Src/syscalls.o
 .group         0x0000000000000000        0xc Src/syscalls.o
 .group         0x0000000000000000        0xc Src/syscalls.o
 .group         0x0000000000000000        0xc Src/syscalls.o
 .group         0x0000000000000000        0xc Src/syscalls.o
 .group         0x0000000000000000        0xc Src/syscalls.o
 .group         0x0000000000000000        0xc Src/syscalls.o
 .group         0x0000000000000000        0xc Src/syscalls.o
 .group         0x0000000000000000        0xc Src/syscalls.o
 .group         0x0000000000000000        0xc Src/syscalls.o
 .group         0x0000000000000000        0xc Src/syscalls.o
 .group         0x0000000000000000        0xc Src/syscalls.o
 .group         0x0000000000000000        0xc Src/syscalls.o
 .group         0x0000000000000000        0xc Src/syscalls.o
 .group         0x0000000000000000        0xc Src/syscalls.o
 .group         0x0000000000000000        0xc Src/syscalls.o
 .group         0x0000000000000000        0xc Src/syscalls.o
 .group         0x0000000000000000        0xc Src/syscalls.o
 .group         0x0000000000000000        0xc Src/syscalls.o
 .group         0x0000000000000000        0xc Src/syscalls.o
 .text          0x0000000000000000        0x0 Src/syscalls.o
 .data          0x0000000000000000        0x0 Src/syscalls.o
 .bss           0x0000000000000000        0x0 Src/syscalls.o
 .bss.__env     0x0000000000000000        0x4 Src/syscalls.o
 .data.environ  0x0000000000000000        0x4 Src/syscalls.o
 .text.initialise_monitor_handles
                0x0000000000000000        0xc Src/syscalls.o
 .text._getpid  0x0000000000000000        0xe Src/syscalls.o
 .text._kill    0x0000000000000000       0x20 Src/syscalls.o
 .text._exit    0x0000000000000000       0x14 Src/syscalls.o
 .text._read    0x0000000000000000       0x3a Src/syscalls.o
 .text._write   0x0000000000000000       0x38 Src/syscalls.o
 .text._close   0x0000000000000000       0x16 Src/syscalls.o
 .text._fstat   0x0000000000000000       0x1e Src/syscalls.o
 .text._isatty  0x0000000000000000       0x14 Src/syscalls.o
 .text._lseek   0x0000000000000000       0x18 Src/syscalls.o
 .text._open    0x0000000000000000       0x1a Src/syscalls.o
 .text._wait    0x0000000000000000       0x1e Src/syscalls.o
 .text._unlink  0x0000000000000000       0x1e Src/syscalls.o
 .text._times   0x0000000000000000       0x16 Src/syscalls.o
 .text._stat    0x0000000000000000       0x1e Src/syscalls.o
 .text._link    0x0000000000000000       0x20 Src/syscalls.o
 .text._fork    0x0000000000000000       0x16 Src/syscalls.o
 .text._execve  0x0000000000000000       0x22 Src/syscalls.o
 .debug_info    0x0000000000000000     0x1038 Src/syscalls.o
 .debug_abbrev  0x0000000000000000      0x254 Src/syscalls.o
 .debug_loc     0x0000000000000000      0x5b8 Src/syscalls.o
 .debug_aranges
                0x0000000000000000       0xa8 Src/syscalls.o
 .debug_ranges  0x0000000000000000       0x98 Src/syscalls.o
 .debug_macro   0x0000000000000000      0x243 Src/syscalls.o
 .debug_macro   0x0000000000000000      0xa60 Src/syscalls.o
 .debug_macro   0x0000000000000000       0x22 Src/syscalls.o
 .debug_macro   0x0000000000000000       0x40 Src/syscalls.o
 .debug_macro   0x0000000000000000       0x18 Src/syscalls.o
 .debug_macro   0x0000000000000000       0x94 Src/syscalls.o
 .debug_macro   0x0000000000000000       0x3c Src/syscalls.o
 .debug_macro   0x0000000000000000       0x34 Src/syscalls.o
 .debug_macro   0x0000000000000000       0x57 Src/syscalls.o
 .debug_macro   0x0000000000000000      0x174 Src/syscalls.o
 .debug_macro   0x0000000000000000      0x330 Src/syscalls.o
 .debug_macro   0x0000000000000000       0x52 Src/syscalls.o
 .debug_macro   0x0000000000000000       0x1f Src/syscalls.o
 .debug_macro   0x0000000000000000       0x43 Src/syscalls.o
 .debug_macro   0x0000000000000000       0x20 Src/syscalls.o
 .debug_macro   0x0000000000000000      0x1a3 Src/syscalls.o
 .debug_macro   0x0000000000000000       0x10 Src/syscalls.o
 .debug_macro   0x0000000000000000       0x35 Src/syscalls.o
 .debug_macro   0x0000000000000000       0x10 Src/syscalls.o
 .debug_macro   0x0000000000000000       0x10 Src/syscalls.o
 .debug_macro   0x0000000000000000       0x10 Src/syscalls.o
 .debug_macro   0x0000000000000000       0x6a Src/syscalls.o
 .debug_macro   0x0000000000000000       0x1c Src/syscalls.o
 .debug_macro   0x0000000000000000       0x52 Src/syscalls.o
 .debug_macro   0x0000000000000000       0x40 Src/syscalls.o
 .debug_macro   0x0000000000000000       0x10 Src/syscalls.o
 .debug_macro   0x0000000000000000       0x40 Src/syscalls.o
 .debug_macro   0x0000000000000000       0xd7 Src/syscalls.o
 .debug_macro   0x0000000000000000       0x1c Src/syscalls.o
 .debug_macro   0x0000000000000000       0x3d Src/syscalls.o
 .debug_macro   0x0000000000000000       0x35 Src/syscalls.o
 .debug_macro   0x0000000000000000      0x122 Src/syscalls.o
 .debug_macro   0x0000000000000000       0x16 Src/syscalls.o
 .debug_macro   0x0000000000000000       0x16 Src/syscalls.o
 .debug_macro   0x0000000000000000       0x29 Src/syscalls.o
 .debug_macro   0x0000000000000000       0x10 Src/syscalls.o
 .debug_macro   0x0000000000000000      0x241 Src/syscalls.o
 .debug_macro   0x0000000000000000       0x1c Src/syscalls.o
 .debug_macro   0x0000000000000000       0x10 Src/syscalls.o
 .debug_macro   0x0000000000000000       0x10 Src/syscalls.o
 .debug_macro   0x0000000000000000       0x16 Src/syscalls.o
 .debug_macro   0x0000000000000000      0x145 Src/syscalls.o
 .debug_macro   0x0000000000000000      0x189 Src/syscalls.o
 .debug_macro   0x0000000000000000       0x16 Src/syscalls.o
 .debug_macro   0x0000000000000000       0x88 Src/syscalls.o
 .debug_line    0x0000000000000000      0x757 Src/syscalls.o
 .debug_str     0x0000000000000000     0x886b Src/syscalls.o
 .comment       0x0000000000000000       0x7c Src/syscalls.o
 .debug_frame   0x0000000000000000      0x2ac Src/syscalls.o
 .ARM.attributes
                0x0000000000000000       0x33 Src/syscalls.o
 .group         0x0000000000000000        0xc Src/sysmem.o
 .group         0x0000000000000000        0xc Src/sysmem.o
 .group         0x0000000000000000        0xc Src/sysmem.o
 .group         0x0000000000000000        0xc Src/sysmem.o
 .group         0x0000000000000000        0xc Src/sysmem.o
 .group         0x0000000000000000        0xc Src/sysmem.o
 .group         0x0000000000000000        0xc Src/sysmem.o
 .group         0x0000000000000000        0xc Src/sysmem.o
 .group         0x0000000000000000        0xc Src/sysmem.o
 .group         0x0000000000000000        0xc Src/sysmem.o
 .group         0x0000000000000000        0xc Src/sysmem.o
 .group         0x0000000000000000        0xc Src/sysmem.o
 .group         0x0000000000000000        0xc Src/sysmem.o
 .group         0x0000000000000000        0xc Src/sysmem.o
 .group         0x0000000000000000        0xc Src/sysmem.o
 .group         0x0000000000000000        0xc Src/sysmem.o
 .group         0x0000000000000000        0xc Src/sysmem.o
 .group         0x0000000000000000        0xc Src/sysmem.o
 .group         0x0000000000000000        0xc Src/sysmem.o
 .text          0x0000000000000000        0x0 Src/sysmem.o
 .data          0x0000000000000000        0x0 Src/sysmem.o
 .bss           0x0000000000000000        0x0 Src/sysmem.o
 .bss.__sbrk_heap_end
                0x0000000000000000        0x4 Src/sysmem.o
 .text._sbrk    0x0000000000000000       0x6c Src/sysmem.o
 .debug_info    0x0000000000000000      0xa7c Src/sysmem.o
 .debug_abbrev  0x0000000000000000      0x18e Src/sysmem.o
 .debug_loc     0x0000000000000000       0x50 Src/sysmem.o
 .debug_aranges
                0x0000000000000000       0x20 Src/sysmem.o
 .debug_ranges  0x0000000000000000       0x10 Src/sysmem.o
 .debug_macro   0x0000000000000000       0xee Src/sysmem.o
 .debug_macro   0x0000000000000000      0xa60 Src/sysmem.o
 .debug_macro   0x0000000000000000       0x10 Src/sysmem.o
 .debug_macro   0x0000000000000000       0x22 Src/sysmem.o
 .debug_macro   0x0000000000000000       0x40 Src/sysmem.o
 .debug_macro   0x0000000000000000       0x18 Src/sysmem.o
 .debug_macro   0x0000000000000000       0x94 Src/sysmem.o
 .debug_macro   0x0000000000000000       0x3c Src/sysmem.o
 .debug_macro   0x0000000000000000       0x34 Src/sysmem.o
 .debug_macro   0x0000000000000000      0x174 Src/sysmem.o
 .debug_macro   0x0000000000000000       0x57 Src/sysmem.o
 .debug_macro   0x0000000000000000       0x52 Src/sysmem.o
 .debug_macro   0x0000000000000000       0x1f Src/sysmem.o
 .debug_macro   0x0000000000000000       0x43 Src/sysmem.o
 .debug_macro   0x0000000000000000       0x20 Src/sysmem.o
 .debug_macro   0x0000000000000000      0x1a3 Src/sysmem.o
 .debug_macro   0x0000000000000000      0x23b Src/sysmem.o
 .debug_macro   0x0000000000000000       0xef Src/sysmem.o
 .debug_macro   0x0000000000000000       0x6a Src/sysmem.o
 .debug_macro   0x0000000000000000      0x1df Src/sysmem.o
 .debug_line    0x0000000000000000      0x4e0 Src/sysmem.o
 .debug_str     0x0000000000000000     0x5f39 Src/sysmem.o
 .comment       0x0000000000000000       0x7c Src/sysmem.o
 .debug_frame   0x0000000000000000       0x34 Src/sysmem.o
 .ARM.attributes
                0x0000000000000000       0x33 Src/sysmem.o
 .text          0x0000000000000000       0x14 Startup/startup_stm32f103c6tx.o
 .data          0x0000000000000000        0x0 Startup/startup_stm32f103c6tx.o
 .bss           0x0000000000000000        0x0 Startup/startup_stm32f103c6tx.o
 .text          0x0000000000000000        0x0 d:/programs/stm32cubeide_1.4.0/stm32cubeide/plugins/com.st.stm32cube.ide.mcu.externaltools.gnu-tools-for-stm32.7-2018-q2-update.win32_1.4.0.202007081208/tools/bin/../lib/gcc/arm-none-eabi/7.3.1/../../../../arm-none-eabi/lib/thumb/v7-m\libc_nano.a(lib_a-errno.o)
 .data          0x0000000000000000        0x0 d:/programs/stm32cubeide_1.4.0/stm32cubeide/plugins/com.st.stm32cube.ide.mcu.externaltools.gnu-tools-for-stm32.7-2018-q2-update.win32_1.4.0.202007081208/tools/bin/../lib/gcc/arm-none-eabi/7.3.1/../../../../arm-none-eabi/lib/thumb/v7-m\libc_nano.a(lib_a-errno.o)
 .bss           0x0000000000000000        0x0 d:/programs/stm32cubeide_1.4.0/stm32cubeide/plugins/com.st.stm32cube.ide.mcu.externaltools.gnu-tools-for-stm32.7-2018-q2-update.win32_1.4.0.202007081208/tools/bin/../lib/gcc/arm-none-eabi/7.3.1/../../../../arm-none-eabi/lib/thumb/v7-m\libc_nano.a(lib_a-errno.o)
 .text.__errno  0x0000000000000000        0xc d:/programs/stm32cubeide_1.4.0/stm32cubeide/plugins/com.st.stm32cube.ide.mcu.externaltools.gnu-tools-for-stm32.7-2018-q2-update.win32_1.4.0.202007081208/tools/bin/../lib/gcc/arm-none-eabi/7.3.1/../../../../arm-none-eabi/lib/thumb/v7-m\libc_nano.a(lib_a-errno.o)
 .debug_frame   0x0000000000000000       0x20 d:/programs/stm32cubeide_1.4.0/stm32cubeide/plugins/com.st.stm32cube.ide.mcu.externaltools.gnu-tools-for-stm32.7-2018-q2-update.win32_1.4.0.202007081208/tools/bin/../lib/gcc/arm-none-eabi/7.3.1/../../../../arm-none-eabi/lib/thumb/v7-m\libc_nano.a(lib_a-errno.o)
 .ARM.attributes
                0x0000000000000000       0x2d d:/programs/stm32cubeide_1.4.0/stm32cubeide/plugins/com.st.stm32cube.ide.mcu.externaltools.gnu-tools-for-stm32.7-2018-q2-update.win32_1.4.0.202007081208/tools/bin/../lib/gcc/arm-none-eabi/7.3.1/../../../../arm-none-eabi/lib/thumb/v7-m\libc_nano.a(lib_a-errno.o)
 .text          0x0000000000000000        0x0 d:/programs/stm32cubeide_1.4.0/stm32cubeide/plugins/com.st.stm32cube.ide.mcu.externaltools.gnu-tools-for-stm32.7-2018-q2-update.win32_1.4.0.202007081208/tools/bin/../lib/gcc/arm-none-eabi/7.3.1/../../../../arm-none-eabi/lib/thumb/v7-m\libc_nano.a(lib_a-exit.o)
 .data          0x0000000000000000        0x0 d:/programs/stm32cubeide_1.4.0/stm32cubeide/plugins/com.st.stm32cube.ide.mcu.externaltools.gnu-tools-for-stm32.7-2018-q2-update.win32_1.4.0.202007081208/tools/bin/../lib/gcc/arm-none-eabi/7.3.1/../../../../arm-none-eabi/lib/thumb/v7-m\libc_nano.a(lib_a-exit.o)
 .bss           0x0000000000000000        0x0 d:/programs/stm32cubeide_1.4.0/stm32cubeide/plugins/com.st.stm32cube.ide.mcu.externaltools.gnu-tools-for-stm32.7-2018-q2-update.win32_1.4.0.202007081208/tools/bin/../lib/gcc/arm-none-eabi/7.3.1/../../../../arm-none-eabi/lib/thumb/v7-m\libc_nano.a(lib_a-exit.o)
 .text.exit     0x0000000000000000       0x28 d:/programs/stm32cubeide_1.4.0/stm32cubeide/plugins/com.st.stm32cube.ide.mcu.externaltools.gnu-tools-for-stm32.7-2018-q2-update.win32_1.4.0.202007081208/tools/bin/../lib/gcc/arm-none-eabi/7.3.1/../../../../arm-none-eabi/lib/thumb/v7-m\libc_nano.a(lib_a-exit.o)
 .debug_frame   0x0000000000000000       0x28 d:/programs/stm32cubeide_1.4.0/stm32cubeide/plugins/com.st.stm32cube.ide.mcu.externaltools.gnu-tools-for-stm32.7-2018-q2-update.win32_1.4.0.202007081208/tools/bin/../lib/gcc/arm-none-eabi/7.3.1/../../../../arm-none-eabi/lib/thumb/v7-m\libc_nano.a(lib_a-exit.o)
 .ARM.attributes
                0x0000000000000000       0x2d d:/programs/stm32cubeide_1.4.0/stm32cubeide/plugins/com.st.stm32cube.ide.mcu.externaltools.gnu-tools-for-stm32.7-2018-q2-update.win32_1.4.0.202007081208/tools/bin/../lib/gcc/arm-none-eabi/7.3.1/../../../../arm-none-eabi/lib/thumb/v7-m\libc_nano.a(lib_a-exit.o)
 .text          0x0000000000000000        0x0 d:/programs/stm32cubeide_1.4.0/stm32cubeide/plugins/com.st.stm32cube.ide.mcu.externaltools.gnu-tools-for-stm32.7-2018-q2-update.win32_1.4.0.202007081208/tools/bin/../lib/gcc/arm-none-eabi/7.3.1/../../../../arm-none-eabi/lib/thumb/v7-m\libc_nano.a(lib_a-impure.o)
 .data          0x0000000000000000        0x0 d:/programs/stm32cubeide_1.4.0/stm32cubeide/plugins/com.st.stm32cube.ide.mcu.externaltools.gnu-tools-for-stm32.7-2018-q2-update.win32_1.4.0.202007081208/tools/bin/../lib/gcc/arm-none-eabi/7.3.1/../../../../arm-none-eabi/lib/thumb/v7-m\libc_nano.a(lib_a-impure.o)
 .bss           0x0000000000000000        0x0 d:/programs/stm32cubeide_1.4.0/stm32cubeide/plugins/com.st.stm32cube.ide.mcu.externaltools.gnu-tools-for-stm32.7-2018-q2-update.win32_1.4.0.202007081208/tools/bin/../lib/gcc/arm-none-eabi/7.3.1/../../../../arm-none-eabi/lib/thumb/v7-m\libc_nano.a(lib_a-impure.o)
 .data._impure_ptr
                0x0000000000000000        0x4 d:/programs/stm32cubeide_1.4.0/stm32cubeide/plugins/com.st.stm32cube.ide.mcu.externaltools.gnu-tools-for-stm32.7-2018-q2-update.win32_1.4.0.202007081208/tools/bin/../lib/gcc/arm-none-eabi/7.3.1/../../../../arm-none-eabi/lib/thumb/v7-m\libc_nano.a(lib_a-impure.o)
 .data.impure_data
                0x0000000000000000       0x60 d:/programs/stm32cubeide_1.4.0/stm32cubeide/plugins/com.st.stm32cube.ide.mcu.externaltools.gnu-tools-for-stm32.7-2018-q2-update.win32_1.4.0.202007081208/tools/bin/../lib/gcc/arm-none-eabi/7.3.1/../../../../arm-none-eabi/lib/thumb/v7-m\libc_nano.a(lib_a-impure.o)
 .rodata._global_impure_ptr
                0x0000000000000000        0x4 d:/programs/stm32cubeide_1.4.0/stm32cubeide/plugins/com.st.stm32cube.ide.mcu.externaltools.gnu-tools-for-stm32.7-2018-q2-update.win32_1.4.0.202007081208/tools/bin/../lib/gcc/arm-none-eabi/7.3.1/../../../../arm-none-eabi/lib/thumb/v7-m\libc_nano.a(lib_a-impure.o)
 .ARM.attributes
                0x0000000000000000       0x2d d:/programs/stm32cubeide_1.4.0/stm32cubeide/plugins/com.st.stm32cube.ide.mcu.externaltools.gnu-tools-for-stm32.7-2018-q2-update.win32_1.4.0.202007081208/tools/bin/../lib/gcc/arm-none-eabi/7.3.1/../../../../arm-none-eabi/lib/thumb/v7-m\libc_nano.a(lib_a-impure.o)
 .text          0x0000000000000000        0x0 d:/programs/stm32cubeide_1.4.0/stm32cubeide/plugins/com.st.stm32cube.ide.mcu.externaltools.gnu-tools-for-stm32.7-2018-q2-update.win32_1.4.0.202007081208/tools/bin/../lib/gcc/arm-none-eabi/7.3.1/../../../../arm-none-eabi/lib/thumb/v7-m\libc_nano.a(lib_a-init.o)
 .data          0x0000000000000000        0x0 d:/programs/stm32cubeide_1.4.0/stm32cubeide/plugins/com.st.stm32cube.ide.mcu.externaltools.gnu-tools-for-stm32.7-2018-q2-update.win32_1.4.0.202007081208/tools/bin/../lib/gcc/arm-none-eabi/7.3.1/../../../../arm-none-eabi/lib/thumb/v7-m\libc_nano.a(lib_a-init.o)
 .bss           0x0000000000000000        0x0 d:/programs/stm32cubeide_1.4.0/stm32cubeide/plugins/com.st.stm32cube.ide.mcu.externaltools.gnu-tools-for-stm32.7-2018-q2-update.win32_1.4.0.202007081208/tools/bin/../lib/gcc/arm-none-eabi/7.3.1/../../../../arm-none-eabi/lib/thumb/v7-m\libc_nano.a(lib_a-init.o)
 .text          0x0000000000000000        0x0 d:/programs/stm32cubeide_1.4.0/stm32cubeide/plugins/com.st.stm32cube.ide.mcu.externaltools.gnu-tools-for-stm32.7-2018-q2-update.win32_1.4.0.202007081208/tools/bin/../lib/gcc/arm-none-eabi/7.3.1/../../../../arm-none-eabi/lib/thumb/v7-m\libc_nano.a(lib_a-memset.o)
 .data          0x0000000000000000        0x0 d:/programs/stm32cubeide_1.4.0/stm32cubeide/plugins/com.st.stm32cube.ide.mcu.externaltools.gnu-tools-for-stm32.7-2018-q2-update.win32_1.4.0.202007081208/tools/bin/../lib/gcc/arm-none-eabi/7.3.1/../../../../arm-none-eabi/lib/thumb/v7-m\libc_nano.a(lib_a-memset.o)
 .bss           0x0000000000000000        0x0 d:/programs/stm32cubeide_1.4.0/stm32cubeide/plugins/com.st.stm32cube.ide.mcu.externaltools.gnu-tools-for-stm32.7-2018-q2-update.win32_1.4.0.202007081208/tools/bin/../lib/gcc/arm-none-eabi/7.3.1/../../../../arm-none-eabi/lib/thumb/v7-m\libc_nano.a(lib_a-memset.o)
 .text.memset   0x0000000000000000       0x10 d:/programs/stm32cubeide_1.4.0/stm32cubeide/plugins/com.st.stm32cube.ide.mcu.externaltools.gnu-tools-for-stm32.7-2018-q2-update.win32_1.4.0.202007081208/tools/bin/../lib/gcc/arm-none-eabi/7.3.1/../../../../arm-none-eabi/lib/thumb/v7-m\libc_nano.a(lib_a-memset.o)
 .debug_frame   0x0000000000000000       0x20 d:/programs/stm32cubeide_1.4.0/stm32cubeide/plugins/com.st.stm32cube.ide.mcu.externaltools.gnu-tools-for-stm32.7-2018-q2-update.win32_1.4.0.202007081208/tools/bin/../lib/gcc/arm-none-eabi/7.3.1/../../../../arm-none-eabi/lib/thumb/v7-m\libc_nano.a(lib_a-memset.o)
 .ARM.attributes
                0x0000000000000000       0x2d d:/programs/stm32cubeide_1.4.0/stm32cubeide/plugins/com.st.stm32cube.ide.mcu.externaltools.gnu-tools-for-stm32.7-2018-q2-update.win32_1.4.0.202007081208/tools/bin/../lib/gcc/arm-none-eabi/7.3.1/../../../../arm-none-eabi/lib/thumb/v7-m\libc_nano.a(lib_a-memset.o)
 .text          0x0000000000000000        0x0 d:/programs/stm32cubeide_1.4.0/stm32cubeide/plugins/com.st.stm32cube.ide.mcu.externaltools.gnu-tools-for-stm32.7-2018-q2-update.win32_1.4.0.202007081208/tools/bin/../lib/gcc/arm-none-eabi/7.3.1/thumb/v7-m/crtend.o
 .data          0x0000000000000000        0x0 d:/programs/stm32cubeide_1.4.0/stm32cubeide/plugins/com.st.stm32cube.ide.mcu.externaltools.gnu-tools-for-stm32.7-2018-q2-update.win32_1.4.0.202007081208/tools/bin/../lib/gcc/arm-none-eabi/7.3.1/thumb/v7-m/crtend.o
 .bss           0x0000000000000000        0x0 d:/programs/stm32cubeide_1.4.0/stm32cubeide/plugins/com.st.stm32cube.ide.mcu.externaltools.gnu-tools-for-stm32.7-2018-q2-update.win32_1.4.0.202007081208/tools/bin/../lib/gcc/arm-none-eabi/7.3.1/thumb/v7-m/crtend.o
 .eh_frame      0x0000000000000000        0x4 d:/programs/stm32cubeide_1.4.0/stm32cubeide/plugins/com.st.stm32cube.ide.mcu.externaltools.gnu-tools-for-stm32.7-2018-q2-update.win32_1.4.0.202007081208/tools/bin/../lib/gcc/arm-none-eabi/7.3.1/thumb/v7-m/crtend.o
 .ARM.attributes
                0x0000000000000000       0x2d d:/programs/stm32cubeide_1.4.0/stm32cubeide/plugins/com.st.stm32cube.ide.mcu.externaltools.gnu-tools-for-stm32.7-2018-q2-update.win32_1.4.0.202007081208/tools/bin/../lib/gcc/arm-none-eabi/7.3.1/thumb/v7-m/crtend.o
 .text          0x0000000000000000        0x0 d:/programs/stm32cubeide_1.4.0/stm32cubeide/plugins/com.st.stm32cube.ide.mcu.externaltools.gnu-tools-for-stm32.7-2018-q2-update.win32_1.4.0.202007081208/tools/bin/../lib/gcc/arm-none-eabi/7.3.1/thumb/v7-m/crtn.o
 .data          0x0000000000000000        0x0 d:/programs/stm32cubeide_1.4.0/stm32cubeide/plugins/com.st.stm32cube.ide.mcu.externaltools.gnu-tools-for-stm32.7-2018-q2-update.win32_1.4.0.202007081208/tools/bin/../lib/gcc/arm-none-eabi/7.3.1/thumb/v7-m/crtn.o
 .bss           0x0000000000000000        0x0 d:/programs/stm32cubeide_1.4.0/stm32cubeide/plugins/com.st.stm32cube.ide.mcu.externaltools.gnu-tools-for-stm32.7-2018-q2-update.win32_1.4.0.202007081208/tools/bin/../lib/gcc/arm-none-eabi/7.3.1/thumb/v7-m/crtn.o

Memory Configuration

Name             Origin             Length             Attributes
RAM              0x0000000020000000 0x0000000000002800 xrw
ROM              0x0000000008000000 0x0000000000008000 xr
*default*        0x0000000000000000 0xffffffffffffffff

Linker script and memory map

LOAD d:/programs/stm32cubeide_1.4.0/stm32cubeide/plugins/com.st.stm32cube.ide.mcu.externaltools.gnu-tools-for-stm32.7-2018-q2-update.win32_1.4.0.202007081208/tools/bin/../lib/gcc/arm-none-eabi/7.3.1/thumb/v7-m/crti.o
LOAD d:/programs/stm32cubeide_1.4.0/stm32cubeide/plugins/com.st.stm32cube.ide.mcu.externaltools.gnu-tools-for-stm32.7-2018-q2-update.win32_1.4.0.202007081208/tools/bin/../lib/gcc/arm-none-eabi/7.3.1/thumb/v7-m/crtbegin.o
LOAD d:/programs/stm32cubeide_1.4.0/stm32cubeide/plugins/com.st.stm32cube.ide.mcu.externaltools.gnu-tools-for-stm32.7-2018-q2-update.win32_1.4.0.202007081208/tools/bin/../lib/gcc/arm-none-eabi/7.3.1/../../../../arm-none-eabi/lib/thumb/v7-m/crt0.o
LOAD HAL/KEYPAD/keypad.o
LOAD HAL/LCD/LCD.o
LOAD STM32_F103C6_Drivers/EXTI/STM32_F103C6_EXTI_Driver.o
LOAD STM32_F103C6_Drivers/GPIO/STM32_F103C6_GPIO_Driver.o
LOAD STM32_F103C6_Drivers/RCC/STM32_F103C6_RCC_Driver.o
LOAD STM32_F103C6_Drivers/USART/STM32_F103C6_USART_Driver.o
LOAD Src/main.o
LOAD Src/syscalls.o
LOAD Src/sysmem.o
LOAD Startup/startup_stm32f103c6tx.o
START GROUP
LOAD d:/programs/stm32cubeide_1.4.0/stm32cubeide/plugins/com.st.stm32cube.ide.mcu.externaltools.gnu-tools-for-stm32.7-2018-q2-update.win32_1.4.0.202007081208/tools/bin/../lib/gcc/arm-none-eabi/7.3.1/../../../../arm-none-eabi/lib/thumb/v7-m\libc_nano.a
LOAD d:/programs/stm32cubeide_1.4.0/stm32cubeide/plugins/com.st.stm32cube.ide.mcu.externaltools.gnu-tools-for-stm32.7-2018-q2-update.win32_1.4.0.202007081208/tools/bin/../lib/gcc/arm-none-eabi/7.3.1/../../../../arm-none-eabi/lib/thumb/v7-m\libm.a
END GROUP
START GROUP
LOAD d:/programs/stm32cubeide_1.4.0/stm32cubeide/plugins/com.st.stm32cube.ide.mcu.externaltools.gnu-tools-for-stm32.7-2018-q2-update.win32_1.4.0.202007081208/tools/bin/../lib/gcc/arm-none-eabi/7.3.1/thumb/v7-m\libgcc.a
LOAD d:/programs/stm32cubeide_1.4.0/stm32cubeide/plugins/com.st.stm32cube.ide.mcu.externaltools.gnu-tools-for-stm32.7-2018-q2-update.win32_1.4.0.202007081208/tools/bin/../lib/gcc/arm-none-eabi/7.3.1/../../../../arm-none-eabi/lib/thumb/v7-m\libg_nano.a
LOAD d:/programs/stm32cubeide_1.4.0/stm32cubeide/plugins/com.st.stm32cube.ide.mcu.externaltools.gnu-tools-for-stm32.7-2018-q2-update.win32_1.4.0.202007081208/tools/bin/../lib/gcc/arm-none-eabi/7.3.1/../../../../arm-none-eabi/lib/thumb/v7-m\libc_nano.a
END GROUP
START GROUP
LOAD d:/programs/stm32cubeide_1.4.0/stm32cubeide/plugins/com.st.stm32cube.ide.mcu.externaltools.gnu-tools-for-stm32.7-2018-q2-update.win32_1.4.0.202007081208/tools/bin/../lib/gcc/arm-none-eabi/7.3.1/thumb/v7-m\libgcc.a
LOAD d:/programs/stm32cubeide_1.4.0/stm32cubeide/plugins/com.st.stm32cube.ide.mcu.externaltools.gnu-tools-for-stm32.7-2018-q2-update.win32_1.4.0.202007081208/tools/bin/../lib/gcc/arm-none-eabi/7.3.1/../../../../arm-none-eabi/lib/thumb/v7-m\libc_nano.a
LOAD d:/programs/stm32cubeide_1.4.0/stm32cubeide/plugins/com.st.stm32cube.ide.mcu.externaltools.gnu-tools-for-stm32.7-2018-q2-update.win32_1.4.0.202007081208/tools/bin/../lib/gcc/arm-none-eabi/7.3.1/../../../../arm-none-eabi/lib/thumb/v7-m\libnosys.a
END GROUP
START GROUP
LOAD d:/programs/stm32cubeide_1.4.0/stm32cubeide/plugins/com.st.stm32cube.ide.mcu.externaltools.gnu-tools-for-stm32.7-2018-q2-update.win32_1.4.0.202007081208/tools/bin/../lib/gcc/arm-none-eabi/7.3.1/thumb/v7-m\libgcc.a
LOAD d:/programs/stm32cubeide_1.4.0/stm32cubeide/plugins/com.st.stm32cube.ide.mcu.externaltools.gnu-tools-for-stm32.7-2018-q2-update.win32_1.4.0.202007081208/tools/bin/../lib/gcc/arm-none-eabi/7.3.1/../../../../arm-none-eabi/lib/thumb/v7-m\libc_nano.a
LOAD d:/programs/stm32cubeide_1.4.0/stm32cubeide/plugins/com.st.stm32cube.ide.mcu.externaltools.gnu-tools-for-stm32.7-2018-q2-update.win32_1.4.0.202007081208/tools/bin/../lib/gcc/arm-none-eabi/7.3.1/../../../../arm-none-eabi/lib/thumb/v7-m\libnosys.a
END GROUP
LOAD d:/programs/stm32cubeide_1.4.0/stm32cubeide/plugins/com.st.stm32cube.ide.mcu.externaltools.gnu-tools-for-stm32.7-2018-q2-update.win32_1.4.0.202007081208/tools/bin/../lib/gcc/arm-none-eabi/7.3.1/thumb/v7-m/crtend.o
LOAD d:/programs/stm32cubeide_1.4.0/stm32cubeide/plugins/com.st.stm32cube.ide.mcu.externaltools.gnu-tools-for-stm32.7-2018-q2-update.win32_1.4.0.202007081208/tools/bin/../lib/gcc/arm-none-eabi/7.3.1/thumb/v7-m/crtn.o
                0x0000000020002800                _estack = (ORIGIN (RAM) + LENGTH (RAM))
                0x0000000000000200                _Min_Heap_Size = 0x200
                0x0000000000000400                _Min_Stack_Size = 0x400

.isr_vector     0x0000000008000000      0x130
                0x0000000008000000                . = ALIGN (0x4)
 *(.isr_vector)
 .isr_vector    0x0000000008000000      0x130 Startup/startup_stm32f103c6tx.o
                0x0000000008000000                g_pfnVectors
                0x0000000008000130                . = ALIGN (0x4)

.text           0x0000000008000130      0xa40
                0x0000000008000130                . = ALIGN (0x4)
 *(.text)
 .text          0x0000000008000130       0x40 d:/programs/stm32cubeide_1.4.0/stm32cubeide/plugins/com.st.stm32cube.ide.mcu.externaltools.gnu-tools-for-stm32.7-2018-q2-update.win32_1.4.0.202007081208/tools/bin/../lib/gcc/arm-none-eabi/7.3.1/thumb/v7-m/crtbegin.o
 *(.text*)
 .text.EXTI0_IRQHandler
                0x0000000008000170       0x24 STM32_F103C6_Drivers/EXTI/STM32_F103C6_EXTI_Driver.o
                0x0000000008000170                EXTI0_IRQHandler
 .text.EXTI1_IRQHandler
                0x0000000008000194       0x24 STM32_F103C6_Drivers/EXTI/STM32_F103C6_EXTI_Driver.o
                0x0000000008000194                EXTI1_IRQHandler
 .text.EXTI2_IRQHandler
                0x00000000080001b8       0x24 STM32_F103C6_Drivers/EXTI/STM32_F103C6_EXTI_Driver.o
                0x00000000080001b8                EXTI2_IRQHandler
 .text.EXTI3_IRQHandler
                0x00000000080001dc       0x24 STM32_F103C6_Drivers/EXTI/STM32_F103C6_EXTI_Driver.o
                0x00000000080001dc                EXTI3_IRQHandler
 .text.EXTI4_IRQHandler
                0x0000000008000200       0x24 STM32_F103C6_Drivers/EXTI/STM32_F103C6_EXTI_Driver.o
                0x0000000008000200                EXTI4_IRQHandler
 .text.EXTI9_5_IRQHandler
                0x0000000008000224       0xa8 STM32_F103C6_Drivers/EXTI/STM32_F103C6_EXTI_Driver.o
                0x0000000008000224                EXTI9_5_IRQHandler
 .text.EXTI15_10_IRQHandler
                0x00000000080002cc       0xc4 STM32_F103C6_Drivers/EXTI/STM32_F103C6_EXTI_Driver.o
                0x00000000080002cc                EXTI15_10_IRQHandler
 .text.Get_CRL_CRH_Position
                0x0000000008000390       0xc6 STM32_F103C6_Drivers/GPIO/STM32_F103C6_GPIO_Driver.o
                0x0000000008000390                Get_CRL_CRH_Position
 .text.MCAL_GPIO_Init
                0x0000000008000456      0x12c STM32_F103C6_Drivers/GPIO/STM32_F103C6_GPIO_Driver.o
                0x0000000008000456                MCAL_GPIO_Init
 *fill*         0x0000000008000582        0x2 
 .text.MCAL_RCC_GET_PCLK1
                0x0000000008000584       0x28 STM32_F103C6_Drivers/RCC/STM32_F103C6_RCC_Driver.o
                0x0000000008000584                MCAL_RCC_GET_PCLK1
 .text.MCAL_RCC_GET_PCLK2
                0x00000000080005ac       0x28 STM32_F103C6_Drivers/RCC/STM32_F103C6_RCC_Driver.o
                0x00000000080005ac                MCAL_RCC_GET_PCLK2
 .text.MCAL_RCC_GET_SYSCLK
                0x00000000080005d4       0x3c STM32_F103C6_Drivers/RCC/STM32_F103C6_RCC_Driver.o
                0x00000000080005d4                MCAL_RCC_GET_SYSCLK
 .text.MCAL_RCC_GET_HCLK
                0x0000000008000610       0x28 STM32_F103C6_Drivers/RCC/STM32_F103C6_RCC_Driver.o
                0x0000000008000610                MCAL_RCC_GET_HCLK
 .text.MCAL_UART_Init
                0x0000000008000638      0x190 STM32_F103C6_Drivers/USART/STM32_F103C6_USART_Driver.o
                0x0000000008000638                MCAL_UART_Init
 .text.MCAL_UART_GPIO_Set_Pins
                0x00000000080007c8       0xcc STM32_F103C6_Drivers/USART/STM32_F103C6_USART_Driver.o
                0x00000000080007c8                MCAL_UART_GPIO_Set_Pins
 .text.MCAL_UART_SendData
                0x0000000008000894       0x74 STM32_F103C6_Drivers/USART/STM32_F103C6_USART_Driver.o
                0x0000000008000894                MCAL_UART_SendData
 .text.MCAL_UART_ReceiveData
                0x0000000008000908       0xd8 STM32_F103C6_Drivers/USART/STM32_F103C6_USART_Driver.o
                0x0000000008000908                MCAL_UART_ReceiveData
 .text.USART1_IRQHandler
                0x00000000080009e0       0x14 STM32_F103C6_Drivers/USART/STM32_F103C6_USART_Driver.o
                0x00000000080009e0                USART1_IRQHandler
 .text.USART2_IRQHandler
                0x00000000080009f4       0x14 STM32_F103C6_Drivers/USART/STM32_F103C6_USART_Driver.o
                0x00000000080009f4                USART2_IRQHandler
 .text.USART3_IRQHandler
                0x0000000008000a08       0x14 STM32_F103C6_Drivers/USART/STM32_F103C6_USART_Driver.o
                0x0000000008000a08                USART3_IRQHandler
 .text.clk_Init
                0x0000000008000a1c       0x34 Src/main.o
                0x0000000008000a1c                clk_Init
 .text.UART_IRQ_CallBack
                0x0000000008000a50       0x24 Src/main.o
                0x0000000008000a50                UART_IRQ_CallBack
 .text.main     0x0000000008000a74       0x48 Src/main.o
                0x0000000008000a74                main
 .text.Reset_Handler
                0x0000000008000abc       0x50 Startup/startup_stm32f103c6tx.o
                0x0000000008000abc                Reset_Handler
 .text.Default_Handler
                0x0000000008000b0c        0x2 Startup/startup_stm32f103c6tx.o
                0x0000000008000b0c                TIM8_TRG_COM_IRQHandler
                0x0000000008000b0c                TIM8_CC_IRQHandler
                0x0000000008000b0c                DebugMon_Handler
                0x0000000008000b0c                TIM1_CC_IRQHandler
                0x0000000008000b0c                HardFault_Handler
                0x0000000008000b0c                TIM6_IRQHandler
                0x0000000008000b0c                SysTick_Handler
                0x0000000008000b0c                PVD_IRQHandler
                0x0000000008000b0c                SDIO_IRQHandler
                0x0000000008000b0c                PendSV_Handler
                0x0000000008000b0c                NMI_Handler
                0x0000000008000b0c                USB_HP_CAN_TX_IRQHandler
                0x0000000008000b0c                I2C2_EV_IRQHandler
                0x0000000008000b0c                UsageFault_Handler
                0x0000000008000b0c                ADC1_2_IRQHandler
                0x0000000008000b0c                SPI1_IRQHandler
                0x0000000008000b0c                CAN_SCE_IRQHandler
                0x0000000008000b0c                TAMPER_IRQHandler
                0x0000000008000b0c                TIM8_UP_IRQHandler
                0x0000000008000b0c                DMA2_Channel2_IRQHandler
                0x0000000008000b0c                DMA1_Channel4_IRQHandler
                0x0000000008000b0c                RTC_IRQHandler
                0x0000000008000b0c                DMA1_Channel7_IRQHandler
                0x0000000008000b0c                UART5_IRQHandler
                0x0000000008000b0c                ADC3_IRQHandler
                0x0000000008000b0c                TIM4_IRQHandler
                0x0000000008000b0c                CAN_RX1_IRQHandler
                0x0000000008000b0c                DMA2_Channel1_IRQHandler
                0x0000000008000b0c                I2C1_EV_IRQHandler
                0x0000000008000b0c                DMA1_Channel6_IRQHandler
                0x0000000008000b0c                UART4_IRQHandler
                0x0000000008000b0c                TIM3_IRQHandler
                0x0000000008000b0c                RCC_IRQHandler
                0x0000000008000b0c                TIM1_TRG_COM_IRQHandler
                0x0000000008000b0c                DMA1_Channel1_IRQHandler
                0x0000000008000b0c                Default_Handler
                0x0000000008000b0c                TIM7_IRQHandler
                0x0000000008000b0c                TIM5_IRQHandler
                0x0000000008000b0c                SPI2_IRQHandler
                0x0000000008000b0c                USB_LP_CAN_RX0_IRQHandler
                0x0000000008000b0c                MemManage_Handler
                0x0000000008000b0c                SVC_Handler
                0x0000000008000b0c                DMA1_Channel5_IRQHandler
                0x0000000008000b0c                DMA1_Channel3_IRQHandler
                0x0000000008000b0c                FSMC_IRQHandler
                0x0000000008000b0c                TIM1_UP_IRQHandler
                0x0000000008000b0c                WWDG_IRQHandler
                0x0000000008000b0c                TIM2_IRQHandler
                0x0000000008000b0c                TIM1_BRK_IRQHandler
                0x0000000008000b0c                RTCAlarm_IRQHandler
                0x0000000008000b0c                DMA2_Channel4_5_IRQHandler
                0x0000000008000b0c                I2C2_ER_IRQHandler
                0x0000000008000b0c                DMA1_Channel2_IRQHandler
                0x0000000008000b0c                TIM8_BRK_IRQHandler
                0x0000000008000b0c                FLASH_IRQHandler
                0x0000000008000b0c                BusFault_Handler
                0x0000000008000b0c                SPI3_IRQHandler
                0x0000000008000b0c                I2C1_ER_IRQHandler
                0x0000000008000b0c                DMA2_Channel3_IRQHandler
 *fill*         0x0000000008000b0e        0x2 
 .text.__libc_init_array
                0x0000000008000b10       0x48 d:/programs/stm32cubeide_1.4.0/stm32cubeide/plugins/com.st.stm32cube.ide.mcu.externaltools.gnu-tools-for-stm32.7-2018-q2-update.win32_1.4.0.202007081208/tools/bin/../lib/gcc/arm-none-eabi/7.3.1/../../../../arm-none-eabi/lib/thumb/v7-m\libc_nano.a(lib_a-init.o)
                0x0000000008000b10                __libc_init_array
 *(.glue_7)
 .glue_7        0x0000000008000b58        0x0 linker stubs
 *(.glue_7t)
 .glue_7t       0x0000000008000b58        0x0 linker stubs
 *(.eh_frame)
 .eh_frame      0x0000000008000b58        0x0 d:/programs/stm32cubeide_1.4.0/stm32cubeide/plugins/com.st.stm32cube.ide.mcu.externaltools.gnu-tools-for-stm32.7-2018-q2-update.win32_1.4.0.202007081208/tools/bin/../lib/gcc/arm-none-eabi/7.3.1/thumb/v7-m/crtbegin.o
 *(.init)
 .init          0x0000000008000b58        0x4 d:/programs/stm32cubeide_1.4.0/stm32cubeide/plugins/com.st.stm32cube.ide.mcu.externaltools.gnu-tools-for-stm32.7-2018-q2-update.win32_1.4.0.202007081208/tools/bin/../lib/gcc/arm-none-eabi/7.3.1/thumb/v7-m/crti.o
                0x0000000008000b58                _init
 .init          0x0000000008000b5c        0x8 d:/programs/stm32cubeide_1.4.0/stm32cubeide/plugins/com.st.stm32cube.ide.mcu.externaltools.gnu-tools-for-stm32.7-2018-q2-update.win32_1.4.0.202007081208/tools/bin/../lib/gcc/arm-none-eabi/7.3.1/thumb/v7-m/crtn.o
 *(.fini)
 .fini          0x0000000008000b64        0x4 d:/programs/stm32cubeide_1.4.0/stm32cubeide/plugins/com.st.stm32cube.ide.mcu.externaltools.gnu-tools-for-stm32.7-2018-q2-update.win32_1.4.0.202007081208/tools/bin/../lib/gcc/arm-none-eabi/7.3.1/thumb/v7-m/crti.o
                0x0000000008000b64                _fini
 .fini          0x0000000008000b68        0x8 d:/programs/stm32cubeide_1.4.0/stm32cubeide/plugins/com.st.stm32cube.ide.mcu.externaltools.gnu-tools-for-stm32.7-2018-q2-update.win32_1.4.0.202007081208/tools/bin/../lib/gcc/arm-none-eabi/7.3.1/thumb/v7-m/crtn.o
                0x0000000008000b70                . = ALIGN (0x4)
                0x0000000008000b70                _etext = .

.vfp11_veneer   0x0000000008000b70        0x0
 .vfp11_veneer  0x0000000008000b70        0x0 linker stubs

.v4_bx          0x0000000008000b70        0x0
 .v4_bx         0x0000000008000b70        0x0 linker stubs

.iplt           0x0000000008000b70        0x0
 .iplt          0x0000000008000b70        0x0 d:/programs/stm32cubeide_1.4.0/stm32cubeide/plugins/com.st.stm32cube.ide.mcu.externaltools.gnu-tools-for-stm32.7-2018-q2-update.win32_1.4.0.202007081208/tools/bin/../lib/gcc/arm-none-eabi/7.3.1/thumb/v7-m/crtbegin.o

.rodata         0x0000000008000b70       0x18
                0x0000000008000b70                . = ALIGN (0x4)
 *(.rodata)
 *(.rodata*)
 .rodata.APBPrescaler
                0x0000000008000b70        0x8 STM32_F103C6_Drivers/RCC/STM32_F103C6_RCC_Driver.o
                0x0000000008000b70                APBPrescaler
 .rodata.AHBPrescaler
                0x0000000008000b78       0x10 STM32_F103C6_Drivers/RCC/STM32_F103C6_RCC_Driver.o
                0x0000000008000b78                AHBPrescaler
                0x0000000008000b88                . = ALIGN (0x4)

.rel.dyn        0x0000000008000b88        0x0
 .rel.iplt      0x0000000008000b88        0x0 d:/programs/stm32cubeide_1.4.0/stm32cubeide/plugins/com.st.stm32cube.ide.mcu.externaltools.gnu-tools-for-stm32.7-2018-q2-update.win32_1.4.0.202007081208/tools/bin/../lib/gcc/arm-none-eabi/7.3.1/thumb/v7-m/crtbegin.o

.ARM.extab      0x0000000008000b88        0x0
                0x0000000008000b88                . = ALIGN (0x4)
 *(.ARM.extab* .gnu.linkonce.armextab.*)
                0x0000000008000b88                . = ALIGN (0x4)

.ARM            0x0000000008000b88        0x0
                0x0000000008000b88                . = ALIGN (0x4)
                0x0000000008000b88                __exidx_start = .
 *(.ARM.exidx*)
                0x0000000008000b88                __exidx_end = .
                0x0000000008000b88                . = ALIGN (0x4)

.preinit_array  0x0000000008000b88        0x0
                0x0000000008000b88                . = ALIGN (0x4)
                0x0000000008000b88                PROVIDE (__preinit_array_start = .)
 *(.preinit_array*)
                0x0000000008000b88                PROVIDE (__preinit_array_end = .)
                0x0000000008000b88                . = ALIGN (0x4)

.init_array     0x0000000008000b88        0x4
                0x0000000008000b88                . = ALIGN (0x4)
                0x0000000008000b88                PROVIDE (__init_array_start = .)
 *(SORT_BY_NAME(.init_array.*))
 *(.init_array*)
 .init_array    0x0000000008000b88        0x4 d:/programs/stm32cubeide_1.4.0/stm32cubeide/plugins/com.st.stm32cube.ide.mcu.externaltools.gnu-tools-for-stm32.7-2018-q2-update.win32_1.4.0.202007081208/tools/bin/../lib/gcc/arm-none-eabi/7.3.1/thumb/v7-m/crtbegin.o
                0x0000000008000b8c                PROVIDE (__init_array_end = .)
                0x0000000008000b8c                . = ALIGN (0x4)

.fini_array     0x0000000008000b8c        0x4
                0x0000000008000b8c                . = ALIGN (0x4)
                [!provide]                        PROVIDE (__fini_array_start = .)
 *(SORT_BY_NAME(.fini_array.*))
 *(.fini_array*)
 .fini_array    0x0000000008000b8c        0x4 d:/programs/stm32cubeide_1.4.0/stm32cubeide/plugins/com.st.stm32cube.ide.mcu.externaltools.gnu-tools-for-stm32.7-2018-q2-update.win32_1.4.0.202007081208/tools/bin/../lib/gcc/arm-none-eabi/7.3.1/thumb/v7-m/crtbegin.o
                [!provide]                        PROVIDE (__fini_array_end = .)
                0x0000000008000b90                . = ALIGN (0x4)
                0x0000000008000b90                _sidata = LOADADDR (.data)

.data           0x0000000020000000        0x0 load address 0x0000000008000b90
                0x0000000020000000                . = ALIGN (0x4)
                0x0000000020000000                _sdata = .
 *(.data)
 *(.data*)
                0x0000000020000000                . = ALIGN (0x4)
                0x0000000020000000                _edata = .

.igot.plt       0x0000000020000000        0x0 load address 0x0000000008000b90
 .igot.plt      0x0000000020000000        0x0 d:/programs/stm32cubeide_1.4.0/stm32cubeide/plugins/com.st.stm32cube.ide.mcu.externaltools.gnu-tools-for-stm32.7-2018-q2-update.win32_1.4.0.202007081208/tools/bin/../lib/gcc/arm-none-eabi/7.3.1/thumb/v7-m/crtbegin.o
                0x0000000020000000                . = ALIGN (0x4)

.bss            0x0000000020000000       0x68 load address 0x0000000008000b90
                0x0000000020000000                _sbss = .
                0x0000000020000000                __bss_start__ = _sbss
 *(.bss)
 .bss           0x0000000020000000       0x1c d:/programs/stm32cubeide_1.4.0/stm32cubeide/plugins/com.st.stm32cube.ide.mcu.externaltools.gnu-tools-for-stm32.7-2018-q2-update.win32_1.4.0.202007081208/tools/bin/../lib/gcc/arm-none-eabi/7.3.1/thumb/v7-m/crtbegin.o
 *(.bss*)
 *(COMMON)
 COMMON         0x000000002000001c       0x3c STM32_F103C6_Drivers/EXTI/STM32_F103C6_EXTI_Driver.o
                0x000000002000001c                GP_IRQ_CALLBACK
 COMMON         0x0000000020000058        0xc STM32_F103C6_Drivers/USART/STM32_F103C6_USART_Driver.o
                0x0000000020000058                GL_UART_Config
 COMMON         0x0000000020000064        0x2 Src/main.o
                0x0000000020000064                IRQ_flag
                0x0000000020000065                ch
                0x0000000020000068                . = ALIGN (0x4)
 *fill*         0x0000000020000066        0x2 
                0x0000000020000068                _ebss = .
                0x0000000020000068                __bss_end__ = _ebss

._user_heap_stack
                0x0000000020000068      0x600 load address 0x0000000008000b90
                0x0000000020000068                . = ALIGN (0x8)
                [!provide]                        PROVIDE (end = .)
                0x0000000020000068                PROVIDE (_end = .)
                0x0000000020000268                . = (. + _Min_Heap_Size)
 *fill*         0x0000000020000068      0x200 
                0x0000000020000668                . = (. + _Min_Stack_Size)
 *fill*         0x0000000020000268      0x400 
                0x0000000020000668                . = ALIGN (0x8)

/DISCARD/
 libc.a(*)
 libm.a(*)
 libgcc.a(*)

.ARM.attributes
                0x0000000000000000       0x29
 *(.ARM.attributes)
 .ARM.attributes
                0x0000000000000000       0x1d d:/programs/stm32cubeide_1.4.0/stm32cubeide/plugins/com.st.stm32cube.ide.mcu.externaltools.gnu-tools-for-stm32.7-2018-q2-update.win32_1.4.0.202007081208/tools/bin/../lib/gcc/arm-none-eabi/7.3.1/thumb/v7-m/crti.o
 .ARM.attributes
                0x000000000000001d       0x2d d:/programs/stm32cubeide_1.4.0/stm32cubeide/plugins/com.st.stm32cube.ide.mcu.externaltools.gnu-tools-for-stm32.7-2018-q2-update.win32_1.4.0.202007081208/tools/bin/../lib/gcc/arm-none-eabi/7.3.1/thumb/v7-m/crtbegin.o
 .ARM.attributes
                0x000000000000004a       0x33 STM32_F103C6_Drivers/EXTI/STM32_F103C6_EXTI_Driver.o
 .ARM.attributes
                0x000000000000007d       0x33 STM32_F103C6_Drivers/GPIO/STM32_F103C6_GPIO_Driver.o
 .ARM.attributes
                0x00000000000000b0       0x33 STM32_F103C6_Drivers/RCC/STM32_F103C6_RCC_Driver.o
 .ARM.attributes
                0x00000000000000e3       0x33 STM32_F103C6_Drivers/USART/STM32_F103C6_USART_Driver.o
 .ARM.attributes
                0x0000000000000116       0x33 Src/main.o
 .ARM.attributes
                0x0000000000000149       0x21 Startup/startup_stm32f103c6tx.o
 .ARM.attributes
                0x000000000000016a       0x2d d:/programs/stm32cubeide_1.4.0/stm32cubeide/plugins/com.st.stm32cube.ide.mcu.externaltools.gnu-tools-for-stm32.7-2018-q2-update.win32_1.4.0.202007081208/tools/bin/../lib/gcc/arm-none-eabi/7.3.1/../../../../arm-none-eabi/lib/thumb/v7-m\libc_nano.a(lib_a-init.o)
 .ARM.attributes
                0x0000000000000197       0x1d d:/programs/stm32cubeide_1.4.0/stm32cubeide/plugins/com.st.stm32cube.ide.mcu.externaltools.gnu-tools-for-stm32.7-2018-q2-update.win32_1.4.0.202007081208/tools/bin/../lib/gcc/arm-none-eabi/7.3.1/thumb/v7-m/crtn.o
OUTPUT(Drivers.elf elf32-littlearm)

.debug_info     0x0000000000000000     0x407b
 .debug_info    0x0000000000000000      0xdc1 STM32_F103C6_Drivers/EXTI/STM32_F103C6_EXTI_Driver.o
 .debug_info    0x0000000000000dc1      0xd5e STM32_F103C6_Drivers/GPIO/STM32_F103C6_GPIO_Driver.o
 .debug_info    0x0000000000001b1f      0xb09 STM32_F103C6_Drivers/RCC/STM32_F103C6_RCC_Driver.o
 .debug_info    0x0000000000002628      0xe1a STM32_F103C6_Drivers/USART/STM32_F103C6_USART_Driver.o
 .debug_info    0x0000000000003442      0xc17 Src/main.o
 .debug_info    0x0000000000004059       0x22 Startup/startup_stm32f103c6tx.o

.debug_abbrev   0x0000000000000000      0xa76
 .debug_abbrev  0x0000000000000000      0x239 STM32_F103C6_Drivers/EXTI/STM32_F103C6_EXTI_Driver.o
 .debug_abbrev  0x0000000000000239      0x232 STM32_F103C6_Drivers/GPIO/STM32_F103C6_GPIO_Driver.o
 .debug_abbrev  0x000000000000046b      0x19b STM32_F103C6_Drivers/RCC/STM32_F103C6_RCC_Driver.o
 .debug_abbrev  0x0000000000000606      0x23b STM32_F103C6_Drivers/USART/STM32_F103C6_USART_Driver.o
 .debug_abbrev  0x0000000000000841      0x223 Src/main.o
 .debug_abbrev  0x0000000000000a64       0x12 Startup/startup_stm32f103c6tx.o

.debug_loc      0x0000000000000000      0xab0
 .debug_loc     0x0000000000000000      0x320 STM32_F103C6_Drivers/EXTI/STM32_F103C6_EXTI_Driver.o
 .debug_loc     0x0000000000000320      0x330 STM32_F103C6_Drivers/GPIO/STM32_F103C6_GPIO_Driver.o
 .debug_loc     0x0000000000000650       0xc8 STM32_F103C6_Drivers/RCC/STM32_F103C6_RCC_Driver.o
 .debug_loc     0x0000000000000718      0x294 STM32_F103C6_Drivers/USART/STM32_F103C6_USART_Driver.o
 .debug_loc     0x00000000000009ac      0x104 Src/main.o

.debug_aranges  0x0000000000000000      0x1d8
 .debug_aranges
                0x0000000000000000       0x80 STM32_F103C6_Drivers/EXTI/STM32_F103C6_EXTI_Driver.o
 .debug_aranges
                0x0000000000000080       0x60 STM32_F103C6_Drivers/GPIO/STM32_F103C6_GPIO_Driver.o
 .debug_aranges
                0x00000000000000e0       0x38 STM32_F103C6_Drivers/RCC/STM32_F103C6_RCC_Driver.o
 .debug_aranges
                0x0000000000000118       0x60 STM32_F103C6_Drivers/USART/STM32_F103C6_USART_Driver.o
 .debug_aranges
                0x0000000000000178       0x38 Src/main.o
 .debug_aranges
                0x00000000000001b0       0x28 Startup/startup_stm32f103c6tx.o

.debug_ranges   0x0000000000000000      0x180
 .debug_ranges  0x0000000000000000       0x70 STM32_F103C6_Drivers/EXTI/STM32_F103C6_EXTI_Driver.o
 .debug_ranges  0x0000000000000070       0x50 STM32_F103C6_Drivers/GPIO/STM32_F103C6_GPIO_Driver.o
 .debug_ranges  0x00000000000000c0       0x28 STM32_F103C6_Drivers/RCC/STM32_F103C6_RCC_Driver.o
 .debug_ranges  0x00000000000000e8       0x50 STM32_F103C6_Drivers/USART/STM32_F103C6_USART_Driver.o
 .debug_ranges  0x0000000000000138       0x28 Src/main.o
 .debug_ranges  0x0000000000000160       0x20 Startup/startup_stm32f103c6tx.o

.debug_macro    0x0000000000000000      0xaa2
 .debug_macro   0x0000000000000000      0x14e STM32_F103C6_Drivers/EXTI/STM32_F103C6_EXTI_Driver.o
 .debug_macro   0x000000000000014e       0xd0 STM32_F103C6_Drivers/EXTI/STM32_F103C6_EXTI_Driver.o
 .debug_macro   0x000000000000021e      0x233 STM32_F103C6_Drivers/EXTI/STM32_F103C6_EXTI_Driver.o
 .debug_macro   0x0000000000000451      0x13f STM32_F103C6_Drivers/GPIO/STM32_F103C6_GPIO_Driver.o
 .debug_macro   0x0000000000000590      0x13f STM32_F103C6_Drivers/RCC/STM32_F103C6_RCC_Driver.o
 .debug_macro   0x00000000000006cf       0x10 STM32_F103C6_Drivers/RCC/STM32_F103C6_RCC_Driver.o
 .debug_macro   0x00000000000006df      0x151 STM32_F103C6_Drivers/USART/STM32_F103C6_USART_Driver.o
 .debug_macro   0x0000000000000830       0x16 STM32_F103C6_Drivers/USART/STM32_F103C6_USART_Driver.o
 .debug_macro   0x0000000000000846       0xee STM32_F103C6_Drivers/USART/STM32_F103C6_USART_Driver.o
 .debug_macro   0x0000000000000934      0x16e Src/main.o

.debug_line     0x0000000000000000     0x2103
 .debug_line    0x0000000000000000      0x71d STM32_F103C6_Drivers/EXTI/STM32_F103C6_EXTI_Driver.o
 .debug_line    0x000000000000071d      0x68f STM32_F103C6_Drivers/GPIO/STM32_F103C6_GPIO_Driver.o
 .debug_line    0x0000000000000dac      0x5ba STM32_F103C6_Drivers/RCC/STM32_F103C6_RCC_Driver.o
 .debug_line    0x0000000000001366      0x706 STM32_F103C6_Drivers/USART/STM32_F103C6_USART_Driver.o
 .debug_line    0x0000000000001a6c      0x613 Src/main.o
 .debug_line    0x000000000000207f       0x84 Startup/startup_stm32f103c6tx.o

.debug_str      0x0000000000000000     0x9eab
 .debug_str     0x0000000000000000     0x945a STM32_F103C6_Drivers/EXTI/STM32_F103C6_EXTI_Driver.o
                                       0x96bb (size before relaxing)
 .debug_str     0x000000000000945a      0x154 STM32_F103C6_Drivers/GPIO/STM32_F103C6_GPIO_Driver.o
                                       0x80bf (size before relaxing)
 .debug_str     0x00000000000095ae       0xf1 STM32_F103C6_Drivers/RCC/STM32_F103C6_RCC_Driver.o
                                       0x7c33 (size before relaxing)
 .debug_str     0x000000000000969f      0x79f STM32_F103C6_Drivers/USART/STM32_F103C6_USART_Driver.o
                                       0x87ab (size before relaxing)
 .debug_str     0x0000000000009e3e       0x3c Src/main.o
                                       0x9b0c (size before relaxing)
 .debug_str     0x0000000000009e7a       0x31 Startup/startup_stm32f103c6tx.o
                                         0x5c (size before relaxing)

.comment        0x0000000000000000       0x7b
 .comment       0x0000000000000000       0x7b STM32_F103C6_Drivers/EXTI/STM32_F103C6_EXTI_Driver.o
                                         0x7c (size before relaxing)
 .comment       0x000000000000007b       0x7c STM32_F103C6_Drivers/GPIO/STM32_F103C6_GPIO_Driver.o
 .comment       0x000000000000007b       0x7c STM32_F103C6_Drivers/RCC/STM32_F103C6_RCC_Driver.o
 .comment       0x000000000000007b       0x7c STM32_F103C6_Drivers/USART/STM32_F103C6_USART_Driver.o
 .comment       0x000000000000007b       0x7c Src/main.o

.debug_frame    0x0000000000000000      0x5b8
 .debug_frame   0x0000000000000000      0x1b0 STM32_F103C6_Drivers/EXTI/STM32_F103C6_EXTI_Driver.o
 .debug_frame   0x00000000000001b0      0x178 STM32_F103C6_Drivers/GPIO/STM32_F103C6_GPIO_Driver.o
 .debug_frame   0x0000000000000328       0x84 STM32_F103C6_Drivers/RCC/STM32_F103C6_RCC_Driver.o
 .debug_frame   0x00000000000003ac      0x14c STM32_F103C6_Drivers/USART/STM32_F103C6_USART_Driver.o
 .debug_frame   0x00000000000004f8       0x94 Src/main.o
 .debug_frame   0x000000000000058c       0x2c d:/programs/stm32cubeide_1.4.0/stm32cubeide/plugins/com.st.stm32cube.ide.mcu.externaltools.gnu-tools-for-stm32.7-2018-q2-update.win32_1.4.0.202007081208/tools/bin/../lib/gcc/arm-none-eabi/7.3.1/../../../../arm-none-eabi/lib/thumb/v7-m\libc_nano.a(lib_a-init.o)
