STM32_F103C6_USART_Driver.c:37:6:MCAL_UART_Init	24	static
STM32_F103C6_USART_Driver.c:133:6:MCAL_UART_Reset	16	static
STM32_F103C6_USART_Driver.c:160:6:MCAL_UART_GPIO_Set_Pins	24	static
STM32_F103C6_USART_Driver.c:289:6:MCAL_UART_SendData	24	static
STM32_F103C6_USART_Driver.c:346:6:MCAL_UART_ReceiveData	24	static
STM32_F103C6_USART_Driver.c:443:6:MCAL_UART_WAIT_TC	16	static
STM32_F103C6_USART_Driver.c:450:6:USART1_IRQHandler	8	static
STM32_F103C6_USART_Driver.c:454:6:USART2_IRQHandler	8	static
STM32_F103C6_USART_Driver.c:458:6:USART3_IRQHandler	8	static
