20:04:59 **** Build of configuration Debug for project Drivers ****
make -j4 all 
arm-none-eabi-gcc -gdwarf -2 -mcpu=cortex-m3 -g3 -c -x assembler-with-cpp -MMD -MP -MF"Startup/startup_stm32f103c6tx.d" -MT"Startup/startup_stm32f103c6tx.o" --specs=nano.specs -mfloat-abi=soft -mthumb -o "Startup/startup_stm32f103c6tx.o" "../Startup/startup_stm32f103c6tx.s"
arm-none-eabi-gcc -gdwarf -2 "../Src/main.c" -mcpu=cortex-m3 -std=gnu11 -g3 -DSTM32 -DSTM32F1 -DSTM32F103C6Tx -DDEBUG -c -I../Inc -I"E:/EmbeddedSystemKS/Unit_7_MCU_Essential_Peripherals/Drivers/Drivers/ STM32F103C6_Drivers/Inc" -O0 -ffunction-sections -fdata-sections -Wall -fstack-usage -MMD -MP -MF"Src/main.d" -MT"Src/main.o" --specs=nano.specs -mfloat-abi=soft -mthumb -o "Src/main.o"
arm-none-eabi-gcc -gdwarf -2 "../Src/syscalls.c" -mcpu=cortex-m3 -std=gnu11 -g3 -DSTM32 -DSTM32F1 -DSTM32F103C6Tx -DDEBUG -c -I../Inc -I"E:/EmbeddedSystemKS/Unit_7_MCU_Essential_Peripherals/Drivers/Drivers/ STM32F103C6_Drivers/Inc" -O0 -ffunction-sections -fdata-sections -Wall -fstack-usage -MMD -MP -MF"Src/syscalls.d" -MT"Src/syscalls.o" --specs=nano.specs -mfloat-abi=soft -mthumb -o "Src/syscalls.o"
arm-none-eabi-gcc -gdwarf -2 "../Src/sysmem.c" -mcpu=cortex-m3 -std=gnu11 -g3 -DSTM32 -DSTM32F1 -DSTM32F103C6Tx -DDEBUG -c -I../Inc -I"E:/EmbeddedSystemKS/Unit_7_MCU_Essential_Peripherals/Drivers/Drivers/ STM32F103C6_Drivers/Inc" -O0 -ffunction-sections -fdata-sections -Wall -fstack-usage -MMD -MP -MF"Src/sysmem.d" -MT"Src/sysmem.o" --specs=nano.specs -mfloat-abi=soft -mthumb -o "Src/sysmem.o"
arm-none-eabi-gcc: error: unrecognized command line option '-2'
arm-none-eabi-gcc: error: unrecognized command line option '-2'
arm-none-eabi-gcc: error: unrecognized command line option '-2'
arm-none-eabi-gcc: error: unrecognized command line option '-2'
make: *** [Src/subdir.mk:24: Src/main.o] Error 1
make: *** Waiting for unfinished jobs....
make: *** [Src/subdir.mk:28: Src/sysmem.o] Error 1
make: *** [Src/subdir.mk:26: Src/syscalls.o] Error 1
make: *** [Startup/subdir.mk:18: Startup/startup_stm32f103c6tx.o] Error 1
"make -j4 all" terminated with exit code 2. Build might be incomplete.
20:05:36 **** Incremental Build of configuration Debug for project Drivers ****
make -j4 all 
arm-none-eabi-gcc -gdwarf-2 -mcpu=cortex-m3 -g3 -c -x assembler-with-cpp -MMD -MP -MF"Startup/startup_stm32f103c6tx.d" -MT"Startup/startup_stm32f103c6tx.o" --specs=nano.specs -mfloat-abi=soft -mthumb -o "Startup/startup_stm32f103c6tx.o" "../Startup/startup_stm32f103c6tx.s"
arm-none-eabi-gcc -gdwarf-2 "../Src/main.c" -mcpu=cortex-m3 -std=gnu11 -g3 -DSTM32 -DSTM32F1 -DSTM32F103C6Tx -DDEBUG -c -I../Inc -I"E:/EmbeddedSystemKS/Unit_7_MCU_Essential_Peripherals/Drivers/Drivers/ STM32F103C6_Drivers/Inc" -O0 -ffunction-sections -fdata-sections -Wall -fstack-usage -MMD -MP -MF"Src/main.d" -MT"Src/main.o" --specs=nano.specs -mfloat-abi=soft -mthumb -o "Src/main.o"
arm-none-eabi-gcc -gdwarf-2 "../Src/syscalls.c" -mcpu=cortex-m3 -std=gnu11 -g3 -DSTM32 -DSTM32F1 -DSTM32F103C6Tx -DDEBUG -c -I../Inc -I"E:/EmbeddedSystemKS/Unit_7_MCU_Essential_Peripherals/Drivers/Drivers/ STM32F103C6_Drivers/Inc" -O0 -ffunction-sections -fdata-sections -Wall -fstack-usage -MMD -MP -MF"Src/syscalls.d" -MT"Src/syscalls.o" --specs=nano.specs -mfloat-abi=soft -mthumb -o "Src/syscalls.o"
arm-none-eabi-gcc -gdwarf-2 "../Src/sysmem.c" -mcpu=cortex-m3 -std=gnu11 -g3 -DSTM32 -DSTM32F1 -DSTM32F103C6Tx -DDEBUG -c -I../Inc -I"E:/EmbeddedSystemKS/Unit_7_MCU_Essential_Peripherals/Drivers/Drivers/ STM32F103C6_Drivers/Inc" -O0 -ffunction-sections -fdata-sections -Wall -fstack-usage -MMD -MP -MF"Src/sysmem.d" -MT"Src/sysmem.o" --specs=nano.specs -mfloat-abi=soft -mthumb -o "Src/sysmem.o"
arm-none-eabi-gcc -gdwarf-2 "../ STM32F103C6_Drivers/ STM32F103C6_GPIO_Driver.c" -mcpu=cortex-m3 -std=gnu11 -g3 -DSTM32 -DSTM32F1 -DSTM32F103C6Tx -DDEBUG -c -I../Inc -I"E:/EmbeddedSystemKS/Unit_7_MCU_Essential_Peripherals/Drivers/Drivers/ STM32F103C6_Drivers/Inc" -O0 -ffunction-sections -fdata-sections -Wall -fstack-usage -MMD -MP -MF" STM32F103C6_Drivers/ STM32F103C6_GPIO_Driver.d" -MT" STM32F103C6_Drivers/ STM32F103C6_GPIO_Driver.o" --specs=nano.specs -mfloat-abi=soft -mthumb -o " STM32F103C6_Drivers/ STM32F103C6_GPIO_Driver.o"
arm-none-eabi-gcc -gdwarf-2 -o "Drivers.elf" @"objects.list"   -mcpu=cortex-m3 -T"E:\EmbeddedSystemKS\Unit_7_MCU_Essential_Peripherals\Drivers\Drivers\STM32F103C6TX_FLASH.ld" --specs=nosys.specs -Wl,-Map="Drivers.map" -Wl,--gc-sections -static --specs=nano.specs -mfloat-abi=soft -mthumb -Wl,--start-group -lc -lm -Wl,--end-group
arm-none-eabi-gcc: error: STM32F103C6_Drivers/ STM32F103C6_GPIO_Driver.o: No such file or directory
make: *** [makefile:50: Drivers.elf] Error 1
"make -j4 all" terminated with exit code 2. Build might be incomplete.
20:07:18 **** Incremental Build of configuration Debug for project Drivers ****
make -j4 all 
arm-none-eabi-gcc -gdwarf-2 -o "Drivers.elf" @"objects.list"   -mcpu=cortex-m3 -T"E:\EmbeddedSystemKS\Unit_7_MCU_Essential_Peripherals\Drivers\Drivers\STM32F103C6TX_FLASH.ld" --specs=nosys.specs -Wl,-Map="Drivers.map" -Wl,--gc-sections -static --specs=nano.specs -mfloat-abi=soft -mthumb -Wl,--start-group -lc -lm -Wl,--end-group
arm-none-eabi-gcc: error: STM32F103C6_Drivers/ STM32F103C6_GPIO_Driver.o: No such file or directory
make: *** [makefile:50: Drivers.elf] Error 1
"make -j4 all" terminated with exit code 2. Build might be incomplete.
20:11:02 **** Incremental Build of configuration Debug for project Drivers ****
make -j4 all 
arm-none-eabi-gcc -gdwarf-2 -o "Drivers.elf" @"objects.list"   -mcpu=cortex-m3 -T"E:\EmbeddedSystemKS\Unit_7_MCU_Essential_Peripherals\Drivers\Drivers\STM32F103C6TX_FLASH.ld" --specs=nosys.specs -Wl,-Map="Drivers.map" -Wl,--gc-sections -static --specs=nano.specs -mfloat-abi=soft -mthumb -Wl,--start-group -lc -lm -Wl,--end-group
arm-none-eabi-gcc: error: STM32F103C6_Drivers/ STM32F103C6_GPIO_Driver.o: No such file or directory
make: *** [makefile:50: Drivers.elf] Error 1
"make -j4 all" terminated with exit code 2. Build might be incomplete.
20:13:18 **** Incremental Build of configuration Debug for project Drivers ****
make -j4 all 
arm-none-eabi-gcc -gdwarf-2 "../ STM32F103C6_Drivers/ STM32F103C6_GPIO_Driver.c" -mcpu=cortex-m3 -std=gnu11 -g3 -DSTM32 -DSTM32F1 -DSTM32F103C6Tx -DDEBUG -c -I../Inc -I"E:/EmbeddedSystemKS/Unit_7_MCU_Essential_Peripherals/Drivers/Drivers/ STM32F103C6_Drivers/Inc" -O0 -ffunction-sections -fdata-sections -Wall -fstack-usage -MMD -MP -MF" STM32F103C6_Drivers/ STM32F103C6_GPIO_Driver.d" -MT" STM32F103C6_Drivers/ STM32F103C6_GPIO_Driver.o" --specs=nano.specs -mfloat-abi=soft -mthumb -o " STM32F103C6_Drivers/ STM32F103C6_GPIO_Driver.o"
arm-none-eabi-gcc -gdwarf-2 -o "Drivers.elf" @"objects.list"   -mcpu=cortex-m3 -T"E:\EmbeddedSystemKS\Unit_7_MCU_Essential_Peripherals\Drivers\Drivers\STM32F103C6TX_FLASH.ld" --specs=nosys.specs -Wl,-Map="Drivers.map" -Wl,--gc-sections -static --specs=nano.specs -mfloat-abi=soft -mthumb -Wl,--start-group -lc -lm -Wl,--end-group
arm-none-eabi-gcc: error: STM32F103C6_Drivers/ STM32F103C6_GPIO_Driver.o: No such file or directory
make: *** [makefile:50: Drivers.elf] Error 1
"make -j4 all" terminated with exit code 2. Build might be incomplete.
20:13:42 **** Incremental Build of configuration Debug for project Drivers ****
make -j4 all 
arm-none-eabi-gcc -gdwarf-2 "../Src/main.c" -mcpu=cortex-m3 -std=gnu11 -g3 -DSTM32 -DSTM32F1 -DSTM32F103C6Tx -DDEBUG -c -I../Inc -I"E:/EmbeddedSystemKS/Unit_7_MCU_Essential_Peripherals/Drivers/Drivers/ STM32F103C6_Drivers/Inc" -O0 -ffunction-sections -fdata-sections -Wall -fstack-usage -MMD -MP -MF"Src/main.d" -MT"Src/main.o" --specs=nano.specs -mfloat-abi=soft -mthumb -o "Src/main.o"
arm-none-eabi-gcc -gdwarf-2 "../Src/syscalls.c" -mcpu=cortex-m3 -std=gnu11 -g3 -DSTM32 -DSTM32F1 -DSTM32F103C6Tx -DDEBUG -c -I../Inc -I"E:/EmbeddedSystemKS/Unit_7_MCU_Essential_Peripherals/Drivers/Drivers/ STM32F103C6_Drivers/Inc" -O0 -ffunction-sections -fdata-sections -Wall -fstack-usage -MMD -MP -MF"Src/syscalls.d" -MT"Src/syscalls.o" --specs=nano.specs -mfloat-abi=soft -mthumb -o "Src/syscalls.o"
arm-none-eabi-gcc -gdwarf-2 "../Src/sysmem.c" -mcpu=cortex-m3 -std=gnu11 -g3 -DSTM32 -DSTM32F1 -DSTM32F103C6Tx -DDEBUG -c -I../Inc -I"E:/EmbeddedSystemKS/Unit_7_MCU_Essential_Peripherals/Drivers/Drivers/ STM32F103C6_Drivers/Inc" -O0 -ffunction-sections -fdata-sections -Wall -fstack-usage -MMD -MP -MF"Src/sysmem.d" -MT"Src/sysmem.o" --specs=nano.specs -mfloat-abi=soft -mthumb -o "Src/sysmem.o"
arm-none-eabi-gcc -gdwarf-2 "../ STM32F103C6_Drivers/ STM32F103C6_GPIO_Driver.c" -mcpu=cortex-m3 -std=gnu11 -g3 -DSTM32 -DSTM32F1 -DSTM32F103C6Tx -DDEBUG -c -I../Inc -I"E:/EmbeddedSystemKS/Unit_7_MCU_Essential_Peripherals/Drivers/Drivers/ STM32F103C6_Drivers/Inc" -O0 -ffunction-sections -fdata-sections -Wall -fstack-usage -MMD -MP -MF" STM32F103C6_Drivers/ STM32F103C6_GPIO_Driver.d" -MT" STM32F103C6_Drivers/ STM32F103C6_GPIO_Driver.o" --specs=nano.specs -mfloat-abi=soft -mthumb -o " STM32F103C6_Drivers/ STM32F103C6_GPIO_Driver.o"
arm-none-eabi-gcc -gdwarf-2 -o "Drivers.elf" @"objects.list"   -mcpu=cortex-m3 -T"E:\EmbeddedSystemKS\Unit_7_MCU_Essential_Peripherals\Drivers\Drivers\STM32F103C6TX_FLASH.ld" --specs=nosys.specs -Wl,-Map="Drivers.map" -Wl,--gc-sections -static --specs=nano.specs -mfloat-abi=soft -mthumb -Wl,--start-group -lc -lm -Wl,--end-group
arm-none-eabi-gcc: error: STM32F103C6_Drivers/ STM32F103C6_GPIO_Driver.o: No such file or directory
make: *** [makefile:50: Drivers.elf] Error 1
"make -j4 all" terminated with exit code 2. Build might be incomplete.
20:14:44 **** Incremental Build of configuration Debug for project Drivers ****
make -j4 all 
arm-none-eabi-gcc -gdwarf-2 -o "Drivers.elf" @"objects.list"   -mcpu=cortex-m3 -T"E:\EmbeddedSystemKS\Unit_7_MCU_Essential_Peripherals\Drivers\Drivers\STM32F103C6TX_FLASH.ld" --specs=nosys.specs -Wl,-Map="Drivers.map" -Wl,--gc-sections -static --specs=nano.specs -mfloat-abi=soft -mthumb -Wl,--start-group -lc -lm -Wl,--end-group
arm-none-eabi-gcc: error: STM32F103C6_Drivers/ STM32F103C6_GPIO_Driver.o: No such file or directory
make: *** [makefile:50: Drivers.elf] Error 1
"make -j4 all" terminated with exit code 2. Build might be incomplete.
20:15:09 **** Incremental Build of configuration Debug for project Drivers ****
make -j4 all 
arm-none-eabi-gcc -gdwarf2 -mcpu=cortex-m3 -g3 -c -x assembler-with-cpp -MMD -MP -MF"Startup/startup_stm32f103c6tx.d" -MT"Startup/startup_stm32f103c6tx.o" --specs=nano.specs -mfloat-abi=soft -mthumb -o "Startup/startup_stm32f103c6tx.o" "../Startup/startup_stm32f103c6tx.s"
arm-none-eabi-gcc -gdwarf2 "../Src/main.c" -mcpu=cortex-m3 -std=gnu11 -g3 -DSTM32 -DSTM32F1 -DSTM32F103C6Tx -DDEBUG -c -I../Inc -I"E:/EmbeddedSystemKS/Unit_7_MCU_Essential_Peripherals/Drivers/Drivers/ STM32F103C6_Drivers/Inc" -O0 -ffunction-sections -fdata-sections -Wall -fstack-usage -MMD -MP -MF"Src/main.d" -MT"Src/main.o" --specs=nano.specs -mfloat-abi=soft -mthumb -o "Src/main.o"
arm-none-eabi-gcc -gdwarf2 "../Src/syscalls.c" -mcpu=cortex-m3 -std=gnu11 -g3 -DSTM32 -DSTM32F1 -DSTM32F103C6Tx -DDEBUG -c -I../Inc -I"E:/EmbeddedSystemKS/Unit_7_MCU_Essential_Peripherals/Drivers/Drivers/ STM32F103C6_Drivers/Inc" -O0 -ffunction-sections -fdata-sections -Wall -fstack-usage -MMD -MP -MF"Src/syscalls.d" -MT"Src/syscalls.o" --specs=nano.specs -mfloat-abi=soft -mthumb -o "Src/syscalls.o"
arm-none-eabi-gcc -gdwarf2 "../Src/sysmem.c" -mcpu=cortex-m3 -std=gnu11 -g3 -DSTM32 -DSTM32F1 -DSTM32F103C6Tx -DDEBUG -c -I../Inc -I"E:/EmbeddedSystemKS/Unit_7_MCU_Essential_Peripherals/Drivers/Drivers/ STM32F103C6_Drivers/Inc" -O0 -ffunction-sections -fdata-sections -Wall -fstack-usage -MMD -MP -MF"Src/sysmem.d" -MT"Src/sysmem.o" --specs=nano.specs -mfloat-abi=soft -mthumb -o "Src/sysmem.o"
arm-none-eabi-gcc: error: '-gdwarf2' is ambiguous; use '-gdwarf-2' for DWARF version or '-gdwarf -g2' for debug level
arm-none-eabi-gcc: error: '-gdwarf2' is ambiguous; use '-gdwarf-2' for DWARF version or '-gdwarf -g2' for debug level
arm-none-eabi-gcc: error: '-gdwarf2' is ambiguous; use '-gdwarf-2' for DWARF version or '-gdwarf -g2' for debug level
arm-none-eabi-gcc: error: '-gdwarf2' is ambiguous; use '-gdwarf-2' for DWARF version or '-gdwarf -g2' for debug level
make: *** [Startup/subdir.mk:18: Startup/startup_stm32f103c6tx.o] Error 1
make: *** Waiting for unfinished jobs....
make: *** [Src/subdir.mk:28: Src/sysmem.o] Error 1
make: *** [Src/subdir.mk:26: Src/syscalls.o] Error 1
make: *** [Src/subdir.mk:24: Src/main.o] Error 1
"make -j4 all" terminated with exit code 2. Build might be incomplete.
20:15:12 **** Incremental Build of configuration Debug for project Drivers ****
make -j4 all 
arm-none-eabi-gcc -gdwarf2 -mcpu=cortex-m3 -g3 -c -x assembler-with-cpp -MMD -MP -MF"Startup/startup_stm32f103c6tx.d" -MT"Startup/startup_stm32f103c6tx.o" --specs=nano.specs -mfloat-abi=soft -mthumb -o "Startup/startup_stm32f103c6tx.o" "../Startup/startup_stm32f103c6tx.s"
arm-none-eabi-gcc -gdwarf2 "../Src/main.c" -mcpu=cortex-m3 -std=gnu11 -g3 -DSTM32 -DSTM32F1 -DSTM32F103C6Tx -DDEBUG -c -I../Inc -I"E:/EmbeddedSystemKS/Unit_7_MCU_Essential_Peripherals/Drivers/Drivers/ STM32F103C6_Drivers/Inc" -O0 -ffunction-sections -fdata-sections -Wall -fstack-usage -MMD -MP -MF"Src/main.d" -MT"Src/main.o" --specs=nano.specs -mfloat-abi=soft -mthumb -o "Src/main.o"
arm-none-eabi-gcc -gdwarf2 "../Src/syscalls.c" -mcpu=cortex-m3 -std=gnu11 -g3 -DSTM32 -DSTM32F1 -DSTM32F103C6Tx -DDEBUG -c -I../Inc -I"E:/EmbeddedSystemKS/Unit_7_MCU_Essential_Peripherals/Drivers/Drivers/ STM32F103C6_Drivers/Inc" -O0 -ffunction-sections -fdata-sections -Wall -fstack-usage -MMD -MP -MF"Src/syscalls.d" -MT"Src/syscalls.o" --specs=nano.specs -mfloat-abi=soft -mthumb -o "Src/syscalls.o"
arm-none-eabi-gcc -gdwarf2 "../Src/sysmem.c" -mcpu=cortex-m3 -std=gnu11 -g3 -DSTM32 -DSTM32F1 -DSTM32F103C6Tx -DDEBUG -c -I../Inc -I"E:/EmbeddedSystemKS/Unit_7_MCU_Essential_Peripherals/Drivers/Drivers/ STM32F103C6_Drivers/Inc" -O0 -ffunction-sections -fdata-sections -Wall -fstack-usage -MMD -MP -MF"Src/sysmem.d" -MT"Src/sysmem.o" --specs=nano.specs -mfloat-abi=soft -mthumb -o "Src/sysmem.o"
arm-none-eabi-gcc: error: '-gdwarf2' is ambiguous; use '-gdwarf-2' for DWARF version or '-gdwarf -g2' for debug level
arm-none-eabi-gcc: error: '-gdwarf2' is ambiguous; use '-gdwarf-2' for DWARF version or '-gdwarf -g2' for debug level
arm-none-eabi-gcc: error: '-gdwarf2' is ambiguous; use '-gdwarf-2' for DWARF version or '-gdwarf -g2' for debug level
arm-none-eabi-gcc: error: '-gdwarf2' is ambiguous; use '-gdwarf-2' for DWARF version or '-gdwarf -g2' for debug level
make: *** [Startup/subdir.mk:18: Startup/startup_stm32f103c6tx.o] Error 1
make: *** Waiting for unfinished jobs....
make: *** [Src/subdir.mk:26: Src/syscalls.o] Error 1
make: *** [Src/subdir.mk:24: Src/main.o] Error 1
make: *** [Src/subdir.mk:28: Src/sysmem.o] Error 1
"make -j4 all" terminated with exit code 2. Build might be incomplete.
20:15:45 **** Incremental Build of configuration Debug for project Drivers ****
make -j4 all 
arm-none-eabi-gcc -gdwarf -g2 -mcpu=cortex-m3 -g3 -c -x assembler-with-cpp -MMD -MP -MF"Startup/startup_stm32f103c6tx.d" -MT"Startup/startup_stm32f103c6tx.o" --specs=nano.specs -mfloat-abi=soft -mthumb -o "Startup/startup_stm32f103c6tx.o" "../Startup/startup_stm32f103c6tx.s"
arm-none-eabi-gcc -gdwarf -g2 "../Src/main.c" -mcpu=cortex-m3 -std=gnu11 -g3 -DSTM32 -DSTM32F1 -DSTM32F103C6Tx -DDEBUG -c -I../Inc -I"E:/EmbeddedSystemKS/Unit_7_MCU_Essential_Peripherals/Drivers/Drivers/ STM32F103C6_Drivers/Inc" -O0 -ffunction-sections -fdata-sections -Wall -fstack-usage -MMD -MP -MF"Src/main.d" -MT"Src/main.o" --specs=nano.specs -mfloat-abi=soft -mthumb -o "Src/main.o"
arm-none-eabi-gcc -gdwarf -g2 "../Src/syscalls.c" -mcpu=cortex-m3 -std=gnu11 -g3 -DSTM32 -DSTM32F1 -DSTM32F103C6Tx -DDEBUG -c -I../Inc -I"E:/EmbeddedSystemKS/Unit_7_MCU_Essential_Peripherals/Drivers/Drivers/ STM32F103C6_Drivers/Inc" -O0 -ffunction-sections -fdata-sections -Wall -fstack-usage -MMD -MP -MF"Src/syscalls.d" -MT"Src/syscalls.o" --specs=nano.specs -mfloat-abi=soft -mthumb -o "Src/syscalls.o"
arm-none-eabi-gcc -gdwarf -g2 "../Src/sysmem.c" -mcpu=cortex-m3 -std=gnu11 -g3 -DSTM32 -DSTM32F1 -DSTM32F103C6Tx -DDEBUG -c -I../Inc -I"E:/EmbeddedSystemKS/Unit_7_MCU_Essential_Peripherals/Drivers/Drivers/ STM32F103C6_Drivers/Inc" -O0 -ffunction-sections -fdata-sections -Wall -fstack-usage -MMD -MP -MF"Src/sysmem.d" -MT"Src/sysmem.o" --specs=nano.specs -mfloat-abi=soft -mthumb -o "Src/sysmem.o"
arm-none-eabi-gcc -gdwarf -g2 "../ STM32F103C6_Drivers/ STM32F103C6_GPIO_Driver.c" -mcpu=cortex-m3 -std=gnu11 -g3 -DSTM32 -DSTM32F1 -DSTM32F103C6Tx -DDEBUG -c -I../Inc -I"E:/EmbeddedSystemKS/Unit_7_MCU_Essential_Peripherals/Drivers/Drivers/ STM32F103C6_Drivers/Inc" -O0 -ffunction-sections -fdata-sections -Wall -fstack-usage -MMD -MP -MF" STM32F103C6_Drivers/ STM32F103C6_GPIO_Driver.d" -MT" STM32F103C6_Drivers/ STM32F103C6_GPIO_Driver.o" --specs=nano.specs -mfloat-abi=soft -mthumb -o " STM32F103C6_Drivers/ STM32F103C6_GPIO_Driver.o"
arm-none-eabi-gcc -gdwarf -g2 -o "Drivers.elf" @"objects.list"   -mcpu=cortex-m3 -T"E:\EmbeddedSystemKS\Unit_7_MCU_Essential_Peripherals\Drivers\Drivers\STM32F103C6TX_FLASH.ld" --specs=nosys.specs -Wl,-Map="Drivers.map" -Wl,--gc-sections -static --specs=nano.specs -mfloat-abi=soft -mthumb -Wl,--start-group -lc -lm -Wl,--end-group
arm-none-eabi-gcc: error: STM32F103C6_Drivers/ STM32F103C6_GPIO_Driver.o: No such file or directory
make: *** [makefile:50: Drivers.elf] Error 1
"make -j4 all" terminated with exit code 2. Build might be incomplete.
20:18:08 **** Incremental Build of configuration Debug for project Drivers ****
make -j4 all 
arm-none-eabi-gcc -mcpu=cortex-m3 -g3 -c -x assembler-with-cpp -MMD -MP -MF"Startup/startup_stm32f103c6tx.d" -MT"Startup/startup_stm32f103c6tx.o" --specs=nano.specs -mfloat-abi=soft -mthumb -o "Startup/startup_stm32f103c6tx.o" "../Startup/startup_stm32f103c6tx.s"
arm-none-eabi-gcc "../Src/main.c" -mcpu=cortex-m3 -std=gnu11 -g3 -DSTM32 -DSTM32F1 -DSTM32F103C6Tx -DDEBUG -c -I../Inc -I"E:/EmbeddedSystemKS/Unit_7_MCU_Essential_Peripherals/Drivers/Drivers/ STM32F103C6_Drivers/Inc" -O0 -ffunction-sections -fdata-sections -Wall -fstack-usage -MMD -MP -MF"Src/main.d" -MT"Src/main.o" --specs=nano.specs -mfloat-abi=soft -mthumb -o "Src/main.o"
arm-none-eabi-gcc "../Src/syscalls.c" -mcpu=cortex-m3 -std=gnu11 -g3 -DSTM32 -DSTM32F1 -DSTM32F103C6Tx -DDEBUG -c -I../Inc -I"E:/EmbeddedSystemKS/Unit_7_MCU_Essential_Peripherals/Drivers/Drivers/ STM32F103C6_Drivers/Inc" -O0 -ffunction-sections -fdata-sections -Wall -fstack-usage -MMD -MP -MF"Src/syscalls.d" -MT"Src/syscalls.o" --specs=nano.specs -mfloat-abi=soft -mthumb -o "Src/syscalls.o"
arm-none-eabi-gcc "../Src/sysmem.c" -mcpu=cortex-m3 -std=gnu11 -g3 -DSTM32 -DSTM32F1 -DSTM32F103C6Tx -DDEBUG -c -I../Inc -I"E:/EmbeddedSystemKS/Unit_7_MCU_Essential_Peripherals/Drivers/Drivers/ STM32F103C6_Drivers/Inc" -O0 -ffunction-sections -fdata-sections -Wall -fstack-usage -MMD -MP -MF"Src/sysmem.d" -MT"Src/sysmem.o" --specs=nano.specs -mfloat-abi=soft -mthumb -o "Src/sysmem.o"
arm-none-eabi-gcc "../ STM32F103C6_Drivers/ STM32F103C6_GPIO_Driver.c" -mcpu=cortex-m3 -std=gnu11 -g3 -DSTM32 -DSTM32F1 -DSTM32F103C6Tx -DDEBUG -c -I../Inc -I"E:/EmbeddedSystemKS/Unit_7_MCU_Essential_Peripherals/Drivers/Drivers/ STM32F103C6_Drivers/Inc" -O0 -ffunction-sections -fdata-sections -Wall -fstack-usage -MMD -MP -MF" STM32F103C6_Drivers/ STM32F103C6_GPIO_Driver.d" -MT" STM32F103C6_Drivers/ STM32F103C6_GPIO_Driver.o" --specs=nano.specs -mfloat-abi=soft -mthumb -o " STM32F103C6_Drivers/ STM32F103C6_GPIO_Driver.o"
arm-none-eabi-gcc -o "Drivers.elf" @"objects.list"   -mcpu=cortex-m3 -T"E:\EmbeddedSystemKS\Unit_7_MCU_Essential_Peripherals\Drivers\Drivers\STM32F103C6TX_FLASH.ld" --specs=nosys.specs -Wl,-Map="Drivers.map" -Wl,--gc-sections -static --specs=nano.specs -mfloat-abi=soft -mthumb -Wl,--start-group -lc -lm -Wl,--end-group
arm-none-eabi-gcc: error: STM32F103C6_Drivers/ STM32F103C6_GPIO_Driver.o: No such file or directory
make: *** [makefile:50: Drivers.elf] Error 1
"make -j4 all" terminated with exit code 2. Build might be incomplete.
20:18:27 **** Incremental Build of configuration Debug for project Drivers ****
make -j4 all 
arm-none-eabi-gcc "../ STM32F103C6_Drivers/ STM32F103C6_GPIO_Driver.c" -mcpu=cortex-m3 -std=gnu11 -g3 -DSTM32 -DSTM32F1 -DSTM32F103C6Tx -DDEBUG -c -I../Inc -I"E:/EmbeddedSystemKS/Unit_7_MCU_Essential_Peripherals/Drivers/Drivers/ STM32F103C6_Drivers/Inc" -O0 -ffunction-sections -fdata-sections -Wall -fstack-usage -MMD -MP -MF" STM32F103C6_Drivers/ STM32F103C6_GPIO_Driver.d" -MT" STM32F103C6_Drivers/ STM32F103C6_GPIO_Driver.o" --specs=nano.specs -mfloat-abi=soft -mthumb -o " STM32F103C6_Drivers/ STM32F103C6_GPIO_Driver.o"
arm-none-eabi-gcc -o "Drivers.elf" @"objects.list"   -mcpu=cortex-m3 -T"E:\EmbeddedSystemKS\Unit_7_MCU_Essential_Peripherals\Drivers\Drivers\STM32F103C6TX_FLASH.ld" --specs=nosys.specs -Wl,-Map="Drivers.map" -Wl,--gc-sections -static --specs=nano.specs -mfloat-abi=soft -mthumb -Wl,--start-group -lc -lm -Wl,--end-group
arm-none-eabi-gcc: error: STM32F103C6_Drivers/ STM32F103C6_GPIO_Driver.o: No such file or directory
make: *** [makefile:50: Drivers.elf] Error 1
"make -j4 all" terminated with exit code 2. Build might be incomplete.
20:19:00 **** Incremental Build of configuration Debug for project Drivers ****
make -j4 all 
arm-none-eabi-gcc "../Src/main.c" -mcpu=cortex-m3 -std=gnu11 -g3 -DSTM32 -DSTM32F1 -DSTM32F103C6Tx -DDEBUG -c -I../Inc -I"E:/EmbeddedSystemKS/Unit_7_MCU_Essential_Peripherals/Drivers/Drivers/ STM32F103C6_Drivers/Inc" -I"E:/EmbeddedSystemKS/Unit_7_MCU_Essential_Peripherals/Drivers/Drivers/ STM32F103C6_Drivers" -O0 -ffunction-sections -fdata-sections -Wall -fstack-usage -MMD -MP -MF"Src/main.d" -MT"Src/main.o" --specs=nano.specs -mfloat-abi=soft -mthumb -o "Src/main.o"
arm-none-eabi-gcc "../Src/syscalls.c" -mcpu=cortex-m3 -std=gnu11 -g3 -DSTM32 -DSTM32F1 -DSTM32F103C6Tx -DDEBUG -c -I../Inc -I"E:/EmbeddedSystemKS/Unit_7_MCU_Essential_Peripherals/Drivers/Drivers/ STM32F103C6_Drivers/Inc" -I"E:/EmbeddedSystemKS/Unit_7_MCU_Essential_Peripherals/Drivers/Drivers/ STM32F103C6_Drivers" -O0 -ffunction-sections -fdata-sections -Wall -fstack-usage -MMD -MP -MF"Src/syscalls.d" -MT"Src/syscalls.o" --specs=nano.specs -mfloat-abi=soft -mthumb -o "Src/syscalls.o"
arm-none-eabi-gcc "../Src/sysmem.c" -mcpu=cortex-m3 -std=gnu11 -g3 -DSTM32 -DSTM32F1 -DSTM32F103C6Tx -DDEBUG -c -I../Inc -I"E:/EmbeddedSystemKS/Unit_7_MCU_Essential_Peripherals/Drivers/Drivers/ STM32F103C6_Drivers/Inc" -I"E:/EmbeddedSystemKS/Unit_7_MCU_Essential_Peripherals/Drivers/Drivers/ STM32F103C6_Drivers" -O0 -ffunction-sections -fdata-sections -Wall -fstack-usage -MMD -MP -MF"Src/sysmem.d" -MT"Src/sysmem.o" --specs=nano.specs -mfloat-abi=soft -mthumb -o "Src/sysmem.o"
arm-none-eabi-gcc "../ STM32F103C6_Drivers/ STM32F103C6_GPIO_Driver.c" -mcpu=cortex-m3 -std=gnu11 -g3 -DSTM32 -DSTM32F1 -DSTM32F103C6Tx -DDEBUG -c -I../Inc -I"E:/EmbeddedSystemKS/Unit_7_MCU_Essential_Peripherals/Drivers/Drivers/ STM32F103C6_Drivers/Inc" -I"E:/EmbeddedSystemKS/Unit_7_MCU_Essential_Peripherals/Drivers/Drivers/ STM32F103C6_Drivers" -O0 -ffunction-sections -fdata-sections -Wall -fstack-usage -MMD -MP -MF" STM32F103C6_Drivers/ STM32F103C6_GPIO_Driver.d" -MT" STM32F103C6_Drivers/ STM32F103C6_GPIO_Driver.o" --specs=nano.specs -mfloat-abi=soft -mthumb -o " STM32F103C6_Drivers/ STM32F103C6_GPIO_Driver.o"
arm-none-eabi-gcc -o "Drivers.elf" @"objects.list"   -mcpu=cortex-m3 -T"E:\EmbeddedSystemKS\Unit_7_MCU_Essential_Peripherals\Drivers\Drivers\STM32F103C6TX_FLASH.ld" --specs=nosys.specs -Wl,-Map="Drivers.map" -Wl,--gc-sections -static --specs=nano.specs -mfloat-abi=soft -mthumb -Wl,--start-group -lc -lm -Wl,--end-group
arm-none-eabi-gcc: error: STM32F103C6_Drivers/ STM32F103C6_GPIO_Driver.o: No such file or directory
make: *** [makefile:50: Drivers.elf] Error 1
"make -j4 all" terminated with exit code 2. Build might be incomplete.
20:24:03 **** Incremental Build of configuration Debug for project Drivers ****
make -j4 all 
arm-none-eabi-gcc -gdwarf -g2 -mcpu=cortex-m3 -g3 -c -x assembler-with-cpp -MMD -MP -MF"Startup/startup_stm32f103c6tx.d" -MT"Startup/startup_stm32f103c6tx.o" --specs=nano.specs -mfloat-abi=soft -mthumb -o "Startup/startup_stm32f103c6tx.o" "../Startup/startup_stm32f103c6tx.s"
arm-none-eabi-gcc -gdwarf -g2 "../Src/main.c" -mcpu=cortex-m3 -std=gnu11 -g3 -DSTM32 -DSTM32F1 -DSTM32F103C6Tx -DDEBUG -c -I../Inc -I"E:/EmbeddedSystemKS/Unit_7_MCU_Essential_Peripherals/Drivers/Drivers/ STM32F103C6_Drivers/Inc" -O0 -ffunction-sections -fdata-sections -Wall -fstack-usage -MMD -MP -MF"Src/main.d" -MT"Src/main.o" --specs=nano.specs -mfloat-abi=soft -mthumb -o "Src/main.o"
arm-none-eabi-gcc -gdwarf -g2 "../Src/syscalls.c" -mcpu=cortex-m3 -std=gnu11 -g3 -DSTM32 -DSTM32F1 -DSTM32F103C6Tx -DDEBUG -c -I../Inc -I"E:/EmbeddedSystemKS/Unit_7_MCU_Essential_Peripherals/Drivers/Drivers/ STM32F103C6_Drivers/Inc" -O0 -ffunction-sections -fdata-sections -Wall -fstack-usage -MMD -MP -MF"Src/syscalls.d" -MT"Src/syscalls.o" --specs=nano.specs -mfloat-abi=soft -mthumb -o "Src/syscalls.o"
arm-none-eabi-gcc -gdwarf -g2 "../Src/sysmem.c" -mcpu=cortex-m3 -std=gnu11 -g3 -DSTM32 -DSTM32F1 -DSTM32F103C6Tx -DDEBUG -c -I../Inc -I"E:/EmbeddedSystemKS/Unit_7_MCU_Essential_Peripherals/Drivers/Drivers/ STM32F103C6_Drivers/Inc" -O0 -ffunction-sections -fdata-sections -Wall -fstack-usage -MMD -MP -MF"Src/sysmem.d" -MT"Src/sysmem.o" --specs=nano.specs -mfloat-abi=soft -mthumb -o "Src/sysmem.o"
arm-none-eabi-gcc -gdwarf -g2 "../ STM32F103C6_Drivers/ STM32F103C6_GPIO_Driver.c" -mcpu=cortex-m3 -std=gnu11 -g3 -DSTM32 -DSTM32F1 -DSTM32F103C6Tx -DDEBUG -c -I../Inc -I"E:/EmbeddedSystemKS/Unit_7_MCU_Essential_Peripherals/Drivers/Drivers/ STM32F103C6_Drivers/Inc" -O0 -ffunction-sections -fdata-sections -Wall -fstack-usage -MMD -MP -MF" STM32F103C6_Drivers/ STM32F103C6_GPIO_Driver.d" -MT" STM32F103C6_Drivers/ STM32F103C6_GPIO_Driver.o" --specs=nano.specs -mfloat-abi=soft -mthumb -o " STM32F103C6_Drivers/ STM32F103C6_GPIO_Driver.o"
arm-none-eabi-gcc -gdwarf -g2 -o "Drivers.elf" @"objects.list"   -mcpu=cortex-m3 -T"E:\EmbeddedSystemKS\Unit_7_MCU_Essential_Peripherals\Drivers\Drivers\STM32F103C6TX_FLASH.ld" --specs=nosys.specs -Wl,-Map="Drivers.map" -Wl,--gc-sections -static --specs=nano.specs -mfloat-abi=soft -mthumb -Wl,--start-group -lc -lm -Wl,--end-group
arm-none-eabi-gcc: error: STM32F103C6_Drivers/ STM32F103C6_GPIO_Driver.o: No such file or directory
make: *** [makefile:50: Drivers.elf] Error 1
"make -j4 all" terminated with exit code 2. Build might be incomplete.
20:28:30 **** Incremental Build of configuration Debug for project Drivers ****
make -j4 all 
arm-none-eabi-gcc -gdwarf -g2 "../ STM32F103C6_Drivers/ STM32F103C6_GPIO_Driver.c" -mcpu=cortex-m3 -std=gnu11 -g3 -DSTM32 -DSTM32F1 -DSTM32F103C6Tx -DDEBUG -c -I../Inc -I"E:/EmbeddedSystemKS/Unit_7_MCU_Essential_Peripherals/Drivers/Drivers/ STM32F103C6_Drivers/Inc" -O0 -ffunction-sections -fdata-sections -Wall -fstack-usage -MMD -MP -MF" STM32F103C6_Drivers/ STM32F103C6_GPIO_Driver.d" -MT" STM32F103C6_Drivers/ STM32F103C6_GPIO_Driver.o" --specs=nano.specs -mfloat-abi=soft -mthumb -o " STM32F103C6_Drivers/ STM32F103C6_GPIO_Driver.o"
arm-none-eabi-gcc -gdwarf -g2 -o "Drivers.elf" @"objects.list"   -mcpu=cortex-m3 -T"E:\EmbeddedSystemKS\Unit_7_MCU_Essential_Peripherals\Drivers\Drivers\STM32F103C6TX_FLASH.ld" --specs=nosys.specs -Wl,-Map="Drivers.map" -Wl,--gc-sections -static --specs=nano.specs -mfloat-abi=soft -mthumb -Wl,--start-group -lc -lm -Wl,--end-group
arm-none-eabi-gcc: error: STM32F103C6_Drivers/ STM32F103C6_GPIO_Driver.o: No such file or directory
make: *** [makefile:50: Drivers.elf] Error 1
"make -j4 all" terminated with exit code 2. Build might be incomplete.
20:29:29 **** Clean-only build of configuration Debug for project Drivers ****
make -j4 clean 
rm -rf *
 
20:29:30 **** Incremental Build of configuration Debug for project Drivers ****
make -j4 all 
arm-none-eabi-gcc -gdwarf -g2 -mcpu=cortex-m3 -g3 -c -x assembler-with-cpp -MMD -MP -MF"Startup/startup_stm32f103c6tx.d" -MT"Startup/startup_stm32f103c6tx.o" --specs=nano.specs -mfloat-abi=soft -mthumb -o "Startup/startup_stm32f103c6tx.o" "../Startup/startup_stm32f103c6tx.s"
arm-none-eabi-gcc -gdwarf -g2 "../Src/main.c" -mcpu=cortex-m3 -std=gnu11 -g3 -DSTM32 -DSTM32F1 -DSTM32F103C6Tx -DDEBUG -c -I../Inc -O0 -ffunction-sections -fdata-sections -Wall -fstack-usage -MMD -MP -MF"Src/main.d" -MT"Src/main.o" --specs=nano.specs -mfloat-abi=soft -mthumb -o "Src/main.o"
arm-none-eabi-gcc -gdwarf -g2 "../Src/syscalls.c" -mcpu=cortex-m3 -std=gnu11 -g3 -DSTM32 -DSTM32F1 -DSTM32F103C6Tx -DDEBUG -c -I../Inc -O0 -ffunction-sections -fdata-sections -Wall -fstack-usage -MMD -MP -MF"Src/syscalls.d" -MT"Src/syscalls.o" --specs=nano.specs -mfloat-abi=soft -mthumb -o "Src/syscalls.o"
arm-none-eabi-gcc -gdwarf -g2 "../Src/sysmem.c" -mcpu=cortex-m3 -std=gnu11 -g3 -DSTM32 -DSTM32F1 -DSTM32F103C6Tx -DDEBUG -c -I../Inc -O0 -ffunction-sections -fdata-sections -Wall -fstack-usage -MMD -MP -MF"Src/sysmem.d" -MT"Src/sysmem.o" --specs=nano.specs -mfloat-abi=soft -mthumb -o "Src/sysmem.o"
arm-none-eabi-gcc -gdwarf -g2 "../ STM32F103C6Drivers/ STM32F103C6_GPIO_Driver.c" -mcpu=cortex-m3 -std=gnu11 -g3 -DSTM32 -DSTM32F1 -DSTM32F103C6Tx -DDEBUG -c -I../Inc -O0 -ffunction-sections -fdata-sections -Wall -fstack-usage -MMD -MP -MF" STM32F103C6Drivers/ STM32F103C6_GPIO_Driver.d" -MT" STM32F103C6Drivers/ STM32F103C6_GPIO_Driver.o" --specs=nano.specs -mfloat-abi=soft -mthumb -o " STM32F103C6Drivers/ STM32F103C6_GPIO_Driver.o"
arm-none-eabi-gcc -gdwarf -g2 -o "Drivers.elf" @"objects.list"   -mcpu=cortex-m3 -T"E:\EmbeddedSystemKS\Unit_7_MCU_Essential_Peripherals\Drivers\Drivers\STM32F103C6TX_FLASH.ld" --specs=nosys.specs -Wl,-Map="Drivers.map" -Wl,--gc-sections -static --specs=nano.specs -mfloat-abi=soft -mthumb -Wl,--start-group -lc -lm -Wl,--end-group
arm-none-eabi-gcc: error: STM32F103C6Drivers/ STM32F103C6_GPIO_Driver.o: No such file or directory
make: *** [makefile:50: Drivers.elf] Error 1
"make -j4 all" terminated with exit code 2. Build might be incomplete.
20:31:48 **** Clean-only build of configuration Debug for project Drivers ****
make -j4 clean 
rm -rf *
 
20:31:48 **** Incremental Build of configuration Debug for project Drivers ****
make -j4 all 
arm-none-eabi-gcc -gdwarf -g2 -mcpu=cortex-m3 -g3 -c -x assembler-with-cpp -MMD -MP -MF"Startup/startup_stm32f103c6tx.d" -MT"Startup/startup_stm32f103c6tx.o" --specs=nano.specs -mfloat-abi=soft -mthumb -o "Startup/startup_stm32f103c6tx.o" "../Startup/startup_stm32f103c6tx.s"
arm-none-eabi-gcc -gdwarf -g2 "../Src/main.c" -mcpu=cortex-m3 -std=gnu11 -g3 -DSTM32 -DSTM32F1 -DSTM32F103C6Tx -DDEBUG -c -I../Inc -O0 -ffunction-sections -fdata-sections -Wall -fstack-usage -MMD -MP -MF"Src/main.d" -MT"Src/main.o" --specs=nano.specs -mfloat-abi=soft -mthumb -o "Src/main.o"
arm-none-eabi-gcc -gdwarf -g2 "../Src/syscalls.c" -mcpu=cortex-m3 -std=gnu11 -g3 -DSTM32 -DSTM32F1 -DSTM32F103C6Tx -DDEBUG -c -I../Inc -O0 -ffunction-sections -fdata-sections -Wall -fstack-usage -MMD -MP -MF"Src/syscalls.d" -MT"Src/syscalls.o" --specs=nano.specs -mfloat-abi=soft -mthumb -o "Src/syscalls.o"
arm-none-eabi-gcc -gdwarf -g2 "../Src/sysmem.c" -mcpu=cortex-m3 -std=gnu11 -g3 -DSTM32 -DSTM32F1 -DSTM32F103C6Tx -DDEBUG -c -I../Inc -O0 -ffunction-sections -fdata-sections -Wall -fstack-usage -MMD -MP -MF"Src/sysmem.d" -MT"Src/sysmem.o" --specs=nano.specs -mfloat-abi=soft -mthumb -o "Src/sysmem.o"
arm-none-eabi-gcc -gdwarf -g2 "../STM32F103C6_Drivers/ STM32F103C6_GPIO_Driver.c" -mcpu=cortex-m3 -std=gnu11 -g3 -DSTM32 -DSTM32F1 -DSTM32F103C6Tx -DDEBUG -c -I../Inc -O0 -ffunction-sections -fdata-sections -Wall -fstack-usage -MMD -MP -MF"STM32F103C6_Drivers/ STM32F103C6_GPIO_Driver.d" -MT"STM32F103C6_Drivers/ STM32F103C6_GPIO_Driver.o" --specs=nano.specs -mfloat-abi=soft -mthumb -o "STM32F103C6_Drivers/ STM32F103C6_GPIO_Driver.o"
arm-none-eabi-gcc -gdwarf -g2 -o "Drivers.elf" @"objects.list"   -mcpu=cortex-m3 -T"E:\EmbeddedSystemKS\Unit_7_MCU_Essential_Peripherals\Drivers\Drivers\STM32F103C6TX_FLASH.ld" --specs=nosys.specs -Wl,-Map="Drivers.map" -Wl,--gc-sections -static --specs=nano.specs -mfloat-abi=soft -mthumb -Wl,--start-group -lc -lm -Wl,--end-group
Finished building target: Drivers.elf
 
arm-none-eabi-size   Drivers.elf 
arm-none-eabi-objdump -h -S  Drivers.elf  > "Drivers.list"
arm-none-eabi-objcopy  -O binary  Drivers.elf  "Drivers.bin"
   text	   data	    bss	    dec	    hex	filename
    556	      8	   1568	   2132	    854	Drivers.elf
Finished building: default.size.stdout
 
Finished building: Drivers.list
Finished building: Drivers.bin
 
 
13:10:04 **** Incremental Build of configuration Debug for project Drivers ****
make -j4 all 
arm-none-eabi-gcc -gdwarf -g2 "../STM32F103C6_Drivers/GPIO/STM32F103C6_GPIO_Driver.c" -mcpu=cortex-m3 -std=gnu11 -g3 -DSTM32 -DSTM32F1 -DSTM32F103C6Tx -DDEBUG -c -I../Inc -O0 -ffunction-sections -fdata-sections -Wall -fstack-usage -MMD -MP -MF"STM32F103C6_Drivers/GPIO/STM32F103C6_GPIO_Driver.d" -MT"STM32F103C6_Drivers/GPIO/STM32F103C6_GPIO_Driver.o" --specs=nano.specs -mfloat-abi=soft -mthumb -o "STM32F103C6_Drivers/GPIO/STM32F103C6_GPIO_Driver.o"
arm-none-eabi-gcc -gdwarf -g2 -o "Drivers.elf" @"objects.list"   -mcpu=cortex-m3 -T"E:\EmbeddedSystemKS\Unit_7_MCU_Essential_Peripherals\Drivers\Drivers\STM32F103C6TX_FLASH.ld" --specs=nosys.specs -Wl,-Map="Drivers.map" -Wl,--gc-sections -static --specs=nano.specs -mfloat-abi=soft -mthumb -Wl,--start-group -lc -lm -Wl,--end-group
Finished building target: Drivers.elf
 
arm-none-eabi-objdump -h -S  Drivers.elf  > "Drivers.list"
arm-none-eabi-objcopy  -O binary  Drivers.elf  "Drivers.bin"
arm-none-eabi-size   Drivers.elf 
Finished building: Drivers.bin
   text	   data	    bss	    dec	    hex	filename
    556	      8	   1568	   2132	    854	Drivers.elf
 
Finished building: default.size.stdout
 
Finished building: Drivers.list
 
13:42:48 **** Incremental Build of configuration Debug for project Drivers ****
make -j4 all 
arm-none-eabi-size   Drivers.elf 
   text	   data	    bss	    dec	    hex	filename
    556	      8	   1568	   2132	    854	Drivers.elf
Finished building: default.size.stdout
 
13:44:14 **** Incremental Build of configuration Debug for project Drivers ****
make -j4 all 
arm-none-eabi-size   Drivers.elf 
   text	   data	    bss	    dec	    hex	filename
    556	      8	   1568	   2132	    854	Drivers.elf
Finished building: default.size.stdout
 
20:50:34 **** Incremental Build of configuration Debug for project Drivers ****
make -j4 all 
arm-none-eabi-gcc -gdwarf -g2 "../Src/main.c" -mcpu=cortex-m3 -std=gnu11 -g3 -DSTM32 -DSTM32F1 -DSTM32F103C6Tx -DDEBUG -c -I../Inc -I"E:/EmbeddedSystemKS/Unit_7_MCU_Essential_Peripherals/Drivers/Drivers/STM32F103C6_Drivers" -O0 -ffunction-sections -fdata-sections -Wall -fstack-usage -MMD -MP -MF"Src/main.d" -MT"Src/main.o" --specs=nano.specs -mfloat-abi=soft -mthumb -o "Src/main.o"
arm-none-eabi-gcc -gdwarf -g2 "../Src/syscalls.c" -mcpu=cortex-m3 -std=gnu11 -g3 -DSTM32 -DSTM32F1 -DSTM32F103C6Tx -DDEBUG -c -I../Inc -I"E:/EmbeddedSystemKS/Unit_7_MCU_Essential_Peripherals/Drivers/Drivers/STM32F103C6_Drivers" -O0 -ffunction-sections -fdata-sections -Wall -fstack-usage -MMD -MP -MF"Src/syscalls.d" -MT"Src/syscalls.o" --specs=nano.specs -mfloat-abi=soft -mthumb -o "Src/syscalls.o"
arm-none-eabi-gcc -gdwarf -g2 "../Src/sysmem.c" -mcpu=cortex-m3 -std=gnu11 -g3 -DSTM32 -DSTM32F1 -DSTM32F103C6Tx -DDEBUG -c -I../Inc -I"E:/EmbeddedSystemKS/Unit_7_MCU_Essential_Peripherals/Drivers/Drivers/STM32F103C6_Drivers" -O0 -ffunction-sections -fdata-sections -Wall -fstack-usage -MMD -MP -MF"Src/sysmem.d" -MT"Src/sysmem.o" --specs=nano.specs -mfloat-abi=soft -mthumb -o "Src/sysmem.o"
arm-none-eabi-gcc -gdwarf -g2 "../STM32F103C6_Drivers/GPIO/STM32F103C6_GPIO_Driver.c" -mcpu=cortex-m3 -std=gnu11 -g3 -DSTM32 -DSTM32F1 -DSTM32F103C6Tx -DDEBUG -c -I../Inc -I"E:/EmbeddedSystemKS/Unit_7_MCU_Essential_Peripherals/Drivers/Drivers/STM32F103C6_Drivers" -O0 -ffunction-sections -fdata-sections -Wall -fstack-usage -MMD -MP -MF"STM32F103C6_Drivers/GPIO/STM32F103C6_GPIO_Driver.d" -MT"STM32F103C6_Drivers/GPIO/STM32F103C6_GPIO_Driver.o" --specs=nano.specs -mfloat-abi=soft -mthumb -o "STM32F103C6_Drivers/GPIO/STM32F103C6_GPIO_Driver.o"
../Src/main.c:24:10: fatal error: STM32F103C6_GPIO_Driver.h: No such file or directory
 #include "STM32F103C6_GPIO_Driver.h"
          ^~~~~~~~~~~~~~~~~~~~~~~~~~~
compilation terminated.
make: *** [Src/subdir.mk:24: Src/main.o] Error 1
make: *** Waiting for unfinished jobs....
"make -j4 all" terminated with exit code 2. Build might be incomplete.
20:51:07 **** Incremental Build of configuration Debug for project Drivers ****
make -j4 all 
arm-none-eabi-gcc -gdwarf -g2 "../Src/main.c" -mcpu=cortex-m3 -std=gnu11 -g3 -DSTM32 -DSTM32F1 -DSTM32F103C6Tx -DDEBUG -c -I"E:/EmbeddedSystemKS/Unit_7_MCU_Essential_Peripherals/Drivers/Drivers/STM32F103C6_Drivers/Inc" -I../Inc -O0 -ffunction-sections -fdata-sections -Wall -fstack-usage -MMD -MP -MF"Src/main.d" -MT"Src/main.o" --specs=nano.specs -mfloat-abi=soft -mthumb -o "Src/main.o"
arm-none-eabi-gcc -gdwarf -g2 "../Src/syscalls.c" -mcpu=cortex-m3 -std=gnu11 -g3 -DSTM32 -DSTM32F1 -DSTM32F103C6Tx -DDEBUG -c -I"E:/EmbeddedSystemKS/Unit_7_MCU_Essential_Peripherals/Drivers/Drivers/STM32F103C6_Drivers/Inc" -I../Inc -O0 -ffunction-sections -fdata-sections -Wall -fstack-usage -MMD -MP -MF"Src/syscalls.d" -MT"Src/syscalls.o" --specs=nano.specs -mfloat-abi=soft -mthumb -o "Src/syscalls.o"
arm-none-eabi-gcc -gdwarf -g2 "../Src/sysmem.c" -mcpu=cortex-m3 -std=gnu11 -g3 -DSTM32 -DSTM32F1 -DSTM32F103C6Tx -DDEBUG -c -I"E:/EmbeddedSystemKS/Unit_7_MCU_Essential_Peripherals/Drivers/Drivers/STM32F103C6_Drivers/Inc" -I../Inc -O0 -ffunction-sections -fdata-sections -Wall -fstack-usage -MMD -MP -MF"Src/sysmem.d" -MT"Src/sysmem.o" --specs=nano.specs -mfloat-abi=soft -mthumb -o "Src/sysmem.o"
arm-none-eabi-gcc -gdwarf -g2 "../STM32F103C6_Drivers/GPIO/STM32F103C6_GPIO_Driver.c" -mcpu=cortex-m3 -std=gnu11 -g3 -DSTM32 -DSTM32F1 -DSTM32F103C6Tx -DDEBUG -c -I"E:/EmbeddedSystemKS/Unit_7_MCU_Essential_Peripherals/Drivers/Drivers/STM32F103C6_Drivers/Inc" -I../Inc -O0 -ffunction-sections -fdata-sections -Wall -fstack-usage -MMD -MP -MF"STM32F103C6_Drivers/GPIO/STM32F103C6_GPIO_Driver.d" -MT"STM32F103C6_Drivers/GPIO/STM32F103C6_GPIO_Driver.o" --specs=nano.specs -mfloat-abi=soft -mthumb -o "STM32F103C6_Drivers/GPIO/STM32F103C6_GPIO_Driver.o"
../Src/main.c:24:10: fatal error: STM32F103C6_GPIO_Driver.h: No such file or directory
 #include "STM32F103C6_GPIO_Driver.h"
          ^~~~~~~~~~~~~~~~~~~~~~~~~~~
compilation terminated.
make: *** [Src/subdir.mk:24: Src/main.o] Error 1
make: *** Waiting for unfinished jobs....
"make -j4 all" terminated with exit code 2. Build might be incomplete.
20:51:44 **** Incremental Build of configuration Debug for project Drivers ****
make -j4 all 
arm-none-eabi-gcc -gdwarf -g2 "../Src/main.c" -mcpu=cortex-m3 -std=gnu11 -g3 -DSTM32 -DSTM32F1 -DSTM32F103C6Tx -DDEBUG -c -I"E:/EmbeddedSystemKS/Unit_7_MCU_Essential_Peripherals/Drivers/Drivers/STM32F103C6_Drivers/Inc" -I../Inc -O0 -ffunction-sections -fdata-sections -Wall -fstack-usage -MMD -MP -MF"Src/main.d" -MT"Src/main.o" --specs=nano.specs -mfloat-abi=soft -mthumb -o "Src/main.o"
../Src/main.c:24:10: fatal error: STM32F103C6_GPIO_Driver.h: No such file or directory
 #include "STM32F103C6_GPIO_Driver.h"
          ^~~~~~~~~~~~~~~~~~~~~~~~~~~
compilation terminated.
make: *** [Src/subdir.mk:24: Src/main.o] Error 1
"make -j4 all" terminated with exit code 2. Build might be incomplete.
20:52:45 **** Incremental Build of configuration Debug for project Drivers ****
make -j4 all 
arm-none-eabi-gcc -gdwarf -g2 -mcpu=cortex-m3 -g3 -c -I"E:/EmbeddedSystemKS/Unit_7_MCU_Essential_Peripherals/Drivers/Drivers/STM32F103C6_Drivers/Inc" -x assembler-with-cpp -MMD -MP -MF"Startup/startup_stm32f103c6tx.d" -MT"Startup/startup_stm32f103c6tx.o" --specs=nano.specs -mfloat-abi=soft -mthumb -o "Startup/startup_stm32f103c6tx.o" "../Startup/startup_stm32f103c6tx.s"
arm-none-eabi-gcc -gdwarf -g2 "../Src/main.c" -mcpu=cortex-m3 -std=gnu11 -g3 -DSTM32 -DSTM32F1 -DSTM32F103C6Tx -DDEBUG -c -I"E:/EmbeddedSystemKS/Unit_7_MCU_Essential_Peripherals/Drivers/Drivers/STM32F103C6_Drivers/Inc" -I../Inc -O0 -ffunction-sections -fdata-sections -Wall -fstack-usage -MMD -MP -MF"Src/main.d" -MT"Src/main.o" --specs=nano.specs -mfloat-abi=soft -mthumb -o "Src/main.o"
arm-none-eabi-gcc -gdwarf -g2 "../Src/syscalls.c" -mcpu=cortex-m3 -std=gnu11 -g3 -DSTM32 -DSTM32F1 -DSTM32F103C6Tx -DDEBUG -c -I"E:/EmbeddedSystemKS/Unit_7_MCU_Essential_Peripherals/Drivers/Drivers/STM32F103C6_Drivers/Inc" -I../Inc -O0 -ffunction-sections -fdata-sections -Wall -fstack-usage -MMD -MP -MF"Src/syscalls.d" -MT"Src/syscalls.o" --specs=nano.specs -mfloat-abi=soft -mthumb -o "Src/syscalls.o"
arm-none-eabi-gcc -gdwarf -g2 "../Src/sysmem.c" -mcpu=cortex-m3 -std=gnu11 -g3 -DSTM32 -DSTM32F1 -DSTM32F103C6Tx -DDEBUG -c -I"E:/EmbeddedSystemKS/Unit_7_MCU_Essential_Peripherals/Drivers/Drivers/STM32F103C6_Drivers/Inc" -I../Inc -O0 -ffunction-sections -fdata-sections -Wall -fstack-usage -MMD -MP -MF"Src/sysmem.d" -MT"Src/sysmem.o" --specs=nano.specs -mfloat-abi=soft -mthumb -o "Src/sysmem.o"
../Src/main.c:24:10: fatal error: STM32F103C6_GPIO_Driver.h: No such file or directory
 #include "STM32F103C6_GPIO_Driver.h"
          ^~~~~~~~~~~~~~~~~~~~~~~~~~~
compilation terminated.
make: *** [Src/subdir.mk:24: Src/main.o] Error 1
make: *** Waiting for unfinished jobs....
"make -j4 all" terminated with exit code 2. Build might be incomplete.
20:53:17 **** Incremental Build of configuration Debug for project Drivers ****
make -j4 all 
arm-none-eabi-gcc -gdwarf -g2 "../Src/main.c" -mcpu=cortex-m3 -std=gnu11 -g3 -DSTM32 -DSTM32F1 -DSTM32F103C6Tx -DDEBUG -c -I"E:/EmbeddedSystemKS/Unit_7_MCU_Essential_Peripherals/Drivers/Drivers/STM32F103C6_Drivers/Inc" -I../Inc -O0 -ffunction-sections -fdata-sections -Wall -fstack-usage -MMD -MP -MF"Src/main.d" -MT"Src/main.o" --specs=nano.specs -mfloat-abi=soft -mthumb -o "Src/main.o"
arm-none-eabi-gcc -gdwarf -g2 "../STM32F103C6_Drivers/GPIO/STM32F103C6_GPIO_Driver.c" -mcpu=cortex-m3 -std=gnu11 -g3 -DSTM32 -DSTM32F1 -DSTM32F103C6Tx -DDEBUG -c -I"E:/EmbeddedSystemKS/Unit_7_MCU_Essential_Peripherals/Drivers/Drivers/STM32F103C6_Drivers/Inc" -I../Inc -O0 -ffunction-sections -fdata-sections -Wall -fstack-usage -MMD -MP -MF"STM32F103C6_Drivers/GPIO/STM32F103C6_GPIO_Driver.d" -MT"STM32F103C6_Drivers/GPIO/STM32F103C6_GPIO_Driver.o" --specs=nano.specs -mfloat-abi=soft -mthumb -o "STM32F103C6_Drivers/GPIO/STM32F103C6_GPIO_Driver.o"
../Src/main.c:24:10: fatal error: STM32F103C6/Inc/STM32F103C6_GPIO_Driver.h: No such file or directory
 #include "STM32F103C6/Inc/STM32F103C6_GPIO_Driver.h"
          ^~~~~~~~~~~~~~~~~~~~~~~~~~~~~~~~~~~~~~~~~~~
compilation terminated.
make: *** [Src/subdir.mk:24: Src/main.o] Error 1
make: *** Waiting for unfinished jobs....
"make -j4 all" terminated with exit code 2. Build might be incomplete.
20:53:22 **** Incremental Build of configuration Debug for project Drivers ****
make -j4 all 
arm-none-eabi-gcc -gdwarf -g2 "../Src/main.c" -mcpu=cortex-m3 -std=gnu11 -g3 -DSTM32 -DSTM32F1 -DSTM32F103C6Tx -DDEBUG -c -I"E:/EmbeddedSystemKS/Unit_7_MCU_Essential_Peripherals/Drivers/Drivers/STM32F103C6_Drivers/Inc" -I../Inc -O0 -ffunction-sections -fdata-sections -Wall -fstack-usage -MMD -MP -MF"Src/main.d" -MT"Src/main.o" --specs=nano.specs -mfloat-abi=soft -mthumb -o "Src/main.o"
../Src/main.c:24:10: fatal error: STM32F103C6_GPIO_Driver.h: No such file or directory
 #include "STM32F103C6_GPIO_Driver.h"
          ^~~~~~~~~~~~~~~~~~~~~~~~~~~
compilation terminated.
make: *** [Src/subdir.mk:24: Src/main.o] Error 1
"make -j4 all" terminated with exit code 2. Build might be incomplete.
20:53:55 **** Incremental Build of configuration Debug for project Drivers ****
make -j4 all 
arm-none-eabi-gcc -gdwarf -g2 "../Src/main.c" -mcpu=cortex-m3 -std=gnu11 -g3 -DSTM32 -DSTM32F1 -DSTM32F103C6Tx -DDEBUG -c -I"E:/EmbeddedSystemKS/Unit_7_MCU_Essential_Peripherals/Drivers/Drivers/STM32F103C6_Drivers/Inc" -I../Inc -O0 -ffunction-sections -fdata-sections -Wall -fstack-usage -MMD -MP -MF"Src/main.d" -MT"Src/main.o" --specs=nano.specs -mfloat-abi=soft -mthumb -o "Src/main.o"
arm-none-eabi-gcc -gdwarf -g2 -o "Drivers.elf" @"objects.list"   -mcpu=cortex-m3 -T"E:\EmbeddedSystemKS\Unit_7_MCU_Essential_Peripherals\Drivers\Drivers\STM32F103C6TX_FLASH.ld" --specs=nosys.specs -Wl,-Map="Drivers.map" -Wl,--gc-sections -static --specs=nano.specs -mfloat-abi=soft -mthumb -Wl,--start-group -lc -lm -Wl,--end-group
Finished building target: Drivers.elf
 
arm-none-eabi-objdump -h -S  Drivers.elf  > "Drivers.list"
arm-none-eabi-objcopy  -O binary  Drivers.elf  "Drivers.bin"
arm-none-eabi-size   Drivers.elf 
   text	   data	    bss	    dec	    hex	filename
    556	      8	   1568	   2132	    854	Drivers.elf
Finished building: default.size.stdout
 
Finished building: Drivers.list
Finished building: Drivers.bin
 
 
20:54:05 **** Incremental Build of configuration Debug for project Drivers ****
make -j4 all 
arm-none-eabi-gcc -gdwarf -g2 "../Src/main.c" -mcpu=cortex-m3 -std=gnu11 -g3 -DSTM32 -DSTM32F1 -DSTM32F103C6Tx -DDEBUG -c -I"E:/EmbeddedSystemKS/Unit_7_MCU_Essential_Peripherals/Drivers/Drivers/STM32F103C6_Drivers/Inc" -I../Inc -O0 -ffunction-sections -fdata-sections -Wall -fstack-usage -MMD -MP -MF"Src/main.d" -MT"Src/main.o" --specs=nano.specs -mfloat-abi=soft -mthumb -o "Src/main.o"
../Src/main.c:24:10: fatal error: STM32F103C6_GPIO_Driver.h: No such file or directory
 #include "STM32F103C6_GPIO_Driver.h"
          ^~~~~~~~~~~~~~~~~~~~~~~~~~~
compilation terminated.
make: *** [Src/subdir.mk:24: Src/main.o] Error 1
"make -j4 all" terminated with exit code 2. Build might be incomplete.
20:54:33 **** Incremental Build of configuration Debug for project Drivers ****
make -j4 all 
arm-none-eabi-gcc -gdwarf -g2 "../Src/main.c" -mcpu=cortex-m3 -std=gnu11 -g3 -DSTM32 -DSTM32F1 -DSTM32F103C6Tx -DDEBUG -c -I"E:/EmbeddedSystemKS/Unit_7_MCU_Essential_Peripherals/Drivers/Drivers/STM32F103C6_Drivers/Inc" -I../Inc -O0 -ffunction-sections -fdata-sections -Wall -fstack-usage -MMD -MP -MF"Src/main.d" -MT"Src/main.o" --specs=nano.specs -mfloat-abi=soft -mthumb -o "Src/main.o"
arm-none-eabi-gcc -gdwarf -g2 -o "Drivers.elf" @"objects.list"   -mcpu=cortex-m3 -T"E:\EmbeddedSystemKS\Unit_7_MCU_Essential_Peripherals\Drivers\Drivers\STM32F103C6TX_FLASH.ld" --specs=nosys.specs -Wl,-Map="Drivers.map" -Wl,--gc-sections -static --specs=nano.specs -mfloat-abi=soft -mthumb -Wl,--start-group -lc -lm -Wl,--end-group
Finished building target: Drivers.elf
 
arm-none-eabi-objdump -h -S  Drivers.elf  > "Drivers.list"
arm-none-eabi-objcopy  -O binary  Drivers.elf  "Drivers.bin"
arm-none-eabi-size   Drivers.elf 
   text	   data	    bss	    dec	    hex	filename
    556	      8	   1568	   2132	    854	Drivers.elf
Finished building: default.size.stdout
 
Finished building: Drivers.bin
Finished building: Drivers.list
 
 
15:25:41 **** Incremental Build of configuration Debug for project Drivers ****
make -j4 all 
arm-none-eabi-gcc -gdwarf -g2 "../Src/main.c" -mcpu=cortex-m3 -std=gnu11 -g3 -DSTM32 -DSTM32F1 -DSTM32F103C6Tx -DDEBUG -c -I"E:/EmbeddedSystemKS/Unit_7_MCU_Essential_Peripherals/Drivers/Drivers/STM32F103C6_Drivers/Inc" -I../Inc -O0 -ffunction-sections -fdata-sections -Wall -fstack-usage -MMD -MP -MF"Src/main.d" -MT"Src/main.o" --specs=nano.specs -mfloat-abi=soft -mthumb -o "Src/main.o"
arm-none-eabi-gcc -gdwarf -g2 "../STM32F103C6_Drivers/GPIO/STM32F103C6_GPIO_Driver.c" -mcpu=cortex-m3 -std=gnu11 -g3 -DSTM32 -DSTM32F1 -DSTM32F103C6Tx -DDEBUG -c -I"E:/EmbeddedSystemKS/Unit_7_MCU_Essential_Peripherals/Drivers/Drivers/STM32F103C6_Drivers/Inc" -I../Inc -O0 -ffunction-sections -fdata-sections -Wall -fstack-usage -MMD -MP -MF"STM32F103C6_Drivers/GPIO/STM32F103C6_GPIO_Driver.d" -MT"STM32F103C6_Drivers/GPIO/STM32F103C6_GPIO_Driver.o" --specs=nano.specs -mfloat-abi=soft -mthumb -o "STM32F103C6_Drivers/GPIO/STM32F103C6_GPIO_Driver.o"
In file included from ../Src/main.c:24:0:
E:/EmbeddedSystemKS/Unit_7_MCU_Essential_Peripherals/Drivers/Drivers/STM32F103C6_Drivers/Inc/STM32F103C6_GPIO_Driver.h:31:2: error: unknown type name 'unit8_t'
  unit8_t GPIO_Output_Speed;  //Specifies clock speed of the selected pins
  ^~~~~~~
In file included from ../STM32F103C6_Drivers/GPIO/STM32F103C6_GPIO_Driver.c:7:0:
E:/EmbeddedSystemKS/Unit_7_MCU_Essential_Peripherals/Drivers/Drivers/STM32F103C6_Drivers/Inc/STM32F103C6_GPIO_Driver.h:31:2: error: unknown type name 'unit8_t'
  unit8_t GPIO_Output_Speed;  //Specifies clock speed of the selected pins
  ^~~~~~~
make: *** [STM32F103C6_Drivers/GPIO/subdir.mk:18: STM32F103C6_Drivers/GPIO/STM32F103C6_GPIO_Driver.o] Error 1
make: *** Waiting for unfinished jobs....
make: *** [Src/subdir.mk:24: Src/main.o] Error 1
"make -j4 all" terminated with exit code 2. Build might be incomplete.
15:26:04 **** Incremental Build of configuration Debug for project Drivers ****
make -j4 all 
arm-none-eabi-gcc -gdwarf -g2 "../Src/main.c" -mcpu=cortex-m3 -std=gnu11 -g3 -DSTM32 -DSTM32F1 -DSTM32F103C6Tx -DDEBUG -c -I"E:/EmbeddedSystemKS/Unit_7_MCU_Essential_Peripherals/Drivers/Drivers/STM32F103C6_Drivers/Inc" -I../Inc -O0 -ffunction-sections -fdata-sections -Wall -fstack-usage -MMD -MP -MF"Src/main.d" -MT"Src/main.o" --specs=nano.specs -mfloat-abi=soft -mthumb -o "Src/main.o"
arm-none-eabi-gcc -gdwarf -g2 "../STM32F103C6_Drivers/GPIO/STM32F103C6_GPIO_Driver.c" -mcpu=cortex-m3 -std=gnu11 -g3 -DSTM32 -DSTM32F1 -DSTM32F103C6Tx -DDEBUG -c -I"E:/EmbeddedSystemKS/Unit_7_MCU_Essential_Peripherals/Drivers/Drivers/STM32F103C6_Drivers/Inc" -I../Inc -O0 -ffunction-sections -fdata-sections -Wall -fstack-usage -MMD -MP -MF"STM32F103C6_Drivers/GPIO/STM32F103C6_GPIO_Driver.d" -MT"STM32F103C6_Drivers/GPIO/STM32F103C6_GPIO_Driver.o" --specs=nano.specs -mfloat-abi=soft -mthumb -o "STM32F103C6_Drivers/GPIO/STM32F103C6_GPIO_Driver.o"
arm-none-eabi-gcc -gdwarf -g2 -o "Drivers.elf" @"objects.list"   -mcpu=cortex-m3 -T"E:\EmbeddedSystemKS\Unit_7_MCU_Essential_Peripherals\Drivers\Drivers\STM32F103C6TX_FLASH.ld" --specs=nosys.specs -Wl,-Map="Drivers.map" -Wl,--gc-sections -static --specs=nano.specs -mfloat-abi=soft -mthumb -Wl,--start-group -lc -lm -Wl,--end-group
Finished building target: Drivers.elf
 
arm-none-eabi-objdump -h -S  Drivers.elf  > "Drivers.list"
arm-none-eabi-objcopy  -O binary  Drivers.elf  "Drivers.bin"
arm-none-eabi-size   Drivers.elf 
   text	   data	    bss	    dec	    hex	filename
    556	      8	   1568	   2132	    854	Drivers.elf
Finished building: default.size.stdout
 
Finished building: Drivers.list
Finished building: Drivers.bin
 
 
15:56:38 **** Incremental Build of configuration Debug for project Drivers ****
make -j4 all 
arm-none-eabi-gcc -gdwarf -g2 "../Src/main.c" -mcpu=cortex-m3 -std=gnu11 -g3 -DSTM32 -DSTM32F1 -DSTM32F103C6Tx -DDEBUG -c -I"E:/EmbeddedSystemKS/Unit_7_MCU_Essential_Peripherals/Drivers/Drivers/STM32F103C6_Drivers/Inc" -I../Inc -O0 -ffunction-sections -fdata-sections -Wall -fstack-usage -MMD -MP -MF"Src/main.d" -MT"Src/main.o" --specs=nano.specs -mfloat-abi=soft -mthumb -o "Src/main.o"
arm-none-eabi-gcc -gdwarf -g2 "../STM32F103C6_Drivers/GPIO/STM32F103C6_GPIO_Driver.c" -mcpu=cortex-m3 -std=gnu11 -g3 -DSTM32 -DSTM32F1 -DSTM32F103C6Tx -DDEBUG -c -I"E:/EmbeddedSystemKS/Unit_7_MCU_Essential_Peripherals/Drivers/Drivers/STM32F103C6_Drivers/Inc" -I../Inc -O0 -ffunction-sections -fdata-sections -Wall -fstack-usage -MMD -MP -MF"STM32F103C6_Drivers/GPIO/STM32F103C6_GPIO_Driver.d" -MT"STM32F103C6_Drivers/GPIO/STM32F103C6_GPIO_Driver.o" --specs=nano.specs -mfloat-abi=soft -mthumb -o "STM32F103C6_Drivers/GPIO/STM32F103C6_GPIO_Driver.o"
../STM32F103C6_Drivers/GPIO/STM32F103C6_GPIO_Driver.c: In function 'MCAL_GPIO_ReadPin':
../STM32F103C6_Drivers/GPIO/STM32F103C6_GPIO_Driver.c:61:1: warning: control reaches end of non-void function [-Wreturn-type]
 }
 ^
../STM32F103C6_Drivers/GPIO/STM32F103C6_GPIO_Driver.c: In function 'MCAL_GPIO_ReadPort':
../STM32F103C6_Drivers/GPIO/STM32F103C6_GPIO_Driver.c:76:1: warning: control reaches end of non-void function [-Wreturn-type]
 }
 ^
../STM32F103C6_Drivers/GPIO/STM32F103C6_GPIO_Driver.c: In function 'MCAL_GPIO_LockPin':
../STM32F103C6_Drivers/GPIO/STM32F103C6_GPIO_Driver.c:140:1: warning: control reaches end of non-void function [-Wreturn-type]
 }
 ^
arm-none-eabi-gcc -gdwarf -g2 -o "Drivers.elf" @"objects.list"   -mcpu=cortex-m3 -T"E:\EmbeddedSystemKS\Unit_7_MCU_Essential_Peripherals\Drivers\Drivers\STM32F103C6TX_FLASH.ld" --specs=nosys.specs -Wl,-Map="Drivers.map" -Wl,--gc-sections -static --specs=nano.specs -mfloat-abi=soft -mthumb -Wl,--start-group -lc -lm -Wl,--end-group
Finished building target: Drivers.elf
 
arm-none-eabi-objdump -h -S  Drivers.elf  > "Drivers.list"
arm-none-eabi-objcopy  -O binary  Drivers.elf  "Drivers.bin"
arm-none-eabi-size   Drivers.elf 
   text	   data	    bss	    dec	    hex	filename
    556	      8	   1568	   2132	    854	Drivers.elf
Finished building: default.size.stdout
Finished building: Drivers.bin
Finished building: Drivers.list
 
 
 
17:02:17 **** Incremental Build of configuration Debug for project Drivers ****
make -j4 all 
arm-none-eabi-gcc -gdwarf -g2 "../Src/main.c" -mcpu=cortex-m3 -std=gnu11 -g3 -DSTM32 -DSTM32F1 -DSTM32F103C6Tx -DDEBUG -c -I"E:/EmbeddedSystemKS/Unit_7_MCU_Essential_Peripherals/Drivers/Drivers/STM32F103C6_Drivers/Inc" -I../Inc -O0 -ffunction-sections -fdata-sections -Wall -fstack-usage -MMD -MP -MF"Src/main.d" -MT"Src/main.o" --specs=nano.specs -mfloat-abi=soft -mthumb -o "Src/main.o"
arm-none-eabi-gcc -gdwarf -g2 "../STM32F103C6_Drivers/GPIO/STM32F103C6_GPIO_Driver.c" -mcpu=cortex-m3 -std=gnu11 -g3 -DSTM32 -DSTM32F1 -DSTM32F103C6Tx -DDEBUG -c -I"E:/EmbeddedSystemKS/Unit_7_MCU_Essential_Peripherals/Drivers/Drivers/STM32F103C6_Drivers/Inc" -I../Inc -O0 -ffunction-sections -fdata-sections -Wall -fstack-usage -MMD -MP -MF"STM32F103C6_Drivers/GPIO/STM32F103C6_GPIO_Driver.d" -MT"STM32F103C6_Drivers/GPIO/STM32F103C6_GPIO_Driver.o" --specs=nano.specs -mfloat-abi=soft -mthumb -o "STM32F103C6_Drivers/GPIO/STM32F103C6_GPIO_Driver.o"
In file included from ../STM32F103C6_Drivers/GPIO/STM32F103C6_GPIO_Driver.c:7:0:
../STM32F103C6_Drivers/GPIO/STM32F103C6_GPIO_Driver.c: In function 'Get_CRLH_Position':
E:/EmbeddedSystemKS/Unit_7_MCU_Essential_Peripherals/Drivers/Drivers/STM32F103C6_Drivers/Inc/STM32F103C6_GPIO_Driver.h:48:31: error: 'unit16_t' undeclared (first use in this function); did you mean 'uint16_t'?
 #define  GPIO_PIN_0         ((unit16_t)0x0001) //Pin 0 Selected
                               ^
../STM32F103C6_Drivers/GPIO/STM32F103C6_GPIO_Driver.c:14:7: note: in expansion of macro 'GPIO_PIN_0'
  case GPIO_PIN_0:
       ^~~~~~~~~~
E:/EmbeddedSystemKS/Unit_7_MCU_Essential_Peripherals/Drivers/Drivers/STM32F103C6_Drivers/Inc/STM32F103C6_GPIO_Driver.h:48:31: note: each undeclared identifier is reported only once for each function it appears in
 #define  GPIO_PIN_0         ((unit16_t)0x0001) //Pin 0 Selected
                               ^
../STM32F103C6_Drivers/GPIO/STM32F103C6_GPIO_Driver.c:14:7: note: in expansion of macro 'GPIO_PIN_0'
  case GPIO_PIN_0:
       ^~~~~~~~~~
E:/EmbeddedSystemKS/Unit_7_MCU_Essential_Peripherals/Drivers/Drivers/STM32F103C6_Drivers/Inc/STM32F103C6_GPIO_Driver.h:48:40: error: expected ')' before numeric constant
 #define  GPIO_PIN_0         ((unit16_t)0x0001) //Pin 0 Selected
                                        ^
../STM32F103C6_Drivers/GPIO/STM32F103C6_GPIO_Driver.c:14:7: note: in expansion of macro 'GPIO_PIN_0'
  case GPIO_PIN_0:
       ^~~~~~~~~~
E:/EmbeddedSystemKS/Unit_7_MCU_Essential_Peripherals/Drivers/Drivers/STM32F103C6_Drivers/Inc/STM32F103C6_GPIO_Driver.h:49:40: error: expected ')' before numeric constant
 #define  GPIO_PIN_1         ((unit16_t)0x0002) //Pin 1 Selected
                                        ^
../STM32F103C6_Drivers/GPIO/STM32F103C6_GPIO_Driver.c:17:7: note: in expansion of macro 'GPIO_PIN_1'
  case GPIO_PIN_1:
       ^~~~~~~~~~
E:/EmbeddedSystemKS/Unit_7_MCU_Essential_Peripherals/Drivers/Drivers/STM32F103C6_Drivers/Inc/STM32F103C6_GPIO_Driver.h:50:40: error: expected ')' before numeric constant
 #define  GPIO_PIN_2         ((unit16_t)0x0004) //Pin 2 Selected
                                        ^
../STM32F103C6_Drivers/GPIO/STM32F103C6_GPIO_Driver.c:20:7: note: in expansion of macro 'GPIO_PIN_2'
  case GPIO_PIN_2:
       ^~~~~~~~~~
E:/EmbeddedSystemKS/Unit_7_MCU_Essential_Peripherals/Drivers/Drivers/STM32F103C6_Drivers/Inc/STM32F103C6_GPIO_Driver.h:51:40: error: expected ')' before numeric constant
 #define  GPIO_PIN_3         ((unit16_t)0x0008) //Pin 3 Selected
                                        ^
../STM32F103C6_Drivers/GPIO/STM32F103C6_GPIO_Driver.c:23:7: note: in expansion of macro 'GPIO_PIN_3'
  case GPIO_PIN_3:
       ^~~~~~~~~~
E:/EmbeddedSystemKS/Unit_7_MCU_Essential_Peripherals/Drivers/Drivers/STM32F103C6_Drivers/Inc/STM32F103C6_GPIO_Driver.h:52:40: error: expected ')' before numeric constant
 #define  GPIO_PIN_4         ((unit16_t)0x0010) //Pin 4 Selected
                                        ^
../STM32F103C6_Drivers/GPIO/STM32F103C6_GPIO_Driver.c:26:7: note: in expansion of macro 'GPIO_PIN_4'
  case GPIO_PIN_4:
       ^~~~~~~~~~
E:/EmbeddedSystemKS/Unit_7_MCU_Essential_Peripherals/Drivers/Drivers/STM32F103C6_Drivers/Inc/STM32F103C6_GPIO_Driver.h:53:40: error: expected ')' before numeric constant
 #define  GPIO_PIN_5         ((unit16_t)0x0020) //Pin 5 Selected
                                        ^
../STM32F103C6_Drivers/GPIO/STM32F103C6_GPIO_Driver.c:29:7: note: in expansion of macro 'GPIO_PIN_5'
  case GPIO_PIN_5:
       ^~~~~~~~~~
E:/EmbeddedSystemKS/Unit_7_MCU_Essential_Peripherals/Drivers/Drivers/STM32F103C6_Drivers/Inc/STM32F103C6_GPIO_Driver.h:54:40: error: expected ')' before numeric constant
 #define  GPIO_PIN_6         ((unit16_t)0x0040) //Pin 6 Selected
                                        ^
../STM32F103C6_Drivers/GPIO/STM32F103C6_GPIO_Driver.c:32:7: note: in expansion of macro 'GPIO_PIN_6'
  case GPIO_PIN_6:
       ^~~~~~~~~~
E:/EmbeddedSystemKS/Unit_7_MCU_Essential_Peripherals/Drivers/Drivers/STM32F103C6_Drivers/Inc/STM32F103C6_GPIO_Driver.h:55:40: error: expected ')' before numeric constant
 #define  GPIO_PIN_7         ((unit16_t)0x0080) //Pin 7 Selected
                                        ^
../STM32F103C6_Drivers/GPIO/STM32F103C6_GPIO_Driver.c:35:7: note: in expansion of macro 'GPIO_PIN_7'
  case GPIO_PIN_7:
       ^~~~~~~~~~
E:/EmbeddedSystemKS/Unit_7_MCU_Essential_Peripherals/Drivers/Drivers/STM32F103C6_Drivers/Inc/STM32F103C6_GPIO_Driver.h:56:40: error: expected ')' before numeric constant
 #define  GPIO_PIN_8         ((unit16_t)0x0100) //Pin 8 Selected
                                        ^
../STM32F103C6_Drivers/GPIO/STM32F103C6_GPIO_Driver.c:40:7: note: in expansion of macro 'GPIO_PIN_8'
  case GPIO_PIN_8:
       ^~~~~~~~~~
E:/EmbeddedSystemKS/Unit_7_MCU_Essential_Peripherals/Drivers/Drivers/STM32F103C6_Drivers/Inc/STM32F103C6_GPIO_Driver.h:57:40: error: expected ')' before numeric constant
 #define  GPIO_PIN_9         ((unit16_t)0x0200) //Pin 9 Selected
                                        ^
../STM32F103C6_Drivers/GPIO/STM32F103C6_GPIO_Driver.c:43:7: note: in expansion of macro 'GPIO_PIN_9'
  case GPIO_PIN_9:
       ^~~~~~~~~~
E:/EmbeddedSystemKS/Unit_7_MCU_Essential_Peripherals/Drivers/Drivers/STM32F103C6_Drivers/Inc/STM32F103C6_GPIO_Driver.h:58:41: error: expected ')' before numeric constant
 #define  GPIO_PIN_10         ((unit16_t)0x0400) //Pin 10 Selected
                                         ^
../STM32F103C6_Drivers/GPIO/STM32F103C6_GPIO_Driver.c:46:7: note: in expansion of macro 'GPIO_PIN_10'
  case GPIO_PIN_10:
       ^~~~~~~~~~~
E:/EmbeddedSystemKS/Unit_7_MCU_Essential_Peripherals/Drivers/Drivers/STM32F103C6_Drivers/Inc/STM32F103C6_GPIO_Driver.h:59:40: error: expected ')' before numeric constant
 #define  GPIO_PIN_11        ((unit16_t)0x0800) //Pin 11 Selected
                                        ^
../STM32F103C6_Drivers/GPIO/STM32F103C6_GPIO_Driver.c:49:7: note: in expansion of macro 'GPIO_PIN_11'
  case GPIO_PIN_11:
       ^~~~~~~~~~~
E:/EmbeddedSystemKS/Unit_7_MCU_Essential_Peripherals/Drivers/Drivers/STM32F103C6_Drivers/Inc/STM32F103C6_GPIO_Driver.h:60:40: error: expected ')' before numeric constant
 #define  GPIO_PIN_12        ((unit16_t)0x1000) //Pin 12 Selected
                                        ^
../STM32F103C6_Drivers/GPIO/STM32F103C6_GPIO_Driver.c:52:7: note: in expansion of macro 'GPIO_PIN_12'
  case GPIO_PIN_12:
       ^~~~~~~~~~~
E:/EmbeddedSystemKS/Unit_7_MCU_Essential_Peripherals/Drivers/Drivers/STM32F103C6_Drivers/Inc/STM32F103C6_GPIO_Driver.h:61:40: error: expected ')' before numeric constant
 #define  GPIO_PIN_13        ((unit16_t)0x2000) //Pin 13 Selected
                                        ^
../STM32F103C6_Drivers/GPIO/STM32F103C6_GPIO_Driver.c:55:7: note: in expansion of macro 'GPIO_PIN_13'
  case GPIO_PIN_13:
       ^~~~~~~~~~~
E:/EmbeddedSystemKS/Unit_7_MCU_Essential_Peripherals/Drivers/Drivers/STM32F103C6_Drivers/Inc/STM32F103C6_GPIO_Driver.h:62:40: error: expected ')' before numeric constant
 #define  GPIO_PIN_14        ((unit16_t)0x4000) //Pin 14 Selected
                                        ^
../STM32F103C6_Drivers/GPIO/STM32F103C6_GPIO_Driver.c:58:7: note: in expansion of macro 'GPIO_PIN_14'
  case GPIO_PIN_14:
       ^~~~~~~~~~~
E:/EmbeddedSystemKS/Unit_7_MCU_Essential_Peripherals/Drivers/Drivers/STM32F103C6_Drivers/Inc/STM32F103C6_GPIO_Driver.h:63:40: error: expected ')' before numeric constant
 #define  GPIO_PIN_15        ((unit16_t)0x8000) //Pin 15 Selected
                                        ^
../STM32F103C6_Drivers/GPIO/STM32F103C6_GPIO_Driver.c:61:7: note: in expansion of macro 'GPIO_PIN_15'
  case GPIO_PIN_15:
       ^~~~~~~~~~~
../STM32F103C6_Drivers/GPIO/STM32F103C6_GPIO_Driver.c: In function 'MCAL_GPIO_Init':
E:/EmbeddedSystemKS/Unit_7_MCU_Essential_Peripherals/Drivers/Drivers/STM32F103C6_Drivers/Inc/STM32F103C6_GPIO_Driver.h:56:31: error: 'unit16_t' undeclared (first use in this function); did you mean 'uint16_t'?
 #define  GPIO_PIN_8         ((unit16_t)0x0100) //Pin 8 Selected
                               ^
../STM32F103C6_Drivers/GPIO/STM32F103C6_GPIO_Driver.c:89:43: note: in expansion of macro 'GPIO_PIN_8'
  configReg = (PinConfig->GPIO_PinNumber < GPIO_PIN_8) ? &GPIOx->CRL : &GPIOx->CRH ;
                                           ^~~~~~~~~~
E:/EmbeddedSystemKS/Unit_7_MCU_Essential_Peripherals/Drivers/Drivers/STM32F103C6_Drivers/Inc/STM32F103C6_GPIO_Driver.h:56:40: error: expected ')' before numeric constant
 #define  GPIO_PIN_8         ((unit16_t)0x0100) //Pin 8 Selected
                                        ^
../STM32F103C6_Drivers/GPIO/STM32F103C6_GPIO_Driver.c:89:43: note: in expansion of macro 'GPIO_PIN_8'
  configReg = (PinConfig->GPIO_PinNumber < GPIO_PIN_8) ? &GPIOx->CRL : &GPIOx->CRH ;
                                           ^~~~~~~~~~
../STM32F103C6_Drivers/GPIO/STM32F103C6_GPIO_Driver.c:87:21: warning: variable 'configReg' set but not used [-Wunused-but-set-variable]
  volatile uint32_t* configReg = NULL ;
                     ^~~~~~~~~
../STM32F103C6_Drivers/GPIO/STM32F103C6_GPIO_Driver.c: In function 'MCAL_GPIO_ReadPin':
../STM32F103C6_Drivers/GPIO/STM32F103C6_GPIO_Driver.c:129:1: warning: control reaches end of non-void function [-Wreturn-type]
 }
 ^
../STM32F103C6_Drivers/GPIO/STM32F103C6_GPIO_Driver.c: In function 'MCAL_GPIO_ReadPort':
../STM32F103C6_Drivers/GPIO/STM32F103C6_GPIO_Driver.c:144:1: warning: control reaches end of non-void function [-Wreturn-type]
 }
 ^
../STM32F103C6_Drivers/GPIO/STM32F103C6_GPIO_Driver.c: In function 'MCAL_GPIO_LockPin':
../STM32F103C6_Drivers/GPIO/STM32F103C6_GPIO_Driver.c:208:1: warning: control reaches end of non-void function [-Wreturn-type]
 }
 ^
make: *** [STM32F103C6_Drivers/GPIO/subdir.mk:18: STM32F103C6_Drivers/GPIO/STM32F103C6_GPIO_Driver.o] Error 1
make: *** Waiting for unfinished jobs....
"make -j4 all" terminated with exit code 2. Build might be incomplete.
17:02:58 **** Incremental Build of configuration Debug for project Drivers ****
make -j4 all 
arm-none-eabi-gcc -gdwarf -g2 "../Src/main.c" -mcpu=cortex-m3 -std=gnu11 -g3 -DSTM32 -DSTM32F1 -DSTM32F103C6Tx -DDEBUG -c -I"E:/EmbeddedSystemKS/Unit_7_MCU_Essential_Peripherals/Drivers/Drivers/STM32F103C6_Drivers/Inc" -I../Inc -O0 -ffunction-sections -fdata-sections -Wall -fstack-usage -MMD -MP -MF"Src/main.d" -MT"Src/main.o" --specs=nano.specs -mfloat-abi=soft -mthumb -o "Src/main.o"
arm-none-eabi-gcc -gdwarf -g2 "../STM32F103C6_Drivers/GPIO/STM32F103C6_GPIO_Driver.c" -mcpu=cortex-m3 -std=gnu11 -g3 -DSTM32 -DSTM32F1 -DSTM32F103C6Tx -DDEBUG -c -I"E:/EmbeddedSystemKS/Unit_7_MCU_Essential_Peripherals/Drivers/Drivers/STM32F103C6_Drivers/Inc" -I../Inc -O0 -ffunction-sections -fdata-sections -Wall -fstack-usage -MMD -MP -MF"STM32F103C6_Drivers/GPIO/STM32F103C6_GPIO_Driver.d" -MT"STM32F103C6_Drivers/GPIO/STM32F103C6_GPIO_Driver.o" --specs=nano.specs -mfloat-abi=soft -mthumb -o "STM32F103C6_Drivers/GPIO/STM32F103C6_GPIO_Driver.o"
../STM32F103C6_Drivers/GPIO/STM32F103C6_GPIO_Driver.c: In function 'MCAL_GPIO_Init':
../STM32F103C6_Drivers/GPIO/STM32F103C6_GPIO_Driver.c:87:21: warning: variable 'configReg' set but not used [-Wunused-but-set-variable]
  volatile uint32_t* configReg = NULL ;
                     ^~~~~~~~~
../STM32F103C6_Drivers/GPIO/STM32F103C6_GPIO_Driver.c: In function 'MCAL_GPIO_ReadPin':
../STM32F103C6_Drivers/GPIO/STM32F103C6_GPIO_Driver.c:129:1: warning: control reaches end of non-void function [-Wreturn-type]
 }
 ^
../STM32F103C6_Drivers/GPIO/STM32F103C6_GPIO_Driver.c: In function 'MCAL_GPIO_ReadPort':
../STM32F103C6_Drivers/GPIO/STM32F103C6_GPIO_Driver.c:144:1: warning: control reaches end of non-void function [-Wreturn-type]
 }
 ^
../STM32F103C6_Drivers/GPIO/STM32F103C6_GPIO_Driver.c: In function 'MCAL_GPIO_LockPin':
../STM32F103C6_Drivers/GPIO/STM32F103C6_GPIO_Driver.c:208:1: warning: control reaches end of non-void function [-Wreturn-type]
 }
 ^
arm-none-eabi-gcc -gdwarf -g2 -o "Drivers.elf" @"objects.list"   -mcpu=cortex-m3 -T"E:\EmbeddedSystemKS\Unit_7_MCU_Essential_Peripherals\Drivers\Drivers\STM32F103C6TX_FLASH.ld" --specs=nosys.specs -Wl,-Map="Drivers.map" -Wl,--gc-sections -static --specs=nano.specs -mfloat-abi=soft -mthumb -Wl,--start-group -lc -lm -Wl,--end-group
Finished building target: Drivers.elf
 
arm-none-eabi-objdump -h -S  Drivers.elf  > "Drivers.list"
arm-none-eabi-objcopy  -O binary  Drivers.elf  "Drivers.bin"
arm-none-eabi-size   Drivers.elf 
   text	   data	    bss	    dec	    hex	filename
    556	      8	   1568	   2132	    854	Drivers.elf
Finished building: default.size.stdout
Finished building: Drivers.list
Finished building: Drivers.bin
 
 
 
17:26:08 **** Incremental Build of configuration Debug for project Drivers ****
make -j4 all 
arm-none-eabi-gcc -gdwarf -g2 "../STM32F103C6_Drivers/GPIO/STM32F103C6_GPIO_Driver.c" -mcpu=cortex-m3 -std=gnu11 -g3 -DSTM32 -DSTM32F1 -DSTM32F103C6Tx -DDEBUG -c -I"E:/EmbeddedSystemKS/Unit_7_MCU_Essential_Peripherals/Drivers/Drivers/STM32F103C6_Drivers/Inc" -I../Inc -O0 -ffunction-sections -fdata-sections -Wall -fstack-usage -MMD -MP -MF"STM32F103C6_Drivers/GPIO/STM32F103C6_GPIO_Driver.d" -MT"STM32F103C6_Drivers/GPIO/STM32F103C6_GPIO_Driver.o" --specs=nano.specs -mfloat-abi=soft -mthumb -o "STM32F103C6_Drivers/GPIO/STM32F103C6_GPIO_Driver.o"
../STM32F103C6_Drivers/GPIO/STM32F103C6_GPIO_Driver.c: In function 'MCAL_GPIO_ReadPin':
../STM32F103C6_Drivers/GPIO/STM32F103C6_GPIO_Driver.c:167:1: warning: control reaches end of non-void function [-Wreturn-type]
 }
 ^
../STM32F103C6_Drivers/GPIO/STM32F103C6_GPIO_Driver.c: In function 'MCAL_GPIO_ReadPort':
../STM32F103C6_Drivers/GPIO/STM32F103C6_GPIO_Driver.c:182:1: warning: control reaches end of non-void function [-Wreturn-type]
 }
 ^
../STM32F103C6_Drivers/GPIO/STM32F103C6_GPIO_Driver.c: In function 'MCAL_GPIO_LockPin':
../STM32F103C6_Drivers/GPIO/STM32F103C6_GPIO_Driver.c:246:1: warning: control reaches end of non-void function [-Wreturn-type]
 }
 ^
arm-none-eabi-gcc -gdwarf -g2 -o "Drivers.elf" @"objects.list"   -mcpu=cortex-m3 -T"E:\EmbeddedSystemKS\Unit_7_MCU_Essential_Peripherals\Drivers\Drivers\STM32F103C6TX_FLASH.ld" --specs=nosys.specs -Wl,-Map="Drivers.map" -Wl,--gc-sections -static --specs=nano.specs -mfloat-abi=soft -mthumb -Wl,--start-group -lc -lm -Wl,--end-group
Finished building target: Drivers.elf
 
arm-none-eabi-objdump -h -S  Drivers.elf  > "Drivers.list"
arm-none-eabi-objcopy  -O binary  Drivers.elf  "Drivers.bin"
arm-none-eabi-size   Drivers.elf 
   text	   data	    bss	    dec	    hex	filename
    556	      8	   1568	   2132	    854	Drivers.elf
Finished building: default.size.stdout
 
Finished building: Drivers.list
Finished building: Drivers.bin
 
 
17:31:35 **** Incremental Build of configuration Debug for project Drivers ****
make -j4 all 
arm-none-eabi-gcc -gdwarf -g2 "../STM32F103C6_Drivers/GPIO/STM32F103C6_GPIO_Driver.c" -mcpu=cortex-m3 -std=gnu11 -g3 -DSTM32 -DSTM32F1 -DSTM32F103C6Tx -DDEBUG -c -I"E:/EmbeddedSystemKS/Unit_7_MCU_Essential_Peripherals/Drivers/Drivers/STM32F103C6_Drivers/Inc" -I../Inc -O0 -ffunction-sections -fdata-sections -Wall -fstack-usage -MMD -MP -MF"STM32F103C6_Drivers/GPIO/STM32F103C6_GPIO_Driver.d" -MT"STM32F103C6_Drivers/GPIO/STM32F103C6_GPIO_Driver.o" --specs=nano.specs -mfloat-abi=soft -mthumb -o "STM32F103C6_Drivers/GPIO/STM32F103C6_GPIO_Driver.o"
../STM32F103C6_Drivers/GPIO/STM32F103C6_GPIO_Driver.c: In function 'MCAL_GPIO_DeInit':
../STM32F103C6_Drivers/GPIO/STM32F103C6_GPIO_Driver.c:147:20: error: expected statement before ')' token
  if (GPIOx == GPIOA)
                    ^
In file included from E:/EmbeddedSystemKS/Unit_7_MCU_Essential_Peripherals/Drivers/Drivers/STM32F103C6_Drivers/Inc/STM32F103C6_GPIO_Driver.h:14:0,
                 from ../STM32F103C6_Drivers/GPIO/STM32F103C6_GPIO_Driver.c:7:
E:/EmbeddedSystemKS/Unit_7_MCU_Essential_Peripherals/Drivers/Drivers/STM32F103C6_Drivers/Inc/STM32F103C6.h:148:19: warning: statement with no effect [-Wunused-value]
 #define RCC       (RCC_TypeDef*)RCC_BASE)
                   ^
../STM32F103C6_Drivers/GPIO/STM32F103C6_GPIO_Driver.c:149:3: note: in expansion of macro 'RCC'
   RCC
   ^~~
E:/EmbeddedSystemKS/Unit_7_MCU_Essential_Peripherals/Drivers/Drivers/STM32F103C6_Drivers/Inc/STM32F103C6.h:148:41: error: expected ';' before ')' token
 #define RCC       (RCC_TypeDef*)RCC_BASE)
                                         ^
../STM32F103C6_Drivers/GPIO/STM32F103C6_GPIO_Driver.c:149:3: note: in expansion of macro 'RCC'
   RCC
   ^~~
E:/EmbeddedSystemKS/Unit_7_MCU_Essential_Peripherals/Drivers/Drivers/STM32F103C6_Drivers/Inc/STM32F103C6.h:148:41: error: expected statement before ')' token
 #define RCC       (RCC_TypeDef*)RCC_BASE)
                                         ^
../STM32F103C6_Drivers/GPIO/STM32F103C6_GPIO_Driver.c:149:3: note: in expansion of macro 'RCC'
   RCC
   ^~~
../STM32F103C6_Drivers/GPIO/STM32F103C6_GPIO_Driver.c:155:2: error: 'else' without a previous 'if'
  else if(GPIOx == GPIOB)
  ^~~~
../STM32F103C6_Drivers/GPIO/STM32F103C6_GPIO_Driver.c:155:24: error: expected statement before ')' token
  else if(GPIOx == GPIOB)
                        ^
../STM32F103C6_Drivers/GPIO/STM32F103C6_GPIO_Driver.c: In function 'MCAL_GPIO_ReadPin':
../STM32F103C6_Drivers/GPIO/STM32F103C6_GPIO_Driver.c:176:1: warning: control reaches end of non-void function [-Wreturn-type]
 }
 ^
../STM32F103C6_Drivers/GPIO/STM32F103C6_GPIO_Driver.c: In function 'MCAL_GPIO_ReadPort':
../STM32F103C6_Drivers/GPIO/STM32F103C6_GPIO_Driver.c:191:1: warning: control reaches end of non-void function [-Wreturn-type]
 }
 ^
../STM32F103C6_Drivers/GPIO/STM32F103C6_GPIO_Driver.c: In function 'MCAL_GPIO_LockPin':
../STM32F103C6_Drivers/GPIO/STM32F103C6_GPIO_Driver.c:255:1: warning: control reaches end of non-void function [-Wreturn-type]
 }
 ^
make: *** [STM32F103C6_Drivers/GPIO/subdir.mk:18: STM32F103C6_Drivers/GPIO/STM32F103C6_GPIO_Driver.o] Error 1
"make -j4 all" terminated with exit code 2. Build might be incomplete.
17:31:59 **** Incremental Build of configuration Debug for project Drivers ****
make -j4 all 
arm-none-eabi-gcc -gdwarf -g2 "../STM32F103C6_Drivers/GPIO/STM32F103C6_GPIO_Driver.c" -mcpu=cortex-m3 -std=gnu11 -g3 -DSTM32 -DSTM32F1 -DSTM32F103C6Tx -DDEBUG -c -I"E:/EmbeddedSystemKS/Unit_7_MCU_Essential_Peripherals/Drivers/Drivers/STM32F103C6_Drivers/Inc" -I../Inc -O0 -ffunction-sections -fdata-sections -Wall -fstack-usage -MMD -MP -MF"STM32F103C6_Drivers/GPIO/STM32F103C6_GPIO_Driver.d" -MT"STM32F103C6_Drivers/GPIO/STM32F103C6_GPIO_Driver.o" --specs=nano.specs -mfloat-abi=soft -mthumb -o "STM32F103C6_Drivers/GPIO/STM32F103C6_GPIO_Driver.o"
../STM32F103C6_Drivers/GPIO/STM32F103C6_GPIO_Driver.c: In function 'MCAL_GPIO_DeInit':
../STM32F103C6_Drivers/GPIO/STM32F103C6_GPIO_Driver.c:147:19: error: expected statement before ')' token
  if(GPIOx == GPIOA)
                   ^
../STM32F103C6_Drivers/GPIO/STM32F103C6_GPIO_Driver.c:154:2: error: 'else' without a previous 'if'
  else if(GPIOx == GPIOB)
  ^~~~
../STM32F103C6_Drivers/GPIO/STM32F103C6_GPIO_Driver.c:154:24: error: expected statement before ')' token
  else if(GPIOx == GPIOB)
                        ^
../STM32F103C6_Drivers/GPIO/STM32F103C6_GPIO_Driver.c:158:2: error: 'else' without a previous 'if'
  else
  ^~~~
../STM32F103C6_Drivers/GPIO/STM32F103C6_GPIO_Driver.c: In function 'MCAL_GPIO_ReadPin':
../STM32F103C6_Drivers/GPIO/STM32F103C6_GPIO_Driver.c:179:1: warning: control reaches end of non-void function [-Wreturn-type]
 }
 ^
../STM32F103C6_Drivers/GPIO/STM32F103C6_GPIO_Driver.c: In function 'MCAL_GPIO_ReadPort':
../STM32F103C6_Drivers/GPIO/STM32F103C6_GPIO_Driver.c:194:1: warning: control reaches end of non-void function [-Wreturn-type]
 }
 ^
../STM32F103C6_Drivers/GPIO/STM32F103C6_GPIO_Driver.c: In function 'MCAL_GPIO_LockPin':
../STM32F103C6_Drivers/GPIO/STM32F103C6_GPIO_Driver.c:258:1: warning: control reaches end of non-void function [-Wreturn-type]
 }
 ^
make: *** [STM32F103C6_Drivers/GPIO/subdir.mk:18: STM32F103C6_Drivers/GPIO/STM32F103C6_GPIO_Driver.o] Error 1
"make -j4 all" terminated with exit code 2. Build might be incomplete.
17:32:17 **** Incremental Build of configuration Debug for project Drivers ****
make -j4 all 
arm-none-eabi-gcc -gdwarf -g2 "../STM32F103C6_Drivers/GPIO/STM32F103C6_GPIO_Driver.c" -mcpu=cortex-m3 -std=gnu11 -g3 -DSTM32 -DSTM32F1 -DSTM32F103C6Tx -DDEBUG -c -I"E:/EmbeddedSystemKS/Unit_7_MCU_Essential_Peripherals/Drivers/Drivers/STM32F103C6_Drivers/Inc" -I../Inc -O0 -ffunction-sections -fdata-sections -Wall -fstack-usage -MMD -MP -MF"STM32F103C6_Drivers/GPIO/STM32F103C6_GPIO_Driver.d" -MT"STM32F103C6_Drivers/GPIO/STM32F103C6_GPIO_Driver.o" --specs=nano.specs -mfloat-abi=soft -mthumb -o "STM32F103C6_Drivers/GPIO/STM32F103C6_GPIO_Driver.o"
../STM32F103C6_Drivers/GPIO/STM32F103C6_GPIO_Driver.c: In function 'MCAL_GPIO_ReadPin':
../STM32F103C6_Drivers/GPIO/STM32F103C6_GPIO_Driver.c:165:1: warning: control reaches end of non-void function [-Wreturn-type]
 }
 ^
../STM32F103C6_Drivers/GPIO/STM32F103C6_GPIO_Driver.c: In function 'MCAL_GPIO_ReadPort':
../STM32F103C6_Drivers/GPIO/STM32F103C6_GPIO_Driver.c:180:1: warning: control reaches end of non-void function [-Wreturn-type]
 }
 ^
../STM32F103C6_Drivers/GPIO/STM32F103C6_GPIO_Driver.c: In function 'MCAL_GPIO_LockPin':
../STM32F103C6_Drivers/GPIO/STM32F103C6_GPIO_Driver.c:244:1: warning: control reaches end of non-void function [-Wreturn-type]
 }
 ^
arm-none-eabi-gcc -gdwarf -g2 -o "Drivers.elf" @"objects.list"   -mcpu=cortex-m3 -T"E:\EmbeddedSystemKS\Unit_7_MCU_Essential_Peripherals\Drivers\Drivers\STM32F103C6TX_FLASH.ld" --specs=nosys.specs -Wl,-Map="Drivers.map" -Wl,--gc-sections -static --specs=nano.specs -mfloat-abi=soft -mthumb -Wl,--start-group -lc -lm -Wl,--end-group
Finished building target: Drivers.elf
 
arm-none-eabi-objdump -h -S  Drivers.elf  > "Drivers.list"
arm-none-eabi-objcopy  -O binary  Drivers.elf  "Drivers.bin"
arm-none-eabi-size   Drivers.elf 
   text	   data	    bss	    dec	    hex	filename
    556	      8	   1568	   2132	    854	Drivers.elf
Finished building: default.size.stdout
Finished building: Drivers.list
Finished building: Drivers.bin
 
 
 
17:33:06 **** Incremental Build of configuration Debug for project Drivers ****
make -j4 all 
arm-none-eabi-gcc -gdwarf -g2 "../STM32F103C6_Drivers/GPIO/STM32F103C6_GPIO_Driver.c" -mcpu=cortex-m3 -std=gnu11 -g3 -DSTM32 -DSTM32F1 -DSTM32F103C6Tx -DDEBUG -c -I"E:/EmbeddedSystemKS/Unit_7_MCU_Essential_Peripherals/Drivers/Drivers/STM32F103C6_Drivers/Inc" -I../Inc -O0 -ffunction-sections -fdata-sections -Wall -fstack-usage -MMD -MP -MF"STM32F103C6_Drivers/GPIO/STM32F103C6_GPIO_Driver.d" -MT"STM32F103C6_Drivers/GPIO/STM32F103C6_GPIO_Driver.o" --specs=nano.specs -mfloat-abi=soft -mthumb -o "STM32F103C6_Drivers/GPIO/STM32F103C6_GPIO_Driver.o"
../STM32F103C6_Drivers/GPIO/STM32F103C6_GPIO_Driver.c: In function 'MCAL_GPIO_DeInit':
../STM32F103C6_Drivers/GPIO/STM32F103C6_GPIO_Driver.c:147:19: error: expected statement before ')' token
  if(GPIOx == GPIOA)
                   ^
../STM32F103C6_Drivers/GPIO/STM32F103C6_GPIO_Driver.c: In function 'MCAL_GPIO_ReadPin':
../STM32F103C6_Drivers/GPIO/STM32F103C6_GPIO_Driver.c:168:1: warning: control reaches end of non-void function [-Wreturn-type]
 }
 ^
../STM32F103C6_Drivers/GPIO/STM32F103C6_GPIO_Driver.c: In function 'MCAL_GPIO_ReadPort':
../STM32F103C6_Drivers/GPIO/STM32F103C6_GPIO_Driver.c:183:1: warning: control reaches end of non-void function [-Wreturn-type]
 }
 ^
../STM32F103C6_Drivers/GPIO/STM32F103C6_GPIO_Driver.c: In function 'MCAL_GPIO_LockPin':
../STM32F103C6_Drivers/GPIO/STM32F103C6_GPIO_Driver.c:247:1: warning: control reaches end of non-void function [-Wreturn-type]
 }
 ^
make: *** [STM32F103C6_Drivers/GPIO/subdir.mk:18: STM32F103C6_Drivers/GPIO/STM32F103C6_GPIO_Driver.o] Error 1
"make -j4 all" terminated with exit code 2. Build might be incomplete.
17:33:17 **** Incremental Build of configuration Debug for project Drivers ****
make -j4 all 
arm-none-eabi-gcc -gdwarf -g2 "../STM32F103C6_Drivers/GPIO/STM32F103C6_GPIO_Driver.c" -mcpu=cortex-m3 -std=gnu11 -g3 -DSTM32 -DSTM32F1 -DSTM32F103C6Tx -DDEBUG -c -I"E:/EmbeddedSystemKS/Unit_7_MCU_Essential_Peripherals/Drivers/Drivers/STM32F103C6_Drivers/Inc" -I../Inc -O0 -ffunction-sections -fdata-sections -Wall -fstack-usage -MMD -MP -MF"STM32F103C6_Drivers/GPIO/STM32F103C6_GPIO_Driver.d" -MT"STM32F103C6_Drivers/GPIO/STM32F103C6_GPIO_Driver.o" --specs=nano.specs -mfloat-abi=soft -mthumb -o "STM32F103C6_Drivers/GPIO/STM32F103C6_GPIO_Driver.o"
../STM32F103C6_Drivers/GPIO/STM32F103C6_GPIO_Driver.c: In function 'MCAL_GPIO_DeInit':
../STM32F103C6_Drivers/GPIO/STM32F103C6_GPIO_Driver.c:147:22: error: expected statement before ')' token
  if( (GPIOx) == GPIOA)
                      ^
../STM32F103C6_Drivers/GPIO/STM32F103C6_GPIO_Driver.c: In function 'MCAL_GPIO_ReadPin':
../STM32F103C6_Drivers/GPIO/STM32F103C6_GPIO_Driver.c:168:1: warning: control reaches end of non-void function [-Wreturn-type]
 }
 ^
../STM32F103C6_Drivers/GPIO/STM32F103C6_GPIO_Driver.c: In function 'MCAL_GPIO_ReadPort':
../STM32F103C6_Drivers/GPIO/STM32F103C6_GPIO_Driver.c:183:1: warning: control reaches end of non-void function [-Wreturn-type]
 }
 ^
../STM32F103C6_Drivers/GPIO/STM32F103C6_GPIO_Driver.c: In function 'MCAL_GPIO_LockPin':
../STM32F103C6_Drivers/GPIO/STM32F103C6_GPIO_Driver.c:247:1: warning: control reaches end of non-void function [-Wreturn-type]
 }
 ^
make: *** [STM32F103C6_Drivers/GPIO/subdir.mk:18: STM32F103C6_Drivers/GPIO/STM32F103C6_GPIO_Driver.o] Error 1
"make -j4 all" terminated with exit code 2. Build might be incomplete.
[...]
make -j4 all 
arm-none-eabi-gcc -gdwarf-2 "../Src/main.c" -mcpu=cortex-m3 -std=gnu11 -g3 -DSTM32 -DSTM32F1 -DSTM32F103C6Tx -DDEBUG -c -I"E:/EmbeddedSystemKS/Unit_7_MCU_Essential_Peripherals/Drivers/Drivers/STM32F103C6_Drivers/Inc" -I../Inc -O0 -ffunction-sections -fdata-sections -Wall -fstack-usage -MMD -MP -MF"Src/main.d" -MT"Src/main.o" --specs=nano.specs -mfloat-abi=soft -mthumb -o "Src/main.o"
../Src/main.c: In function 'main':
../Src/main.c:95:2: warning: implicit declaration of function 'wait_ms'; did you mean 'wait'? [-Wimplicit-function-declaration]
  wait_ms(300);
  ^~~~~~~
  wait
arm-none-eabi-gcc -gdwarf-2 -o "Drivers.elf" @"objects.list"   -mcpu=cortex-m3 -T"E:\EmbeddedSystemKS\Unit_7_MCU_Essential_Peripherals\Drivers\Drivers\STM32F103C6TX_FLASH.ld" --specs=nosys.specs -Wl,-Map="Drivers.map" -Wl,--gc-sections -static --specs=nano.specs -mfloat-abi=soft -mthumb -Wl,--start-group -lc -lm -Wl,--end-group
Finished building target: Drivers.elf
 
arm-none-eabi-objdump -h -S  Drivers.elf  > "Drivers.list"
arm-none-eabi-objcopy  -O binary  Drivers.elf  "Drivers.bin"
arm-none-eabi-size   Drivers.elf 
   text	   data	    bss	    dec	    hex	filename
   3308	     40	   1568	   4916	   1334	Drivers.elf
Finished building: default.size.stdout
 
Finished building: Drivers.bin
 
Finished building: Drivers.list
 
12:31:47 **** Incremental Build of configuration Debug for project Drivers ****
make -j4 all 
arm-none-eabi-gcc -gdwarf-2 "../Src/main.c" -mcpu=cortex-m3 -std=gnu11 -g3 -DSTM32 -DSTM32F1 -DSTM32F103C6Tx -DDEBUG -c -I"E:/EmbeddedSystemKS/Unit_7_MCU_Essential_Peripherals/Drivers/Drivers/STM32F103C6_Drivers/Inc" -I../Inc -O0 -ffunction-sections -fdata-sections -Wall -fstack-usage -MMD -MP -MF"Src/main.d" -MT"Src/main.o" --specs=nano.specs -mfloat-abi=soft -mthumb -o "Src/main.o"
../Src/main.c: In function 'main':
../Src/main.c:95:2: warning: implicit declaration of function 'wait_ms'; did you mean 'wait'? [-Wimplicit-function-declaration]
  wait_ms(300);
  ^~~~~~~
  wait
../Src/main.c:108:2: warning: implicit declaration of function 'LCD_clear_screen'; did you mean '__clear_cache'? [-Wimplicit-function-declaration]
  LCD_clear_screen();
  ^~~~~~~~~~~~~~~~
  __clear_cache
arm-none-eabi-gcc -gdwarf-2 -o "Drivers.elf" @"objects.list"   -mcpu=cortex-m3 -T"E:\EmbeddedSystemKS\Unit_7_MCU_Essential_Peripherals\Drivers\Drivers\STM32F103C6TX_FLASH.ld" --specs=nosys.specs -Wl,-Map="Drivers.map" -Wl,--gc-sections -static --specs=nano.specs -mfloat-abi=soft -mthumb -Wl,--start-group -lc -lm -Wl,--end-group
Src/main.o: In function `main':
E:/EmbeddedSystemKS/Unit_7_MCU_Essential_Peripherals/Drivers/Drivers/Debug/../Src/main.c:108: undefined reference to `LCD_clear_screen'
collect2.exe: error: ld returned 1 exit status
make: *** [makefile:52: Drivers.elf] Error 1
"make -j4 all" terminated with exit code 2. Build might be incomplete.
12:31:54 **** Incremental Build of configuration Debug for project Drivers ****
make -j4 all 
arm-none-eabi-gcc -gdwarf-2 "../Src/main.c" -mcpu=cortex-m3 -std=gnu11 -g3 -DSTM32 -DSTM32F1 -DSTM32F103C6Tx -DDEBUG -c -I"E:/EmbeddedSystemKS/Unit_7_MCU_Essential_Peripherals/Drivers/Drivers/STM32F103C6_Drivers/Inc" -I../Inc -O0 -ffunction-sections -fdata-sections -Wall -fstack-usage -MMD -MP -MF"Src/main.d" -MT"Src/main.o" --specs=nano.specs -mfloat-abi=soft -mthumb -o "Src/main.o"
../Src/main.c: In function 'main':
../Src/main.c:95:2: warning: implicit declaration of function 'wait_ms'; did you mean 'wait'? [-Wimplicit-function-declaration]
  wait_ms(300);
  ^~~~~~~
  wait
arm-none-eabi-gcc -gdwarf-2 -o "Drivers.elf" @"objects.list"   -mcpu=cortex-m3 -T"E:\EmbeddedSystemKS\Unit_7_MCU_Essential_Peripherals\Drivers\Drivers\STM32F103C6TX_FLASH.ld" --specs=nosys.specs -Wl,-Map="Drivers.map" -Wl,--gc-sections -static --specs=nano.specs -mfloat-abi=soft -mthumb -Wl,--start-group -lc -lm -Wl,--end-group
Finished building target: Drivers.elf
 
arm-none-eabi-objdump -h -S  Drivers.elf  > "Drivers.list"
arm-none-eabi-objcopy  -O binary  Drivers.elf  "Drivers.bin"
arm-none-eabi-size   Drivers.elf 
   text	   data	    bss	    dec	    hex	filename
   3344	     40	   1568	   4952	   1358	Drivers.elf
Finished building: default.size.stdout
 
Finished building: Drivers.bin
Finished building: Drivers.list
 
 
13:39:16 **** Incremental Build of configuration Debug for project Drivers ****
make -j4 all 
arm-none-eabi-gcc -gdwarf-2 "../Src/main.c" -mcpu=cortex-m3 -std=gnu11 -g3 -DSTM32 -DSTM32F1 -DSTM32F103C6Tx -DDEBUG -c -I"E:/EmbeddedSystemKS/Unit_7_MCU_Essential_Peripherals/Drivers/Drivers/STM32F103C6_Drivers/Inc" -I../Inc -O0 -ffunction-sections -fdata-sections -Wall -fstack-usage -MMD -MP -MF"Src/main.d" -MT"Src/main.o" --specs=nano.specs -mfloat-abi=soft -mthumb -o "Src/main.o"
../Src/main.c: In function 'GPIO_init':
../Src/main.c:85:29: error: 'GPIO_SPEED_10M' undeclared (first use in this function); did you mean 'GPIO_PIN_10'?
  PinCfg.GPIO_Output_Speed = GPIO_SPEED_10M;
                             ^~~~~~~~~~~~~~
                             GPIO_PIN_10
../Src/main.c:85:29: note: each undeclared identifier is reported only once for each function it appears in
../Src/main.c: In function 'main':
../Src/main.c:108:2: warning: implicit declaration of function 'wait_ms'; did you mean 'wait'? [-Wimplicit-function-declaration]
  wait_ms(1000);
  ^~~~~~~
  wait
make: *** [Src/subdir.mk:24: Src/main.o] Error 1
"make -j4 all" terminated with exit code 2. Build might be incomplete.
13:39:35 **** Incremental Build of configuration Debug for project Drivers ****
make -j4 all 
arm-none-eabi-gcc -gdwarf-2 "../Src/main.c" -mcpu=cortex-m3 -std=gnu11 -g3 -DSTM32 -DSTM32F1 -DSTM32F103C6Tx -DDEBUG -c -I"E:/EmbeddedSystemKS/Unit_7_MCU_Essential_Peripherals/Drivers/Drivers/STM32F103C6_Drivers/Inc" -I../Inc -O0 -ffunction-sections -fdata-sections -Wall -fstack-usage -MMD -MP -MF"Src/main.d" -MT"Src/main.o" --specs=nano.specs -mfloat-abi=soft -mthumb -o "Src/main.o"
../Src/main.c: In function 'main':
../Src/main.c:108:2: warning: implicit declaration of function 'wait_ms'; did you mean 'wait'? [-Wimplicit-function-declaration]
  wait_ms(1000);
  ^~~~~~~
  wait
arm-none-eabi-gcc -gdwarf-2 -o "Drivers.elf" @"objects.list"   -mcpu=cortex-m3 -T"E:\EmbeddedSystemKS\Unit_7_MCU_Essential_Peripherals\Drivers\Drivers\STM32F103C6TX_FLASH.ld" --specs=nosys.specs -Wl,-Map="Drivers.map" -Wl,--gc-sections -static --specs=nano.specs -mfloat-abi=soft -mthumb -Wl,--start-group -lc -lm -Wl,--end-group
Finished building target: Drivers.elf
 
arm-none-eabi-objdump -h -S  Drivers.elf  > "Drivers.list"
arm-none-eabi-objcopy  -O binary  Drivers.elf  "Drivers.bin"
arm-none-eabi-size   Drivers.elf 
   text	   data	    bss	    dec	    hex	filename
   3428	     40	   1568	   5036	   13ac	Drivers.elf
Finished building: default.size.stdout
Finished building: Drivers.list
Finished building: Drivers.bin
 
 
 
13:41:58 **** Incremental Build of configuration Debug for project Drivers ****
make -j4 all 
arm-none-eabi-gcc -gdwarf-2 "../Src/main.c" -mcpu=cortex-m3 -std=gnu11 -g3 -DSTM32 -DSTM32F1 -DSTM32F103C6Tx -DDEBUG -c -I"E:/EmbeddedSystemKS/Unit_7_MCU_Essential_Peripherals/Drivers/Drivers/STM32F103C6_Drivers/Inc" -I../Inc -O0 -ffunction-sections -fdata-sections -Wall -fstack-usage -MMD -MP -MF"Src/main.d" -MT"Src/main.o" --specs=nano.specs -mfloat-abi=soft -mthumb -o "Src/main.o"
arm-none-eabi-gcc -gdwarf-2 -o "Drivers.elf" @"objects.list"   -mcpu=cortex-m3 -T"E:\EmbeddedSystemKS\Unit_7_MCU_Essential_Peripherals\Drivers\Drivers\STM32F103C6TX_FLASH.ld" --specs=nosys.specs -Wl,-Map="Drivers.map" -Wl,--gc-sections -static --specs=nano.specs -mfloat-abi=soft -mthumb -Wl,--start-group -lc -lm -Wl,--end-group
Src/main.o: In function `wait_ms':
E:/EmbeddedSystemKS/Unit_7_MCU_Essential_Peripherals/Drivers/Drivers/Debug/../Src/main.c:100: multiple definition of `wait_ms'
STM32F103C6_Drivers/LCD/LCD.o:E:/EmbeddedSystemKS/Unit_7_MCU_Essential_Peripherals/Drivers/Drivers/Debug/../STM32F103C6_Drivers/LCD/LCD.c:13: first defined here
collect2.exe: error: ld returned 1 exit status
make: *** [makefile:52: Drivers.elf] Error 1
"make -j4 all" terminated with exit code 2. Build might be incomplete.
13:42:20 **** Incremental Build of configuration Debug for project Drivers ****
make -j4 all 
arm-none-eabi-gcc -gdwarf-2 "../Src/main.c" -mcpu=cortex-m3 -std=gnu11 -g3 -DSTM32 -DSTM32F1 -DSTM32F103C6Tx -DDEBUG -c -I"E:/EmbeddedSystemKS/Unit_7_MCU_Essential_Peripherals/Drivers/Drivers/STM32F103C6_Drivers/Inc" -I../Inc -O0 -ffunction-sections -fdata-sections -Wall -fstack-usage -MMD -MP -MF"Src/main.d" -MT"Src/main.o" --specs=nano.specs -mfloat-abi=soft -mthumb -o "Src/main.o"
../Src/main.c: In function 'main':
../Src/main.c:105:2: warning: implicit declaration of function 'wait_ms'; did you mean 'wcstombs'? [-Wimplicit-function-declaration]
  wait_ms(30);
  ^~~~~~~
  wcstombs
arm-none-eabi-gcc -gdwarf-2 -o "Drivers.elf" @"objects.list"   -mcpu=cortex-m3 -T"E:\EmbeddedSystemKS\Unit_7_MCU_Essential_Peripherals\Drivers\Drivers\STM32F103C6TX_FLASH.ld" --specs=nosys.specs -Wl,-Map="Drivers.map" -Wl,--gc-sections -static --specs=nano.specs -mfloat-abi=soft -mthumb -Wl,--start-group -lc -lm -Wl,--end-group
Finished building target: Drivers.elf
 
arm-none-eabi-objdump -h -S  Drivers.elf  > "Drivers.list"
arm-none-eabi-objcopy  -O binary  Drivers.elf  "Drivers.bin"
arm-none-eabi-size   Drivers.elf 
   text	   data	    bss	    dec	    hex	filename
   3428	     40	   1568	   5036	   13ac	Drivers.elf
Finished building: default.size.stdout
 
Finished building: Drivers.list
Finished building: Drivers.bin
 
 
13:55:54 **** Incremental Build of configuration Debug for project Drivers ****
make -j4 all 
arm-none-eabi-gcc -gdwarf-2 "../Src/main.c" -mcpu=cortex-m3 -std=gnu11 -g3 -DSTM32 -DSTM32F1 -DSTM32F103C6Tx -DDEBUG -c -I"E:/EmbeddedSystemKS/Unit_7_MCU_Essential_Peripherals/Drivers/Drivers/STM32F103C6_Drivers/Inc" -I../Inc -O0 -ffunction-sections -fdata-sections -Wall -fstack-usage -MMD -MP -MF"Src/main.d" -MT"Src/main.o" --specs=nano.specs -mfloat-abi=soft -mthumb -o "Src/main.o"
arm-none-eabi-gcc -gdwarf-2 "../STM32F103C6_Drivers/LCD/LCD.c" -mcpu=cortex-m3 -std=gnu11 -g3 -DSTM32 -DSTM32F1 -DSTM32F103C6Tx -DDEBUG -c -I"E:/EmbeddedSystemKS/Unit_7_MCU_Essential_Peripherals/Drivers/Drivers/STM32F103C6_Drivers/Inc" -I../Inc -O0 -ffunction-sections -fdata-sections -Wall -fstack-usage -MMD -MP -MF"STM32F103C6_Drivers/LCD/LCD.d" -MT"STM32F103C6_Drivers/LCD/LCD.o" --specs=nano.specs -mfloat-abi=soft -mthumb -o "STM32F103C6_Drivers/LCD/LCD.o"
arm-none-eabi-gcc -gdwarf-2 "../STM32F103C6_Drivers/Keypad/Keypad.c" -mcpu=cortex-m3 -std=gnu11 -g3 -DSTM32 -DSTM32F1 -DSTM32F103C6Tx -DDEBUG -c -I"E:/EmbeddedSystemKS/Unit_7_MCU_Essential_Peripherals/Drivers/Drivers/STM32F103C6_Drivers/Inc" -I../Inc -O0 -ffunction-sections -fdata-sections -Wall -fstack-usage -MMD -MP -MF"STM32F103C6_Drivers/Keypad/Keypad.d" -MT"STM32F103C6_Drivers/Keypad/Keypad.o" --specs=nano.specs -mfloat-abi=soft -mthumb -o "STM32F103C6_Drivers/Keypad/Keypad.o"
../Src/main.c: In function 'main':
../Src/main.c:105:2: warning: implicit declaration of function 'wait_ms'; did you mean 'wcstombs'? [-Wimplicit-function-declaration]
  wait_ms(30);
  ^~~~~~~
  wcstombs
arm-none-eabi-gcc -gdwarf-2 -o "Drivers.elf" @"objects.list"   -mcpu=cortex-m3 -T"E:\EmbeddedSystemKS\Unit_7_MCU_Essential_Peripherals\Drivers\Drivers\STM32F103C6TX_FLASH.ld" --specs=nosys.specs -Wl,-Map="Drivers.map" -Wl,--gc-sections -static --specs=nano.specs -mfloat-abi=soft -mthumb -Wl,--start-group -lc -lm -Wl,--end-group
Finished building target: Drivers.elf
 
arm-none-eabi-objdump -h -S  Drivers.elf  > "Drivers.list"
arm-none-eabi-objcopy  -O binary  Drivers.elf  "Drivers.bin"
arm-none-eabi-size   Drivers.elf 
   text	   data	    bss	    dec	    hex	filename
   3404	     40	   1568	   5012	   1394	Drivers.elf
Finished building: default.size.stdout
 
Finished building: Drivers.bin
Finished building: Drivers.list
 
 
14:09:18 **** Incremental Build of configuration Debug for project Drivers ****
make -j4 all 
arm-none-eabi-gcc -gdwarf-2 "../STM32F103C6_Drivers/LCD/LCD.c" -mcpu=cortex-m3 -std=gnu11 -g3 -DSTM32 -DSTM32F1 -DSTM32F103C6Tx -DDEBUG -c -I"E:/EmbeddedSystemKS/Unit_7_MCU_Essential_Peripherals/Drivers/Drivers/STM32F103C6_Drivers/Inc" -I../Inc -O0 -ffunction-sections -fdata-sections -Wall -fstack-usage -MMD -MP -MF"STM32F103C6_Drivers/LCD/LCD.d" -MT"STM32F103C6_Drivers/LCD/LCD.o" --specs=nano.specs -mfloat-abi=soft -mthumb -o "STM32F103C6_Drivers/LCD/LCD.o"
arm-none-eabi-gcc -gdwarf-2 -o "Drivers.elf" @"objects.list"   -mcpu=cortex-m3 -T"E:\EmbeddedSystemKS\Unit_7_MCU_Essential_Peripherals\Drivers\Drivers\STM32F103C6TX_FLASH.ld" --specs=nosys.specs -Wl,-Map="Drivers.map" -Wl,--gc-sections -static --specs=nano.specs -mfloat-abi=soft -mthumb -Wl,--start-group -lc -lm -Wl,--end-group
Finished building target: Drivers.elf
 
arm-none-eabi-objdump -h -S  Drivers.elf  > "Drivers.list"
arm-none-eabi-objcopy  -O binary  Drivers.elf  "Drivers.bin"
arm-none-eabi-size   Drivers.elf 
   text	   data	    bss	    dec	    hex	filename
   3404	     40	   1568	   5012	   1394	Drivers.elf
Finished building: default.size.stdout
 
Finished building: Drivers.bin
Finished building: Drivers.list
 
 
14:18:23 **** Incremental Build of configuration Debug for project Drivers ****
make -j4 all 
arm-none-eabi-gcc -gdwarf-2 "../STM32F103C6_Drivers/LCD/LCD.c" -mcpu=cortex-m3 -std=gnu11 -g3 -DSTM32 -DSTM32F1 -DSTM32F103C6Tx -DDEBUG -c -I"E:/EmbeddedSystemKS/Unit_7_MCU_Essential_Peripherals/Drivers/Drivers/STM32F103C6_Drivers/Inc" -I../Inc -O0 -ffunction-sections -fdata-sections -Wall -fstack-usage -MMD -MP -MF"STM32F103C6_Drivers/LCD/LCD.d" -MT"STM32F103C6_Drivers/LCD/LCD.o" --specs=nano.specs -mfloat-abi=soft -mthumb -o "STM32F103C6_Drivers/LCD/LCD.o"
arm-none-eabi-gcc -gdwarf-2 -o "Drivers.elf" @"objects.list"   -mcpu=cortex-m3 -T"E:\EmbeddedSystemKS\Unit_7_MCU_Essential_Peripherals\Drivers\Drivers\STM32F103C6TX_FLASH.ld" --specs=nosys.specs -Wl,-Map="Drivers.map" -Wl,--gc-sections -static --specs=nano.specs -mfloat-abi=soft -mthumb -Wl,--start-group -lc -lm -Wl,--end-group
Finished building target: Drivers.elf
 
arm-none-eabi-objdump -h -S  Drivers.elf  > "Drivers.list"
arm-none-eabi-objcopy  -O binary  Drivers.elf  "Drivers.bin"
arm-none-eabi-size   Drivers.elf 
   text	   data	    bss	    dec	    hex	filename
   3632	     40	   1568	   5240	   1478	Drivers.elf
Finished building: default.size.stdout
Finished building: Drivers.bin
Finished building: Drivers.list
 
 
 
14:19:25 **** Incremental Build of configuration Debug for project Drivers ****
make -j4 all 
arm-none-eabi-gcc -gdwarf-2 "../STM32F103C6_Drivers/LCD/LCD.c" -mcpu=cortex-m3 -std=gnu11 -g3 -DSTM32 -DSTM32F1 -DSTM32F103C6Tx -DDEBUG -c -I"E:/EmbeddedSystemKS/Unit_7_MCU_Essential_Peripherals/Drivers/Drivers/STM32F103C6_Drivers/Inc" -I../Inc -O0 -ffunction-sections -fdata-sections -Wall -fstack-usage -MMD -MP -MF"STM32F103C6_Drivers/LCD/LCD.d" -MT"STM32F103C6_Drivers/LCD/LCD.o" --specs=nano.specs -mfloat-abi=soft -mthumb -o "STM32F103C6_Drivers/LCD/LCD.o"
arm-none-eabi-gcc -gdwarf-2 -o "Drivers.elf" @"objects.list"   -mcpu=cortex-m3 -T"E:\EmbeddedSystemKS\Unit_7_MCU_Essential_Peripherals\Drivers\Drivers\STM32F103C6TX_FLASH.ld" --specs=nosys.specs -Wl,-Map="Drivers.map" -Wl,--gc-sections -static --specs=nano.specs -mfloat-abi=soft -mthumb -Wl,--start-group -lc -lm -Wl,--end-group
Finished building target: Drivers.elf
 
arm-none-eabi-objdump -h -S  Drivers.elf  > "Drivers.list"
arm-none-eabi-objcopy  -O binary  Drivers.elf  "Drivers.bin"
arm-none-eabi-size   Drivers.elf 
   text	   data	    bss	    dec	    hex	filename
   3600	     40	   1568	   5208	   1458	Drivers.elf
Finished building: default.size.stdout
 
Finished building: Drivers.list
Finished building: Drivers.bin
 
 
14:21:44 **** Incremental Build of configuration Debug for project Drivers ****
make -j4 all 
arm-none-eabi-gcc -gdwarf-2 "../STM32F103C6_Drivers/LCD/LCD.c" -mcpu=cortex-m3 -std=gnu11 -g3 -DSTM32 -DSTM32F1 -DSTM32F103C6Tx -DDEBUG -c -I"E:/EmbeddedSystemKS/Unit_7_MCU_Essential_Peripherals/Drivers/Drivers/STM32F103C6_Drivers/Inc" -I../Inc -O0 -ffunction-sections -fdata-sections -Wall -fstack-usage -MMD -MP -MF"STM32F103C6_Drivers/LCD/LCD.d" -MT"STM32F103C6_Drivers/LCD/LCD.o" --specs=nano.specs -mfloat-abi=soft -mthumb -o "STM32F103C6_Drivers/LCD/LCD.o"
arm-none-eabi-gcc -gdwarf-2 -o "Drivers.elf" @"objects.list"   -mcpu=cortex-m3 -T"E:\EmbeddedSystemKS\Unit_7_MCU_Essential_Peripherals\Drivers\Drivers\STM32F103C6TX_FLASH.ld" --specs=nosys.specs -Wl,-Map="Drivers.map" -Wl,--gc-sections -static --specs=nano.specs -mfloat-abi=soft -mthumb -Wl,--start-group -lc -lm -Wl,--end-group
Finished building target: Drivers.elf
 
arm-none-eabi-objdump -h -S  Drivers.elf  > "Drivers.list"
arm-none-eabi-objcopy  -O binary  Drivers.elf  "Drivers.bin"
arm-none-eabi-size   Drivers.elf 
   text	   data	    bss	    dec	    hex	filename
   3600	     40	   1568	   5208	   1458	Drivers.elf
Finished building: default.size.stdout
Finished building: Drivers.bin
 
Finished building: Drivers.list
 
 
14:28:33 **** Incremental Build of configuration Debug for project Drivers ****
make -j4 all 
arm-none-eabi-gcc -gdwarf-2 "../Src/main.c" -mcpu=cortex-m3 -std=gnu11 -g3 -DSTM32 -DSTM32F1 -DSTM32F103C6Tx -DDEBUG -c -I"E:/EmbeddedSystemKS/Unit_7_MCU_Essential_Peripherals/Drivers/Drivers/STM32F103C6_Drivers/Inc" -I../Inc -O0 -ffunction-sections -fdata-sections -Wall -fstack-usage -MMD -MP -MF"Src/main.d" -MT"Src/main.o" --specs=nano.specs -mfloat-abi=soft -mthumb -o "Src/main.o"
../Src/main.c: In function 'main':
../Src/main.c:105:2: warning: implicit declaration of function 'wait_ms'; did you mean 'wcstombs'? [-Wimplicit-function-declaration]
  wait_ms(300);
  ^~~~~~~
  wcstombs
arm-none-eabi-gcc -gdwarf-2 -o "Drivers.elf" @"objects.list"   -mcpu=cortex-m3 -T"E:\EmbeddedSystemKS\Unit_7_MCU_Essential_Peripherals\Drivers\Drivers\STM32F103C6TX_FLASH.ld" --specs=nosys.specs -Wl,-Map="Drivers.map" -Wl,--gc-sections -static --specs=nano.specs -mfloat-abi=soft -mthumb -Wl,--start-group -lc -lm -Wl,--end-group
Finished building target: Drivers.elf
 
arm-none-eabi-objdump -h -S  Drivers.elf  > "Drivers.list"
arm-none-eabi-objcopy  -O binary  Drivers.elf  "Drivers.bin"
arm-none-eabi-size   Drivers.elf 
   text	   data	    bss	    dec	    hex	filename
   3604	     40	   1568	   5212	   145c	Drivers.elf
Finished building: default.size.stdout
Finished building: Drivers.bin
 
Finished building: Drivers.list
 
 
14:29:44 **** Incremental Build of configuration Debug for project Drivers ****
make -j4 all 
arm-none-eabi-gcc -gdwarf-2 "../Src/main.c" -mcpu=cortex-m3 -std=gnu11 -g3 -DSTM32 -DSTM32F1 -DSTM32F103C6Tx -DDEBUG -c -I"E:/EmbeddedSystemKS/Unit_7_MCU_Essential_Peripherals/Drivers/Drivers/STM32F103C6_Drivers/Inc" -I../Inc -O0 -ffunction-sections -fdata-sections -Wall -fstack-usage -MMD -MP -MF"Src/main.d" -MT"Src/main.o" --specs=nano.specs -mfloat-abi=soft -mthumb -o "Src/main.o"
../Src/main.c: In function 'main':
../Src/main.c:105:2: warning: implicit declaration of function 'wait_ms'; did you mean 'wcstombs'? [-Wimplicit-function-declaration]
  wait_ms(300);
  ^~~~~~~
  wcstombs
arm-none-eabi-gcc -gdwarf-2 -o "Drivers.elf" @"objects.list"   -mcpu=cortex-m3 -T"E:\EmbeddedSystemKS\Unit_7_MCU_Essential_Peripherals\Drivers\Drivers\STM32F103C6TX_FLASH.ld" --specs=nosys.specs -Wl,-Map="Drivers.map" -Wl,--gc-sections -static --specs=nano.specs -mfloat-abi=soft -mthumb -Wl,--start-group -lc -lm -Wl,--end-group
Finished building target: Drivers.elf
 
arm-none-eabi-objdump -h -S  Drivers.elf  > "Drivers.list"
arm-none-eabi-objcopy  -O binary  Drivers.elf  "Drivers.bin"
arm-none-eabi-size   Drivers.elf 
   text	   data	    bss	    dec	    hex	filename
   3604	     40	   1568	   5212	   145c	Drivers.elf
Finished building: default.size.stdout
 
Finished building: Drivers.bin
Finished building: Drivers.list
 
 
